Component: ARM Compiler 5.06 update 6 (build 750) Tool: armlink [4d35ed]

==============================================================================

Section Cross References

    main.o(i.Thread_Print) refers to noretval__2printf.o(.text) for __2printf
    main.o(i.Thread_Print) refers to rt_cmsis.o(i.osDelay) for osDelay
    main.o(i.Thread_Print) refers to rt_cmsis.o(i.osThreadTerminate) for osThreadTerminate
    main.o(i.Thread_Print) refers to main.o(.data) for thread1_ID
    main.o(i.main) refers to rt_cmsis.o(i.osKernelInitialize) for osKernelInitialize
    main.o(i.main) refers to stdout_usart.o(i.stdout_init) for stdout_init
    main.o(i.main) refers to rt_cmsis.o(i.osThreadCreate) for osThreadCreate
    main.o(i.main) refers to rt_cmsis.o(i.osKernelStart) for osKernelStart
    main.o(i.main) refers to rt_cmsis.o(i.osDelay) for osDelay
    main.o(i.main) refers to main.o(.constdata) for os_thread_def_Thread_Print
    main.o(i.main) refers to main.o(.data) for thread1_ID
    main.o(.constdata) refers to main.o(i.Thread_Print) for Thread_Print
    stdout_usart.o(i.stdout_init) refers to usart_stm32f10x.o(.constdata) for Driver_USART1
    stdout_usart.o(i.stdout_putchar) refers to usart_stm32f10x.o(.constdata) for Driver_USART1
    rtx_conf_cm.o(.emb_text) refers to rt_cmsis.o(i.osKernelInitialize) for osKernelInitialize
    rtx_conf_cm.o(.emb_text) refers to rt_cmsis.o(i.osThreadCreate) for osThreadCreate
    rtx_conf_cm.o(.emb_text) refers to rt_cmsis.o(i.osKernelStart) for osKernelStart
    rtx_conf_cm.o(.emb_text) refers to exit.o(.text) for exit
    rtx_conf_cm.o(.emb_text) refers to rtx_conf_cm.o(.constdata) for os_thread_def_main
    rtx_conf_cm.o(i.__user_perthread_libspace) refers to rt_task.o(i.rt_tsk_self) for rt_tsk_self
    rtx_conf_cm.o(i.__user_perthread_libspace) refers to rt_cmsis.o(.data) for os_running
    rtx_conf_cm.o(i.__user_perthread_libspace) refers to rtx_conf_cm.o(.bss) for .bss
    rtx_conf_cm.o(i.__user_perthread_libspace) refers to libspace.o(.bss) for __libspace_start
    rtx_conf_cm.o(i._mutex_acquire) refers to rt_cmsis.o(.data) for os_running
    rtx_conf_cm.o(i._mutex_acquire) refers to rt_mutex.o(i.rt_mut_wait) for rt_mut_wait
    rtx_conf_cm.o(i._mutex_initialize) refers to rt_mutex.o(i.rt_mut_init) for rt_mut_init
    rtx_conf_cm.o(i._mutex_initialize) refers to rtx_conf_cm.o(.data) for .data
    rtx_conf_cm.o(i._mutex_initialize) refers to rtx_conf_cm.o(.bss) for .bss
    rtx_conf_cm.o(i._mutex_release) refers to rt_cmsis.o(.data) for os_running
    rtx_conf_cm.o(i._mutex_release) refers to rt_mutex.o(i.rt_mut_release) for rt_mut_release
    rtx_conf_cm.o(.constdata) refers to rt_cmsis.o(i.osTimerThread) for osTimerThread
    rtx_conf_cm.o(.constdata) refers to rtx_conf_cm.o(.bss) for os_messageQ_q_osTimerMessageQ
    rtx_conf_cm.o(.constdata) refers to main.o(i.main) for main
    usart_stm32f10x.o(i.USART1_Control) refers to usart_stm32f10x.o(i.USART_Control) for USART_Control
    usart_stm32f10x.o(i.USART1_Control) refers to usart_stm32f10x.o(.constdata) for USART1_Resources
    usart_stm32f10x.o(i.USART1_GetCapabilities) refers to usart_stm32f10x.o(i.USART_GetCapabilities) for USART_GetCapabilities
    usart_stm32f10x.o(i.USART1_GetCapabilities) refers to usart_stm32f10x.o(.constdata) for USART1_Resources
    usart_stm32f10x.o(i.USART1_GetModemStatus) refers to usart_stm32f10x.o(i.USART_GetModemStatus) for USART_GetModemStatus
    usart_stm32f10x.o(i.USART1_GetModemStatus) refers to usart_stm32f10x.o(.constdata) for USART1_Resources
    usart_stm32f10x.o(i.USART1_GetRxCount) refers to usart_stm32f10x.o(i.USART_GetRxCount) for USART_GetRxCount
    usart_stm32f10x.o(i.USART1_GetRxCount) refers to usart_stm32f10x.o(.constdata) for USART1_Resources
    usart_stm32f10x.o(i.USART1_GetStatus) refers to usart_stm32f10x.o(i.USART_GetStatus) for USART_GetStatus
    usart_stm32f10x.o(i.USART1_GetStatus) refers to usart_stm32f10x.o(.constdata) for USART1_Resources
    usart_stm32f10x.o(i.USART1_GetTxCount) refers to usart_stm32f10x.o(i.USART_GetTxCount) for USART_GetTxCount
    usart_stm32f10x.o(i.USART1_GetTxCount) refers to usart_stm32f10x.o(.constdata) for USART1_Resources
    usart_stm32f10x.o(i.USART1_IRQHandler) refers to usart_stm32f10x.o(i.USART_IRQHandler) for USART_IRQHandler
    usart_stm32f10x.o(i.USART1_IRQHandler) refers to usart_stm32f10x.o(.constdata) for USART1_Resources
    usart_stm32f10x.o(i.USART1_Initialize) refers to usart_stm32f10x.o(i.USART_Initialize) for USART_Initialize
    usart_stm32f10x.o(i.USART1_Initialize) refers to usart_stm32f10x.o(.constdata) for USART1_Resources
    usart_stm32f10x.o(i.USART1_PowerControl) refers to usart_stm32f10x.o(i.USART_PowerControl) for USART_PowerControl
    usart_stm32f10x.o(i.USART1_PowerControl) refers to usart_stm32f10x.o(.constdata) for USART1_Resources
    usart_stm32f10x.o(i.USART1_Receive) refers to usart_stm32f10x.o(i.USART_Receive) for USART_Receive
[...]
    i._sys_seek                              0x08002ab4   Section        0  retarget_io.o(i._sys_seek)
    i._sys_write                             0x08002ae0   Section        0  retarget_io.o(i._sys_write)
    i.dbg_init                               0x08002b28   Section        0  hal_cm.o(i.dbg_init)
    i.dbg_task_notify                        0x08002b58   Section        0  hal_cm.o(i.dbg_task_notify)
    i.dbg_task_switch                        0x08002b78   Section        0  hal_cm.o(i.dbg_task_switch)
    i.fputc                                  0x08002b88   Section        0  fputc.o(i.fputc)
    i.isrMessageGet                          0x08002ba2   Section        0  rt_cmsis.o(i.isrMessageGet)
    i.isrMessagePut                          0x08002bcc   Section        0  rt_cmsis.o(i.isrMessagePut)
    i.isr_mbx_receive                        0x08002bf8   Section        0  rt_mailbox.o(i.isr_mbx_receive)
    i.isr_mbx_send                           0x08002c4e   Section        0  rt_mailbox.o(i.isr_mbx_send)
    i.main                                   0x08002c5c   Section        0  main.o(i.main)
    i.osDelay                                0x08002ca4   Section        0  rt_cmsis.o(i.osDelay)
    i.osKernelInitialize                     0x08002cbc   Section        0  rt_cmsis.o(i.osKernelInitialize)
    i.osKernelStart                          0x08002ce0   Section        0  rt_cmsis.o(i.osKernelStart)
    i.osMessageGet                           0x08002d4c   Section        0  rt_cmsis.o(i.osMessageGet)
    i.osThreadCreate                         0x08002d64   Section        0  rt_cmsis.o(i.osThreadCreate)
    i.osThreadExit                           0x08002d90   Section        0  rt_cmsis.o(i.osThreadExit)
    i.osThreadTerminate                      0x08002da8   Section        0  rt_cmsis.o(i.osThreadTerminate)
    i.osTimerCall                            0x08002dc0   Section        0  rt_cmsis.o(i.osTimerCall)
    i.osTimerThread                          0x08002dcc   Section        0  rt_cmsis.o(i.osTimerThread)
    i.os_error                               0x08002df8   Section        0  rtx_conf_cm.o(i.os_error)
    i.os_idle_demon                          0x08002e1a   Section        0  rtx_conf_cm.o(i.os_idle_demon)
    i.os_tick_init                           0x08002e20   Section        0  rt_system.o(i.os_tick_init)
    i.os_tick_irqack                         0x08002e48   Section        0  rt_system.o(i.os_tick_irqack)
    i.rt_alloc_box                           0x08002e4a   Section        0  rt_membox.o(i.rt_alloc_box)
    i.rt_alloc_mem                           0x08002e64   Section        0  rt_memory.o(i.rt_alloc_mem)
    i.rt_block                               0x08002ea4   Section        0  rt_task.o(i.rt_block)
    i.rt_chk_robin                           0x08002edc   Section        0  rt_robin.o(i.rt_chk_robin)
    i.rt_dec_dly                             0x08002f24   Section        0  rt_list.o(i.rt_dec_dly)
    i.rt_dispatch                            0x08002f94   Section        0  rt_task.o(i.rt_dispatch)
    i.rt_dly_wait                            0x08002fd8   Section        0  rt_time.o(i.rt_dly_wait)
    i.rt_evt_psh                             0x08002fe0   Section        0  rt_event.o(i.rt_evt_psh)
    i.rt_free_box                            0x08003030   Section        0  rt_membox.o(i.rt_free_box)
    i.rt_free_mem                            0x0800305c   Section        0  rt_memory.o(i.rt_free_mem)
    i.rt_get_first                           0x08003084   Section        0  rt_list.o(i.rt_get_first)
    i.rt_id2obj                              0x080030ac   Section        0  rt_cmsis.o(i.rt_id2obj)
    rt_id2obj                                0x080030ad   Thumb Code     8  rt_cmsis.o(i.rt_id2obj)
    i.rt_init_context                        0x080030b4   Section        0  rt_task.o(i.rt_init_context)
    rt_init_context                          0x080030b5   Thumb Code    66  rt_task.o(i.rt_init_context)
    i.rt_init_mem                            0x080030fc   Section        0  rt_memory.o(i.rt_init_mem)
    i.rt_init_robin                          0x08003118   Section        0  rt_robin.o(i.rt_init_robin)
    i.rt_init_stack                          0x08003130   Section        0  hal_cm.o(i.rt_init_stack)
    i.rt_mbx_check                           0x080031b0   Section        0  rt_mailbox.o(i.rt_mbx_check)
    i.rt_mbx_init                            0x080031b8   Section        0  rt_mailbox.o(i.rt_mbx_init)
    i.rt_mbx_psh                             0x080031d4   Section        0  rt_mailbox.o(i.rt_mbx_psh)
    i.rt_mbx_wait                            0x080032c4   Section        0  rt_mailbox.o(i.rt_mbx_wait)
    i.rt_ms2tick                             0x08003378   Section        0  rt_cmsis.o(i.rt_ms2tick)
    rt_ms2tick                               0x08003379   Thumb Code    58  rt_cmsis.o(i.rt_ms2tick)
    i.rt_mut_init                            0x080033bc   Section        0  rt_mutex.o(i.rt_mut_init)
    i.rt_mut_release                         0x080033cc   Section        0  rt_mutex.o(i.rt_mut_release)
    i.rt_mut_wait                            0x080034a4   Section        0  rt_mutex.o(i.rt_mut_wait)
    i.rt_pop_req                             0x0800351c   Section        0  rt_system.o(i.rt_pop_req)
    i.rt_psh_req                             0x08003598   Section        0  rt_system.o(i.rt_psh_req)
    i.rt_psq_enq                             0x080035b8   Section        0  rt_list.o(i.rt_psq_enq)
    i.rt_put_dly                             0x08003614   Section        0  rt_list.o(i.rt_put_dly)
    i.rt_put_prio                            0x0800365c   Section        0  rt_list.o(i.rt_put_prio)
    i.rt_put_rdy_first                       0x08003694   Section        0  rt_list.o(i.rt_put_rdy_first)
    i.rt_resort_prio                         0x080036a8   Section        0  rt_list.o(i.rt_resort_prio)
    i.rt_ret_val                             0x080036dc   Section        0  hal_cm.o(i.rt_ret_val)
    i.rt_ret_val2                            0x080036e2   Section        0  hal_cm.o(i.rt_ret_val2)
    i.rt_rmv_dly                             0x080036ea   Section        0  rt_list.o(i.rt_rmv_dly)
    i.rt_rmv_list                            0x08003714   Section        0  rt_list.o(i.rt_rmv_list)
    i.rt_sem_psh                             0x08003744   Section        0  rt_semaphore.o(i.rt_sem_psh)
    i.rt_stk_check                           0x08003778   Section        0  rt_system.o(i.rt_stk_check)
    i.rt_switch_req                          0x0800379c   Section        0  rt_task.o(i.rt_switch_req)
    i.rt_sys_init                            0x080037c4   Section        0  rt_task.o(i.rt_sys_init)
    i.rt_sys_start                           0x08003890   Section        0  rt_task.o(i.rt_sys_start)
    i.rt_systick                             0x08003908   Section        0  rt_system.o(i.rt_systick)
    i.rt_tid2ptcb                            0x08003948   Section        0  rt_cmsis.o(i.rt_tid2ptcb)
    rt_tid2ptcb                              0x08003949   Thumb Code    18  rt_cmsis.o(i.rt_tid2ptcb)
    i.rt_timer_insert                        0x0800395c   Section        0  rt_cmsis.o(i.rt_timer_insert)
    rt_timer_insert                          0x0800395d   Thumb Code    48  rt_cmsis.o(i.rt_timer_insert)
    i.rt_tsk_create                          0x08003990   Section        0  rt_task.o(i.rt_tsk_create)
    i.rt_tsk_delete                          0x08003a18   Section        0  rt_task.o(i.rt_tsk_delete)
    i.rt_tsk_prio                            0x08003b94   Section        0  rt_task.o(i.rt_tsk_prio)
    i.rt_tsk_self                            0x08003c10   Section        0  rt_task.o(i.rt_tsk_self)
    i.stdout_init                            0x08003c20   Section        0  stdout_usart.o(i.stdout_init)
    i.stdout_putchar                         0x08003c78   Section        0  stdout_usart.o(i.stdout_putchar)
    i.svcDelay                               0x08003ca8   Section        0  rt_cmsis.o(i.svcDelay)
    i.svcKernelInitialize                    0x08003cbc   Section        0  rt_cmsis.o(i.svcKernelInitialize)
    i.svcKernelStart                         0x08003d2c   Section        0  rt_cmsis.o(i.svcKernelStart)
    i.svcMessageCreate                       0x08003d74   Section        0  rt_cmsis.o(i.svcMessageCreate)
    i.svcMessageGet                          0x08003d98   Section        0  rt_cmsis.o(i.svcMessageGet)
    i.svcThreadCreate                        0x08003dd4   Section        0  rt_cmsis.o(i.svcThreadCreate)
    i.svcThreadGetId                         0x08003e40   Section        0  rt_cmsis.o(i.svcThreadGetId)
    i.svcThreadTerminate                     0x08003e5c   Section        0  rt_cmsis.o(i.svcThreadTerminate)
    i.svcTimerCall                           0x08003e94   Section        0  rt_cmsis.o(i.svcTimerCall)
    i.sysTimerTick                           0x08003eac   Section        0  rt_cmsis.o(i.sysTimerTick)
    .constdata                               0x08003f08   Section       16  main.o(.constdata)
    .constdata                               0x08003f18   Section      104  rtx_conf_cm.o(.constdata)
    __tagsym$$used                           0x08003f34   Number         0  rtx_conf_cm.o(.constdata)
    __tagsym$$used                           0x08003f38   Number         0  rtx_conf_cm.o(.constdata)
    __tagsym$$used                           0x08003f3c   Number         0  rtx_conf_cm.o(.constdata)
    __tagsym$$used                           0x08003f40   Number         0  rtx_conf_cm.o(.constdata)
    .constdata                               0x08003f80   Section      132  usart_stm32f10x.o(.constdata)
    usart_driver_version                     0x08003f80   Data           4  usart_stm32f10x.o(.constdata)
    USART1_tx                                0x08003f84   Data           8  usart_stm32f10x.o(.constdata)
    USART1_rx                                0x08003f8c   Data           8  usart_stm32f10x.o(.constdata)
    USART1_Resources                         0x08003f94   Data          56  usart_stm32f10x.o(.constdata)
    .constdata                               0x08004004   Section       23  retarget_io.o(.constdata)
    .data                                    0x20000000   Section        8  main.o(.data)
    .data                                    0x20000008   Section       20  rtx_conf_cm.o(.data)
    nr_mutex                                 0x20000018   Data           4  rtx_conf_cm.o(.data)
    .data                                    0x2000001c   Section        8  rt_cmsis.o(.data)
    .data                                    0x20000024   Section        8  rt_task.o(.data)
    .data                                    0x2000002c   Section        8  rt_system.o(.data)
    os_lock                                  0x2000002c   Data           1  rt_system.o(.data)
    os_psh_flag                              0x2000002d   Data           1  rt_system.o(.data)
    pend_flags                               0x2000002e   Data           1  rt_system.o(.data)
    .data                                    0x20000034   Section        4  rt_time.o(.data)
    .data                                    0x20000038   Section        8  rt_robin.o(.data)
    .data                                    0x20000040   Section        1  hal_cm.o(.data)
    .data                                    0x20000044   Section        4  stdio_streams.o(.data)
    .data                                    0x20000048   Section        4  stdio_streams.o(.data)
    .data                                    0x2000004c   Section        4  stdio_streams.o(.data)
    .data                                    0x20000050   Section        4  streamlock.o(.data)
    .bss                                     0x20000058   Section     4792  rtx_conf_cm.o(.bss)
    std_libspace                             0x20000ff0   Data         672  rtx_conf_cm.o(.bss)
    std_libmutex                             0x20001290   Data         128  rtx_conf_cm.o(.bss)
    .bss                                     0x20001310   Section       56  usart_stm32f10x.o(.bss)
    USART1_Info                              0x20001310   Data          20  usart_stm32f10x.o(.bss)
    USART1_TransferInfo                      0x20001324   Data          36  usart_stm32f10x.o(.bss)
    .bss                                     0x20001348   Section       52  rt_task.o(.bss)
    .bss                                     0x2000137c   Section       48  rt_list.o(.bss)
    .bss                                     0x200013ac   Section       96  libspace.o(.bss)
    .bss                                     0x2000140c   Section       84  stdio_streams.o(.bss)
    .bss                                     0x20001460   Section       84  stdio_streams.o(.bss)
    .bss                                     0x200014b4   Section       84  stdio_streams.o(.bss)
    HEAP                                     0x20001508   Section      512  startup_stm32f10x_xl.o(HEAP)
    Heap_Mem                                 0x20001508   Data         512  startup_stm32f10x_xl.o(HEAP)
    STACK                                    0x20001708   Section     1024  startup_stm32f10x_xl.o(STACK)
    Stack_Mem                                0x20001708   Data        1024  startup_stm32f10x_xl.o(STACK)
    __initial_sp                             0x20001b08   Data           0  startup_stm32f10x_xl.o(STACK)

    Global Symbols

    Symbol Name                              Value     Ov Type        Size  Object(Section)

    BuildAttributes$$THM_ISAv4$P$D$K$B$S$PE$A:L22UL41UL21$X:L11$S22US41US21$IEEE1$IW$USESV6$~STKCKD$USESV7$~SHL$OTIME$ROPI$EBA8$UX$STANDARDLIB$REQ8$PRES8$EABIv2 0x00000000   Number         0  anon$$obj.o ABSOLUTE
    __ARM_use_no_argv                        0x00000000   Number         0  main.o ABSOLUTE
    __ARM_exceptions_init                     - Undefined Weak Reference
    __alloca_initialize                       - Undefined Weak Reference
    __arm_preinit_                            - Undefined Weak Reference
    __cpp_initialize__aeabi_                  - Undefined Weak Reference
    __cxa_finalize                            - Undefined Weak Reference
    __rt_locale                               - Undefined Weak Reference
    __sigvec_lookup                           - Undefined Weak Reference
    __user_heap_extent                        - Undefined Weak Reference
    _atexit_init                              - Undefined Weak Reference
    _call_atexit_fns                          - Undefined Weak Reference
    _clock_init                               - Undefined Weak Reference
    _fp_trap_init                             - Undefined Weak Reference
    _fp_trap_shutdown                         - Undefined Weak Reference
    _get_lc_collate                           - Undefined Weak Reference
    _get_lc_ctype                             - Undefined Weak Reference
    _get_lc_monetary                          - Undefined Weak Reference
    _get_lc_numeric                           - Undefined Weak Reference
    _get_lc_time                              - Undefined Weak Reference
    _getenv_init                              - Undefined Weak Reference
    _handle_redirection                       - Undefined Weak Reference
    _mutex_free                               - Undefined Weak Reference
    _rand_init                                - Undefined Weak Reference
    _signal_finish                            - Undefined Weak Reference
    _signal_init                              - Undefined Weak Reference
    __Vectors_Size                           0x00000130   Number         0  startup_stm32f10x_xl.o ABSOLUTE
    __RL_RTX_VER                             0x00000482   Number         0  rt_system.o ABSOLUTE
    __Vectors                                0x08000000   Data           4  startup_stm32f10x_xl.o(RESET)
    __Vectors_End                            0x08000130   Data           0  startup_stm32f10x_xl.o(RESET)
    __main                                   0x08000131   Thumb Code     8  __main.o(!!!main)
    __scatterload                            0x08000139   Thumb Code     0  __scatter.o(!!!scatter)
    __scatterload_rt2                        0x08000139   Thumb Code    44  __scatter.o(!!!scatter)
    __scatterload_rt2_thumb_only             0x08000139   Thumb Code     0  __scatter.o(!!!scatter)
    __scatterload_null                       0x08000147   Thumb Code     0  __scatter.o(!!!scatter)
    __scatterload_copy                       0x0800016d   Thumb Code    26  __scatter_copy.o(!!handler_copy)
    __scatterload_zeroinit                   0x08000189   Thumb Code    28  __scatter_zi.o(!!handler_zi)
    __rt_lib_init                            0x080001a5   Thumb Code     0  libinit.o(.ARM.Collect$$libinit$$00000000)
    __rt_lib_init_fp_1                       0x080001a7   Thumb Code     0  libinit2.o(.ARM.Collect$$libinit$$00000002)
    __rt_lib_init_heap_2                     0x080001a7   Thumb Code     0  libinit2.o(.ARM.Collect$$libinit$$00000005)
    __rt_lib_init_preinit_1                  0x080001a7   Thumb Code     0  libinit2.o(.ARM.Collect$$libinit$$00000004)
    __rt_lib_init_atexit_1                   0x080001af   Thumb Code     0  libinit2.o(.ARM.Collect$$libinit$$0000001B)
    __rt_lib_init_clock_1                    0x080001af   Thumb Code     0  libinit2.o(.ARM.Collect$$libinit$$00000021)
    __rt_lib_init_fp_trap_1                  0x080001af   Thumb Code     0  libinit2.o(.ARM.Collect$$libinit$$0000001F)
    __rt_lib_init_getenv_1                   0x080001af   Thumb Code     0  libinit2.o(.ARM.Collect$$libinit$$00000023)
    __rt_lib_init_heap_1                     0x080001af   Thumb Code     0  libinit2.o(.ARM.Collect$$libinit$$0000000A)
    __rt_lib_init_lc_collate_1               0x080001af   Thumb Code     0  libinit2.o(.ARM.Collect$$libinit$$00000011)
    __rt_lib_init_lc_ctype_1                 0x080001af   Thumb Code     0  libinit2.o(.ARM.Collect$$libinit$$00000013)
    __rt_lib_init_lc_monetary_1              0x080001af   Thumb Code     0  libinit2.o(.ARM.Collect$$libinit$$00000015)
    __rt_lib_init_lc_numeric_1               0x080001af   Thumb Code     0  libinit2.o(.ARM.Collect$$libinit$$00000017)
    __rt_lib_init_lc_time_1                  0x080001af   Thumb Code     0  libinit2.o(.ARM.Collect$$libinit$$00000019)
    __rt_lib_init_rand_1                     0x080001af   Thumb Code     0  libinit2.o(.ARM.Collect$$libinit$$0000000E)
    __rt_lib_init_signal_1                   0x080001af   Thumb Code     0  libinit2.o(.ARM.Collect$$libinit$$0000001D)
    __rt_lib_init_stdio_2                    0x080001af   Thumb Code     0  libinit2.o(.ARM.Collect$$libinit$$00000024)
    __rt_lib_init_user_alloc_1               0x080001af   Thumb Code     0  libinit2.o(.ARM.Collect$$libinit$$0000000C)
    __rt_lib_init_alloca_1                   0x080001b3   Thumb Code     0  libinit2.o(.ARM.Collect$$libinit$$0000002E)
    __rt_lib_init_argv_1                     0x080001b3   Thumb Code     0  libinit2.o(.ARM.Collect$$libinit$$0000002C)
    __rt_lib_init_cpp_1                      0x080001b3   Thumb Code     0  libinit2.o(.ARM.Collect$$libinit$$00000032)
    __rt_lib_init_exceptions_1               0x080001b3   Thumb Code     0  libinit2.o(.ARM.Collect$$libinit$$00000030)
    __rt_lib_init_return                     0x080001b3   Thumb Code     0  libinit2.o(.ARM.Collect$$libinit$$00000033)
    __rt_lib_init_stdio_1                    0x080001b3   Thumb Code     0  libinit2.o(.ARM.Collect$$libinit$$00000025)
    __rt_lib_shutdown                        0x080001b5   Thumb Code     0  libshutdown.o(.ARM.Collect$$libshutdown$$00000000)
    __rt_lib_shutdown_cpp_1                  0x080001b7   Thumb Code     0  libshutdown2.o(.ARM.Collect$$libshutdown$$00000002)
    __rt_lib_shutdown_stdio_2                0x080001b7   Thumb Code     0  libshutdown2.o(.ARM.Collect$$libshutdown$$00000003)
    __rt_lib_shutdown_fp_trap_1              0x080001bb   Thumb Code     0  libshutdown2.o(.ARM.Collect$$libshutdown$$00000007)
    __rt_lib_shutdown_heap_1                 0x080001bb   Thumb Code     0  libshutdown2.o(.ARM.Collect$$libshutdown$$0000000F)
    __rt_lib_shutdown_return                 0x080001bb   Thumb Code     0  libshutdown2.o(.ARM.Collect$$libshutdown$$00000010)
    __rt_lib_shutdown_signal_1               0x080001bb   Thumb Code     0  libshutdown2.o(.ARM.Collect$$libshutdown$$0000000A)
    __rt_lib_shutdown_stdio_1                0x080001bb   Thumb Code     0  libshutdown2.o(.ARM.Collect$$libshutdown$$00000004)
    __rt_lib_shutdown_user_alloc_1           0x080001bb   Thumb Code     0  libshutdown2.o(.ARM.Collect$$libshutdown$$0000000C)
    __rt_entry                               0x080001bd   Thumb Code     0  __rtentry.o(.ARM.Collect$$rtentry$$00000000)
    __rt_entry_presh_1                       0x080001bd   Thumb Code     0  __rtentry2.o(.ARM.Collect$$rtentry$$00000002)
    __rt_entry_sh                            0x080001bd   Thumb Code     0  __rtentry4.o(.ARM.Collect$$rtentry$$00000004)
    __rt_entry_li                            0x080001c3   Thumb Code     0  __rtentry2.o(.ARM.Collect$$rtentry$$0000000A)
    __rt_entry_postsh_1                      0x080001c3   Thumb Code     0  __rtentry2.o(.ARM.Collect$$rtentry$$00000009)
    __rt_entry_postli_1                      0x080001c7   Thumb Code     0  __rtentry2.o(.ARM.Collect$$rtentry$$0000000B)
    __rt_entry_main                          0x080001cf   Thumb Code     0  __rtentry2.o(.ARM.Collect$$rtentry$$0000000D)
    __rt_exit                                0x080001d7   Thumb Code     0  rtexit.o(.ARM.Collect$$rtexit$$00000000)
    __rt_exit_ls                             0x080001d9   Thumb Code     0  rtexit2.o(.ARM.Collect$$rtexit$$00000003)
    __rt_exit_prels_1                        0x080001d9   Thumb Code     0  rtexit2.o(.ARM.Collect$$rtexit$$00000002)
    __rt_exit_exit                           0x080001dd   Thumb Code     0  rtexit2.o(.ARM.Collect$$rtexit$$00000004)
    _platform_post_lib_init                  0x080001e5   Thumb Code    24  rtx_conf_cm.o(.emb_text)
    rt_set_PSP                               0x08000201   Thumb Code     6  hal_cm3.o(.emb_text)
    rt_get_PSP                               0x08000207   Thumb Code     6  hal_cm3.o(.emb_text)
    os_set_env                               0x0800020d   Thumb Code    24  hal_cm3.o(.emb_text)
    _alloc_box                               0x08000229   Thumb Code    28  hal_cm3.o(.emb_text)
    _free_box                                0x08000249   Thumb Code    28  hal_cm3.o(.emb_text)
    SVC_Handler                              0x08000269   Thumb Code   108  hal_cm3.o(.emb_text)
    PendSV_Handler                           0x080002e1   Thumb Code    56  hal_cm3.o(.emb_text)
    SysTick_Handler                          0x0800031d   Thumb Code     8  hal_cm3.o(.emb_text)
    OS_Tick_Handler                          0x08000325   Thumb Code    12  hal_cm3.o(.emb_text)
    Reset_Handler                            0x08000331   Thumb Code     8  startup_stm32f10x_xl.o(.text)
    _maybe_terminate_alloc                   0x08000331   Thumb Code     0  maybetermalloc1.o(.emb_text)
    NMI_Handler                              0x08000339   Thumb Code     2  startup_stm32f10x_xl.o(.text)
    HardFault_Handler                        0x0800033b   Thumb Code     2  startup_stm32f10x_xl.o(.text)
    MemManage_Handler                        0x0800033d   Thumb Code     2  startup_stm32f10x_xl.o(.text)
    BusFault_Handler                         0x0800033f   Thumb Code     2  startup_stm32f10x_xl.o(.text)
    UsageFault_Handler                       0x08000341   Thumb Code     2  startup_stm32f10x_xl.o(.text)
    DebugMon_Handler                         0x08000345   Thumb Code     2  startup_stm32f10x_xl.o(.text)
    ADC1_2_IRQHandler                        0x0800034b   Thumb Code     0  startup_stm32f10x_xl.o(.text)
    ADC3_IRQHandler                          0x0800034b   Thumb Code     0  startup_stm32f10x_xl.o(.text)
    CAN1_RX1_IRQHandler                      0x0800034b   Thumb Code     0  startup_stm32f10x_xl.o(.text)
    CAN1_SCE_IRQHandler                      0x0800034b   Thumb Code     0  startup_stm32f10x_xl.o(.text)
    EXTI0_IRQHandler                         0x0800034b   Thumb Code     0  startup_stm32f10x_xl.o(.text)
    EXTI15_10_IRQHandler                     0x0800034b   Thumb Code     0  startup_stm32f10x_xl.o(.text)
    EXTI1_IRQHandler                         0x0800034b   Thumb Code     0  startup_stm32f10x_xl.o(.text)
    EXTI2_IRQHandler                         0x0800034b   Thumb Code     0  startup_stm32f10x_xl.o(.text)
    EXTI3_IRQHandler                         0x0800034b   Thumb Code     0  startup_stm32f10x_xl.o(.text)
    EXTI4_IRQHandler                         0x0800034b   Thumb Code     0  startup_stm32f10x_xl.o(.text)
    EXTI9_5_IRQHandler                       0x0800034b   Thumb Code     0  startup_stm32f10x_xl.o(.text)
    FLASH_IRQHandler                         0x0800034b   Thumb Code     0  startup_stm32f10x_xl.o(.text)
    FSMC_IRQHandler                          0x0800034b   Thumb Code     0  startup_stm32f10x_xl.o(.text)
    I2C1_ER_IRQHandler                       0x0800034b   Thumb Code     0  startup_stm32f10x_xl.o(.text)
    I2C1_EV_IRQHandler                       0x0800034b   Thumb Code     0  startup_stm32f10x_xl.o(.text)
    I2C2_ER_IRQHandler                       0x0800034b   Thumb Code     0  startup_stm32f10x_xl.o(.text)
    I2C2_EV_IRQHandler                       0x0800034b   Thumb Code     0  startup_stm32f10x_xl.o(.text)
    PVD_IRQHandler                           0x0800034b   Thumb Code     0  startup_stm32f10x_xl.o(.text)
    RCC_IRQHandler                           0x0800034b   Thumb Code     0  startup_stm32f10x_xl.o(.text)
    RTCAlarm_IRQHandler                      0x0800034b   Thumb Code     0  startup_stm32f10x_xl.o(.text)
    RTC_IRQHandler                           0x0800034b   Thumb Code     0  startup_stm32f10x_xl.o(.text)
    SDIO_IRQHandler                          0x0800034b   Thumb Code     0  startup_stm32f10x_xl.o(.text)
    SPI1_IRQHandler                          0x0800034b   Thumb Code     0  startup_stm32f10x_xl.o(.text)
    SPI2_IRQHandler                          0x0800034b   Thumb Code     0  startup_stm32f10x_xl.o(.text)
    SPI3_IRQHandler                          0x0800034b   Thumb Code     0  startup_stm32f10x_xl.o(.text)
    TAMPER_IRQHandler                        0x0800034b   Thumb Code     0  startup_stm32f10x_xl.o(.text)
    TIM1_BRK_TIM9_IRQHandler                 0x0800034b   Thumb Code     0  startup_stm32f10x_xl.o(.text)
    TIM1_CC_IRQHandler                       0x0800034b   Thumb Code     0  startup_stm32f10x_xl.o(.text)
    TIM1_TRG_COM_TIM11_IRQHandler            0x0800034b   Thumb Code     0  startup_stm32f10x_xl.o(.text)
    TIM1_UP_TIM10_IRQHandler                 0x0800034b   Thumb Code     0  startup_stm32f10x_xl.o(.text)
    TIM2_IRQHandler                          0x0800034b   Thumb Code     0  startup_stm32f10x_xl.o(.text)
    TIM3_IRQHandler                          0x0800034b   Thumb Code     0  startup_stm32f10x_xl.o(.text)
    TIM4_IRQHandler                          0x0800034b   Thumb Code     0  startup_stm32f10x_xl.o(.text)
    TIM5_IRQHandler                          0x0800034b   Thumb Code     0  startup_stm32f10x_xl.o(.text)
    TIM6_IRQHandler                          0x0800034b   Thumb Code     0  startup_stm32f10x_xl.o(.text)
    TIM7_IRQHandler                          0x0800034b   Thumb Code     0  startup_stm32f10x_xl.o(.text)
    TIM8_BRK_TIM12_IRQHandler                0x0800034b   Thumb Code     0  startup_stm32f10x_xl.o(.text)
    TIM8_CC_IRQHandler                       0x0800034b   Thumb Code     0  startup_stm32f10x_xl.o(.text)
    TIM8_TRG_COM_TIM14_IRQHandler            0x0800034b   Thumb Code     0  startup_stm32f10x_xl.o(.text)
    TIM8_UP_TIM13_IRQHandler                 0x0800034b   Thumb Code     0  startup_stm32f10x_xl.o(.text)
    UART4_IRQHandler                         0x0800034b   Thumb Code     0  startup_stm32f10x_xl.o(.text)
    UART5_IRQHandler                         0x0800034b   Thumb Code     0  startup_stm32f10x_xl.o(.text)
    USART2_IRQHandler                        0x0800034b   Thumb Code     0  startup_stm32f10x_xl.o(.text)
    USART3_IRQHandler                        0x0800034b   Thumb Code     0  startup_stm32f10x_xl.o(.text)
    USBWakeUp_IRQHandler                     0x0800034b   Thumb Code     0  startup_stm32f10x_xl.o(.text)
    USB_HP_CAN1_TX_IRQHandler                0x0800034b   Thumb Code     0  startup_stm32f10x_xl.o(.text)
    USB_LP_CAN1_RX0_IRQHandler               0x0800034b   Thumb Code     0  startup_stm32f10x_xl.o(.text)
    WWDG_IRQHandler                          0x0800034b   Thumb Code     0  startup_stm32f10x_xl.o(.text)
    __user_initial_stackheap                 0x0800034d   Thumb Code     0  startup_stm32f10x_xl.o(.text)
    __user_libspace                          0x08000371   Thumb Code     8  libspace.o(.text)
    __user_perproc_libspace                  0x08000371   Thumb Code     0  libspace.o(.text)
    __2printf                                0x08000379   Thumb Code    20  noretval__2printf.o(.text)
    exit                                     0x08000391   Thumb Code    18  exit.o(.text)
    __aeabi_memclr4                          0x080003a3   Thumb Code     0  rt_memclr_w.o(.text)
    __aeabi_memclr8                          0x080003a3   Thumb Code     0  rt_memclr_w.o(.text)
    __rt_memclr_w                            0x080003a3   Thumb Code    78  rt_memclr_w.o(.text)
    _memset_w                                0x080003a7   Thumb Code     0  rt_memclr_w.o(.text)
    strcmp                                   0x080003f1   Thumb Code   128  strcmpv7m.o(.text)
    __use_two_region_memory                  0x08000471   Thumb Code     2  heapauxi.o(.text)
    __rt_heap_escrow                         0x08000473   Thumb Code     2  heapauxi.o(.text)
    __rt_heap_expand                         0x08000475   Thumb Code     2  heapauxi.o(.text)
    _printf_char_common                      0x08000483   Thumb Code    32  _printf_char_common.o(.text)
    _initio                                  0x080004a9   Thumb Code   240  initio_locked.o(.text)
    _terminateio                             0x08000599   Thumb Code   168  initio_locked.o(.text)
    _sys_exit                                0x08000671   Thumb Code     8  sys_exit.o(.text)
    __user_setup_stackheap                   0x0800067d   Thumb Code    74  sys_stackheap_outer.o(.text)
    _free_internal                           0x080006c7   Thumb Code    98  h1_free_mt.o(.text)
    free                                     0x08000729   Thumb Code    20  h1_free_mt.o(.text)
    __printf                                 0x0800073d   Thumb Code    40  __printf_nopercent.o(.text)
    __flsbuf                                 0x08000765   Thumb Code   470  flsbuf.o(.text)
    __flsbuf_byte                            0x08000765   Thumb Code     0  flsbuf.o(.text)
    __flsbuf_wide                            0x08000765   Thumb Code     0  flsbuf.o(.text)
    _fclose_internal                         0x0800093b   Thumb Code    76  fclose.o(.text)
    fclose                                   0x0800093b   Thumb Code     0  fclose.o(.text)
    setvbuf                                  0x08000987   Thumb Code   104  setvbuf_locked.o(.text)
    freopen                                  0x08000a9f   Thumb Code    42  fopen_locked.o(.text)
    _fopen$locked                            0x08000ac9   Thumb Code   100  fopen_locked.o(.text)
    __rt_SIGRTRED                            0x08000b35   Thumb Code    14  defsig_rtred_outer.o(.text)
    __I$use$semihosting                      0x08000b43   Thumb Code     0  use_no_semi.o(.text)
    __use_no_semihosting_swi                 0x08000b43   Thumb Code     2  use_no_semi.o(.text)
    __rt_heap_descriptor                     0x08000b45   Thumb Code    10  rt_heap_descriptor_twolibspace.o(.text)
    __semihosting_library_function           0x08000b45   Thumb Code     0  indicate_semi.o(.text)
    __use_no_heap                            0x08000b4f   Thumb Code     2  hguard.o(.text)
    __heap$guard                             0x08000b51   Thumb Code     2  hguard.o(.text)
    _terminate_user_alloc                    0x08000b53   Thumb Code     2  init_alloc.o(.text)
    _init_user_alloc                         0x08000b55   Thumb Code     2  init_alloc.o(.text)
    __Heap_Full                              0x08000b57   Thumb Code    34  init_alloc.o(.text)
    __Heap_Broken                            0x08000b79   Thumb Code     6  init_alloc.o(.text)
    _init_alloc                              0x08000b7f   Thumb Code    94  init_alloc.o(.text)
    _malloc_internal                         0x08000be5   Thumb Code   130  h1_alloc_mt.o(.text)
    malloc                                   0x08000c67   Thumb Code    20  h1_alloc_mt.o(.text)
    _printf_char_file                        0x08000c7d   Thumb Code    58  _printf_char_file_locked.o(.text)
    _fseek                                   0x08000cbd   Thumb Code   242  fseek.o(.text)
    fseek                                    0x08000cbd   Thumb Code     0  fseek.o(.text)
    _seterr                                  0x08000db5   Thumb Code    20  stdio.o(.text)
    _writebuf                                0x08000dc9   Thumb Code    84  stdio.o(.text)
    _fflush                                  0x08000e1d   Thumb Code    70  stdio.o(.text)
    _deferredlazyseek                        0x08000e63   Thumb Code    60  stdio.o(.text)
    __sig_exit                               0x08000ea5   Thumb Code    10  defsig_exit.o(.text)
    __rt_SIGRTRED_inner                      0x08000eb1   Thumb Code    14  defsig_rtred_inner.o(.text)
    __Heap_Initialize                        0x08000ee5   Thumb Code    14  h1_init_mt.o(.text)
    __Heap_DescSize                          0x08000ef3   Thumb Code     4  h1_init_mt.o(.text)
    __Heap_ProvideMemory                     0x08000ef7   Thumb Code    62  h1_extend_mt.o(.text)
    _ftell_internal                          0x08000f35   Thumb Code    66  ftell.o(.text)
    ftell                                    0x08000f35   Thumb Code     0  ftell.o(.text)
    __default_signal_display                 0x08000f77   Thumb Code    50  defsig_general.o(.text)
    __rt_SIGRTMEM                            0x08000fa9   Thumb Code    14  defsig_rtmem_outer.o(.text)
    _ttywrch                                 0x08000fb7   Thumb Code    14  sys_wrch.o(.text)
    __aeabi_errno_addr                       0x08000fc5   Thumb Code     4  rt_errno_addr_twolibspace.o(.text)
    __errno$twolibspace                      0x08000fc5   Thumb Code     0  rt_errno_addr_twolibspace.o(.text)
    __rt_errno_addr$twolibspace              0x08000fc5   Thumb Code     0  rt_errno_addr_twolibspace.o(.text)
    __rt_SIGRTMEM_inner                      0x08000fc9   Thumb Code    22  defsig_rtmem_inner.o(.text)
    SVC_Count                                0x08001018   Data           4  svc_table.o(SVC_TABLE)
    DMA1_Channel1_Event                      0x0800101d   Thumb Code     2  dma_stm32f10x.o(i.DMA1_Channel1_Event)
    SVC_Table                                0x0800101c   Data           0  svc_table.o(SVC_TABLE)
    DMA1_Channel1_IRQHandler                 0x08001021   Thumb Code    22  dma_stm32f10x.o(i.DMA1_Channel1_IRQHandler)
    DMA1_Channel2_Event                      0x0800103d   Thumb Code     2  dma_stm32f10x.o(i.DMA1_Channel2_Event)
    DMA1_Channel2_IRQHandler                 0x08001041   Thumb Code    24  dma_stm32f10x.o(i.DMA1_Channel2_IRQHandler)
    DMA1_Channel3_Event                      0x0800105d   Thumb Code     2  dma_stm32f10x.o(i.DMA1_Channel3_Event)
    DMA1_Channel3_IRQHandler                 0x08001061   Thumb Code    24  dma_stm32f10x.o(i.DMA1_Channel3_IRQHandler)
    DMA1_Channel4_Event                      0x0800107d   Thumb Code     2  dma_stm32f10x.o(i.DMA1_Channel4_Event)
    DMA1_Channel4_IRQHandler                 0x08001081   Thumb Code    24  dma_stm32f10x.o(i.DMA1_Channel4_IRQHandler)
    DMA1_Channel5_Event                      0x0800109d   Thumb Code     2  dma_stm32f10x.o(i.DMA1_Channel5_Event)
    DMA1_Channel5_IRQHandler                 0x080010a1   Thumb Code    24  dma_stm32f10x.o(i.DMA1_Channel5_IRQHandler)
    DMA1_Channel6_Event                      0x080010bd   Thumb Code     2  dma_stm32f10x.o(i.DMA1_Channel6_Event)
    DMA1_Channel6_IRQHandler                 0x080010c1   Thumb Code    24  dma_stm32f10x.o(i.DMA1_Channel6_IRQHandler)
    DMA1_Channel7_Event                      0x080010dd   Thumb Code     2  dma_stm32f10x.o(i.DMA1_Channel7_Event)
    DMA1_Channel7_IRQHandler                 0x080010e1   Thumb Code    24  dma_stm32f10x.o(i.DMA1_Channel7_IRQHandler)
    DMA2_Channel1_Event                      0x080010fd   Thumb Code     2  dma_stm32f10x.o(i.DMA2_Channel1_Event)
    DMA2_Channel1_IRQHandler                 0x08001101   Thumb Code    24  dma_stm32f10x.o(i.DMA2_Channel1_IRQHandler)
    DMA2_Channel2_Event                      0x0800111d   Thumb Code     2  dma_stm32f10x.o(i.DMA2_Channel2_Event)
    DMA2_Channel2_IRQHandler                 0x08001121   Thumb Code    26  dma_stm32f10x.o(i.DMA2_Channel2_IRQHandler)
    DMA2_Channel3_Event                      0x08001141   Thumb Code     2  dma_stm32f10x.o(i.DMA2_Channel3_Event)
    DMA2_Channel3_IRQHandler                 0x08001145   Thumb Code    26  dma_stm32f10x.o(i.DMA2_Channel3_IRQHandler)
    DMA2_Channel4_5_IRQHandler               0x08001165   Thumb Code    52  dma_stm32f10x.o(i.DMA2_Channel4_5_IRQHandler)
    DMA2_Channel4_Event                      0x0800119d   Thumb Code     2  dma_stm32f10x.o(i.DMA2_Channel4_Event)
    DMA2_Channel5_Event                      0x0800119f   Thumb Code     2  dma_stm32f10x.o(i.DMA2_Channel5_Event)
    GPIO_AFConfigure                         0x080011a1   Thumb Code   146  gpio_stm32f10x.o(i.GPIO_AFConfigure)
    GPIO_GetPortClockState                   0x0800123d   Thumb Code   118  gpio_stm32f10x.o(i.GPIO_GetPortClockState)
    GPIO_PinConfigure                        0x080012d5   Thumb Code   120  gpio_stm32f10x.o(i.GPIO_PinConfigure)
    GPIO_PortClock                           0x0800134d   Thumb Code   284  gpio_stm32f10x.o(i.GPIO_PortClock)
    SystemInit                               0x08001571   Thumb Code    78  system_stm32f10x.o(i.SystemInit)
    Thread_Print                             0x080015d1   Thumb Code    50  main.o(i.Thread_Print)
    USART1_IRQHandler                        0x080016a9   Thumb Code    10  usart_stm32f10x.o(i.USART1_IRQHandler)
    USART_IRQHandler                         0x08002053   Thumb Code   624  usart_stm32f10x.o(i.USART_IRQHandler)
    __user_perthread_libspace                0x08002901   Thumb Code    32  rtx_conf_cm.o(i.__user_perthread_libspace)
    _init_box                                0x0800292d   Thumb Code    70  rt_membox.o(i._init_box)
    _mutex_acquire                           0x08002975   Thumb Code    22  rtx_conf_cm.o(i._mutex_acquire)
    _mutex_initialize                        0x08002995   Thumb Code    34  rtx_conf_cm.o(i._mutex_initialize)
    _mutex_release                           0x080029c1   Thumb Code    18  rtx_conf_cm.o(i._mutex_release)
    _sys_close                               0x080029dd   Thumb Code    38  retarget_io.o(i._sys_close)
    _sys_flen                                0x08002a03   Thumb Code    36  retarget_io.o(i._sys_flen)
    _sys_istty                               0x08002a27   Thumb Code    36  retarget_io.o(i._sys_istty)
    _sys_open                                0x08002a4d   Thumb Code    80  retarget_io.o(i._sys_open)
    _sys_seek                                0x08002ab5   Thumb Code    44  retarget_io.o(i._sys_seek)
    _sys_write                               0x08002ae1   Thumb Code    70  retarget_io.o(i._sys_write)
    dbg_init                                 0x08002b29   Thumb Code    34  hal_cm.o(i.dbg_init)
    dbg_task_notify                          0x08002b59   Thumb Code    32  hal_cm.o(i.dbg_task_notify)
    dbg_task_switch                          0x08002b79   Thumb Code    16  hal_cm.o(i.dbg_task_switch)
    _fputc$unlocked                          0x08002b89   Thumb Code    26  fputc.o(i.fputc)
    isrMessageGet                            0x08002ba3   Thumb Code    42  rt_cmsis.o(i.isrMessageGet)
    isrMessagePut                            0x08002bcd   Thumb Code    44  rt_cmsis.o(i.isrMessagePut)
    isr_mbx_receive                          0x08002bf9   Thumb Code    86  rt_mailbox.o(i.isr_mbx_receive)
    isr_mbx_send                             0x08002c4f   Thumb Code    14  rt_mailbox.o(i.isr_mbx_send)
    main                                     0x08002c5d   Thumb Code    50  main.o(i.main)
    osDelay                                  0x08002ca5   Thumb Code    18  rt_cmsis.o(i.osDelay)
    osKernelInitialize                       0x08002cbd   Thumb Code    30  rt_cmsis.o(i.osKernelInitialize)
    osKernelStart                            0x08002ce1   Thumb Code    98  rt_cmsis.o(i.osKernelStart)
    osMessageGet                             0x08002d4d   Thumb Code    18  rt_cmsis.o(i.osMessageGet)
    osThreadCreate                           0x08002d65   Thumb Code    36  rt_cmsis.o(i.osThreadCreate)
    osThreadExit                             0x08002d91   Thumb Code    14  rt_cmsis.o(i.osThreadExit)
    osThreadTerminate                        0x08002da9   Thumb Code    18  rt_cmsis.o(i.osThreadTerminate)
    osTimerCall                              0x08002dc1   Thumb Code     8  rt_cmsis.o(i.osTimerCall)
    osTimerThread                            0x08002dcd   Thumb Code    38  rt_cmsis.o(i.osTimerThread)
    os_error                                 0x08002df9   Thumb Code    34  rtx_conf_cm.o(i.os_error)
    os_idle_demon                            0x08002e1b   Thumb Code     4  rtx_conf_cm.o(i.os_idle_demon)
    os_tick_init                             0x08002e21   Thumb Code    32  rt_system.o(i.os_tick_init)
    os_tick_irqack                           0x08002e49   Thumb Code     2  rt_system.o(i.os_tick_irqack)
    rt_alloc_box                             0x08002e4b   Thumb Code    26  rt_membox.o(i.rt_alloc_box)
    rt_alloc_mem                             0x08002e65   Thumb Code    62  rt_memory.o(i.rt_alloc_mem)
    rt_block                                 0x08002ea5   Thumb Code    48  rt_task.o(i.rt_block)
    rt_chk_robin                             0x08002edd   Thumb Code    60  rt_robin.o(i.rt_chk_robin)
    rt_dec_dly                               0x08002f25   Thumb Code   102  rt_list.o(i.rt_dec_dly)
    rt_dispatch                              0x08002f95   Thumb Code    60  rt_task.o(i.rt_dispatch)
    rt_dly_wait                              0x08002fd9   Thumb Code     6  rt_time.o(i.rt_dly_wait)
    rt_evt_psh                               0x08002fe1   Thumb Code    76  rt_event.o(i.rt_evt_psh)
    rt_free_box                              0x08003031   Thumb Code    44  rt_membox.o(i.rt_free_box)
    rt_free_mem                              0x0800305d   Thumb Code    40  rt_memory.o(i.rt_free_mem)
    rt_get_first                             0x08003085   Thumb Code    40  rt_list.o(i.rt_get_first)
    rt_init_mem                              0x080030fd   Thumb Code    26  rt_memory.o(i.rt_init_mem)
    rt_init_robin                            0x08003119   Thumb Code    14  rt_robin.o(i.rt_init_robin)
    rt_init_stack                            0x08003131   Thumb Code   118  hal_cm.o(i.rt_init_stack)
    rt_mbx_check                             0x080031b1   Thumb Code     8  rt_mailbox.o(i.rt_mbx_check)
    rt_mbx_init                              0x080031b9   Thumb Code    26  rt_mailbox.o(i.rt_mbx_init)
    rt_mbx_psh                               0x080031d5   Thumb Code   236  rt_mailbox.o(i.rt_mbx_psh)
    rt_mbx_wait                              0x080032c5   Thumb Code   174  rt_mailbox.o(i.rt_mbx_wait)
    rt_mut_init                              0x080033bd   Thumb Code    16  rt_mutex.o(i.rt_mut_init)
    rt_mut_release                           0x080033cd   Thumb Code   208  rt_mutex.o(i.rt_mut_release)
    rt_mut_wait                              0x080034a5   Thumb Code   114  rt_mutex.o(i.rt_mut_wait)
    rt_pop_req                               0x0800351d   Thumb Code   112  rt_system.o(i.rt_pop_req)
    rt_psh_req                               0x08003599   Thumb Code    22  rt_system.o(i.rt_psh_req)
    rt_psq_enq                               0x080035b9   Thumb Code    88  rt_list.o(i.rt_psq_enq)
    rt_put_dly                               0x08003615   Thumb Code    68  rt_list.o(i.rt_put_dly)
    rt_put_prio                              0x0800365d   Thumb Code    54  rt_list.o(i.rt_put_prio)
    rt_put_rdy_first                         0x08003695   Thumb Code    14  rt_list.o(i.rt_put_rdy_first)
    rt_resort_prio                           0x080036a9   Thumb Code    46  rt_list.o(i.rt_resort_prio)
    rt_ret_val                               0x080036dd   Thumb Code     6  hal_cm.o(i.rt_ret_val)
    rt_ret_val2                              0x080036e3   Thumb Code     8  hal_cm.o(i.rt_ret_val2)
    rt_rmv_dly                               0x080036eb   Thumb Code    40  rt_list.o(i.rt_rmv_dly)
    rt_rmv_list                              0x08003715   Thumb Code    44  rt_list.o(i.rt_rmv_list)
    rt_sem_psh                               0x08003745   Thumb Code    48  rt_semaphore.o(i.rt_sem_psh)
    rt_stk_check                             0x08003779   Thumb Code    28  rt_system.o(i.rt_stk_check)
    rt_switch_req                            0x0800379d   Thumb Code    30  rt_task.o(i.rt_switch_req)
    rt_sys_init                              0x080037c5   Thumb Code   138  rt_task.o(i.rt_sys_init)
    rt_sys_start                             0x08003891   Thumb Code   110  rt_task.o(i.rt_sys_start)
    rt_systick                               0x08003909   Thumb Code    50  rt_system.o(i.rt_systick)
    rt_tsk_create                            0x08003991   Thumb Code   118  rt_task.o(i.rt_tsk_create)
    rt_tsk_delete                            0x08003a19   Thumb Code   352  rt_task.o(i.rt_tsk_delete)
    rt_tsk_prio                              0x08003b95   Thumb Code   108  rt_task.o(i.rt_tsk_prio)
    rt_tsk_self                              0x08003c11   Thumb Code    12  rt_task.o(i.rt_tsk_self)
    stdout_init                              0x08003c21   Thumb Code    84  stdout_usart.o(i.stdout_init)
    stdout_putchar                           0x08003c79   Thumb Code    42  stdout_usart.o(i.stdout_putchar)
    svcDelay                                 0x08003ca9   Thumb Code    18  rt_cmsis.o(i.svcDelay)
    svcKernelInitialize                      0x08003cbd   Thumb Code    80  rt_cmsis.o(i.svcKernelInitialize)
    svcKernelStart                           0x08003d2d   Thumb Code    62  rt_cmsis.o(i.svcKernelStart)
    svcMessageCreate                         0x08003d75   Thumb Code    36  rt_cmsis.o(i.svcMessageCreate)
    svcMessageGet                            0x08003d99   Thumb Code    58  rt_cmsis.o(i.svcMessageGet)
    svcThreadCreate                          0x08003dd5   Thumb Code    96  rt_cmsis.o(i.svcThreadCreate)
    svcThreadGetId                           0x08003e41   Thumb Code    22  rt_cmsis.o(i.svcThreadGetId)
    svcThreadTerminate                       0x08003e5d   Thumb Code    50  rt_cmsis.o(i.svcThreadTerminate)
    svcTimerCall                             0x08003e95   Thumb Code    24  rt_cmsis.o(i.svcTimerCall)
    sysTimerTick                             0x08003ead   Thumb Code    84  rt_cmsis.o(i.sysTimerTick)
    os_thread_def_Thread_Print               0x08003f08   Data          16  main.o(.constdata)
    os_maxtaskrun                            0x08003f18   Data           2  rtx_conf_cm.o(.constdata)
    os_stackinfo                             0x08003f1c   Data           4  rtx_conf_cm.o(.constdata)
    os_rrobin                                0x08003f20   Data           4  rtx_conf_cm.o(.constdata)
    os_tickfreq                              0x08003f24   Data           4  rtx_conf_cm.o(.constdata)
    os_tickus_i                              0x08003f28   Data           2  rtx_conf_cm.o(.constdata)
    os_tickus_f                              0x08003f2a   Data           2  rtx_conf_cm.o(.constdata)
    os_trv                                   0x08003f2c   Data           4  rtx_conf_cm.o(.constdata)
    os_flags                                 0x08003f30   Data           1  rtx_conf_cm.o(.constdata)
    CMSIS_RTOS_API_Version                   0x08003f34   Data           4  rtx_conf_cm.o(.constdata)
    CMSIS_RTOS_RTX_Version                   0x08003f38   Data           4  rtx_conf_cm.o(.constdata)
    os_clockrate                             0x08003f3c   Data           4  rtx_conf_cm.o(.constdata)
    os_timernum                              0x08003f40   Data           4  rtx_conf_cm.o(.constdata)
    mp_tcb_size                              0x08003f44   Data           2  rtx_conf_cm.o(.constdata)
    mp_stk_size                              0x08003f48   Data           4  rtx_conf_cm.o(.constdata)
    os_stack_sz                              0x08003f4c   Data           4  rtx_conf_cm.o(.constdata)
    os_fifo_size                             0x08003f50   Data           1  rtx_conf_cm.o(.constdata)
    os_thread_def_osTimerThread              0x08003f54   Data          16  rtx_conf_cm.o(.constdata)
    os_messageQ_def_osTimerMessageQ          0x08003f64   Data           8  rtx_conf_cm.o(.constdata)
    mp_tmr_size                              0x08003f6c   Data           2  rtx_conf_cm.o(.constdata)
    os_thread_def_main                       0x08003f70   Data          16  rtx_conf_cm.o(.constdata)
    Driver_USART1                            0x08003fcc   Data          56  usart_stm32f10x.o(.constdata)
    __stdin_name                             0x08004004   Data           7  retarget_io.o(.constdata)
    __stdout_name                            0x0800400b   Data           8  retarget_io.o(.constdata)
    __stderr_name                            0x08004013   Data           8  retarget_io.o(.constdata)
    Region$$Table$$Base                      0x0800401c   Number         0  anon$$obj.o(Region$$Table)
    Region$$Table$$Limit                     0x0800403c   Number         0  anon$$obj.o(Region$$Table)
    thread1_ID                               0x20000000   Data           4  main.o(.data)
    thread2_ID                               0x20000004   Data           4  main.o(.data)
    osThreadId_osTimerThread                 0x20000008   Data           4  rtx_conf_cm.o(.data)
    osMessageQId_osTimerMessageQ             0x2000000c   Data           4  rtx_conf_cm.o(.data)
    os_tmr                                   0x20000010   Data           4  rtx_conf_cm.o(.data)
    m_tmr                                    0x20000014   Data           4  rtx_conf_cm.o(.data)
    os_initialized                           0x2000001c   Data           1  rt_cmsis.o(.data)
    os_running                               0x2000001d   Data           1  rt_cmsis.o(.data)
    os_timer_head                            0x20000020   Data           4  rt_cmsis.o(.data)
    os_tsk                                   0x20000024   Data           8  rt_task.o(.data)
    os_tick_irqn                             0x20000030   Data           4  rt_system.o(.data)
    os_time                                  0x20000034   Data           4  rt_time.o(.data)
    os_robin                                 0x20000038   Data           8  rt_robin.o(.data)
    dbg_msg                                  0x20000040   Data           1  hal_cm.o(.data)
    __aeabi_stdin                            0x20000044   Data           4  stdio_streams.o(.data)
    __aeabi_stdout                           0x20000048   Data           4  stdio_streams.o(.data)
    __aeabi_stderr                           0x2000004c   Data           4  stdio_streams.o(.data)
    _stream_list_lock                        0x20000050   Data           4  streamlock.o(.data)
    mp_tcb                                   0x20000058   Data         376  rtx_conf_cm.o(.bss)
    mp_stk                                   0x200001d0   Data        2992  rtx_conf_cm.o(.bss)
    os_stack_mem                             0x20000d80   Data         432  rtx_conf_cm.o(.bss)
    os_fifo                                  0x20000f30   Data         132  rtx_conf_cm.o(.bss)
    os_active_TCB                            0x20000fb4   Data          28  rtx_conf_cm.o(.bss)
    os_messageQ_q_osTimerMessageQ            0x20000fd0   Data          32  rtx_conf_cm.o(.bss)
    os_idle_TCB                              0x20001348   Data          52  rt_task.o(.bss)
    os_rdy                                   0x2000137c   Data          24  rt_list.o(.bss)
    os_dly                                   0x20001394   Data          24  rt_list.o(.bss)
    __libspace_start                         0x200013ac   Data          96  libspace.o(.bss)
    __stdin                                  0x2000140c   Data          84  stdio_streams.o(.bss)
    __temporary_stack_top$libspace           0x2000140c   Data           0  libspace.o(.bss)
    __stdout                                 0x20001460   Data          84  stdio_streams.o(.bss)
    __stderr                                 0x200014b4   Data          84  stdio_streams.o(.bss)



==============================================================================

Memory Map of the image

  Image Entry point : 0x08000131

  Load Region LR_IROM1 (Base: 0x08000000, Size: 0x00004090, Max: 0x00100000, ABSOLUTE)

    Execution Region ER_IROM1 (Exec base: 0x08000000, Load base: 0x08000000, Size: 0x0000403c, Max: 0x00100000, ABSOLUTE)

    Exec Addr    Load Addr    Size         Type   Attr      Idx    E Section Name        Object

    0x08000000   0x08000000   0x00000130   Data   RO          657    RESET               startup_stm32f10x_xl.o
    0x08000130   0x08000130   0x00000008   Code   RO         1938  * !!!main             c_w.l(__main.o)
    0x08000138   0x08000138   0x00000034   Code   RO         2283    !!!scatter          c_w.l(__scatter.o)
    0x0800016c   0x0800016c   0x0000001a   Code   RO         2285    !!handler_copy      c_w.l(__scatter_copy.o)
    0x08000186   0x08000186   0x00000002   PAD
    0x08000188   0x08000188   0x0000001c   Code   RO         2287    !!handler_zi        c_w.l(__scatter_zi.o)
    0x080001a4   0x080001a4   0x00000002   Code   RO         2084    .ARM.Collect$$libinit$$00000000  c_w.l(libinit.o)
    0x080001a6   0x080001a6   0x00000000   Code   RO         2086    .ARM.Collect$$libinit$$00000002  c_w.l(libinit2.o)
    0x080001a6   0x080001a6   0x00000000   Code   RO         2088    .ARM.Collect$$libinit$$00000004  c_w.l(libinit2.o)
    0x080001a6   0x080001a6   0x00000008   Code   RO         2089    .ARM.Collect$$libinit$$00000005  c_w.l(libinit2.o)
    0x080001ae   0x080001ae   0x00000000   Code   RO         2091    .ARM.Collect$$libinit$$0000000A  c_w.l(libinit2.o)
    0x080001ae   0x080001ae   0x00000000   Code   RO         2093    .ARM.Collect$$libinit$$0000000C  c_w.l(libinit2.o)
    0x080001ae   0x080001ae   0x00000000   Code   RO         2095    .ARM.Collect$$libinit$$0000000E  c_w.l(libinit2.o)
    0x080001ae   0x080001ae   0x00000000   Code   RO         2098    .ARM.Collect$$libinit$$00000011  c_w.l(libinit2.o)
    0x080001ae   0x080001ae   0x00000000   Code   RO         2100    .ARM.Collect$$libinit$$00000013  c_w.l(libinit2.o)
    0x080001ae   0x080001ae   0x00000000   Code   RO         2102    .ARM.Collect$$libinit$$00000015  c_w.l(libinit2.o)
    0x080001ae   0x080001ae   0x00000000   Code   RO         2104    .ARM.Collect$$libinit$$00000017  c_w.l(libinit2.o)
    0x080001ae   0x080001ae   0x00000000   Code   RO         2106    .ARM.Collect$$libinit$$00000019  c_w.l(libinit2.o)
    0x080001ae   0x080001ae   0x00000000   Code   RO         2108    .ARM.Collect$$libinit$$0000001B  c_w.l(libinit2.o)
    0x080001ae   0x080001ae   0x00000000   Code   RO         2110    .ARM.Collect$$libinit$$0000001D  c_w.l(libinit2.o)
    0x080001ae   0x080001ae   0x00000000   Code   RO         2112    .ARM.Collect$$libinit$$0000001F  c_w.l(libinit2.o)
    0x080001ae   0x080001ae   0x00000000   Code   RO         2114    .ARM.Collect$$libinit$$00000021  c_w.l(libinit2.o)
    0x080001ae   0x080001ae   0x00000000   Code   RO         2116    .ARM.Collect$$libinit$$00000023  c_w.l(libinit2.o)
    0x080001ae   0x080001ae   0x00000004   Code   RO         2117    .ARM.Collect$$libinit$$00000024  c_w.l(libinit2.o)
    0x080001b2   0x080001b2   0x00000000   Code   RO         2118    .ARM.Collect$$libinit$$00000025  c_w.l(libinit2.o)
    0x080001b2   0x080001b2   0x00000000   Code   RO         2122    .ARM.Collect$$libinit$$0000002C  c_w.l(libinit2.o)
    0x080001b2   0x080001b2   0x00000000   Code   RO         2124    .ARM.Collect$$libinit$$0000002E  c_w.l(libinit2.o)
    0x080001b2   0x080001b2   0x00000000   Code   RO         2126    .ARM.Collect$$libinit$$00000030  c_w.l(libinit2.o)
    0x080001b2   0x080001b2   0x00000000   Code   RO         2128    .ARM.Collect$$libinit$$00000032  c_w.l(libinit2.o)
    0x080001b2   0x080001b2   0x00000002   Code   RO         2129    .ARM.Collect$$libinit$$00000033  c_w.l(libinit2.o)
    0x080001b4   0x080001b4   0x00000002   Code   RO         2130    .ARM.Collect$$libshutdown$$00000000  c_w.l(libshutdown.o)
    0x080001b6   0x080001b6   0x00000000   Code   RO         2132    .ARM.Collect$$libshutdown$$00000002  c_w.l(libshutdown2.o)
    0x080001b6   0x080001b6   0x00000004   Code   RO         2133    .ARM.Collect$$libshutdown$$00000003  c_w.l(libshutdown2.o)
    0x080001ba   0x080001ba   0x00000000   Code   RO         2134    .ARM.Collect$$libshutdown$$00000004  c_w.l(libshutdown2.o)
    0x080001ba   0x080001ba   0x00000000   Code   RO         2137    .ARM.Collect$$libshutdown$$00000007  c_w.l(libshutdown2.o)
    0x080001ba   0x080001ba   0x00000000   Code   RO         2140    .ARM.Collect$$libshutdown$$0000000A  c_w.l(libshutdown2.o)
    0x080001ba   0x080001ba   0x00000000   Code   RO         2142    .ARM.Collect$$libshutdown$$0000000C  c_w.l(libshutdown2.o)
    0x080001ba   0x080001ba   0x00000000   Code   RO         2145    .ARM.Collect$$libshutdown$$0000000F  c_w.l(libshutdown2.o)
    0x080001ba   0x080001ba   0x00000002   Code   RO         2146    .ARM.Collect$$libshutdown$$00000010  c_w.l(libshutdown2.o)
    0x080001bc   0x080001bc   0x00000000   Code   RO         1940    .ARM.Collect$$rtentry$$00000000  c_w.l(__rtentry.o)
    0x080001bc   0x080001bc   0x00000000   Code   RO         1956    .ARM.Collect$$rtentry$$00000002  c_w.l(__rtentry2.o)
    0x080001bc   0x080001bc   0x00000006   Code   RO         1968    .ARM.Collect$$rtentry$$00000004  c_w.l(__rtentry4.o)
    0x080001c2   0x080001c2   0x00000000   Code   RO         1958    .ARM.Collect$$rtentry$$00000009  c_w.l(__rtentry2.o)
    0x080001c2   0x080001c2   0x00000004   Code   RO         1959    .ARM.Collect$$rtentry$$0000000A  c_w.l(__rtentry2.o)
    0x080001c6   0x080001c6   0x00000008   Code   RO         1960    .ARM.Collect$$rtentry$$0000000B  c_w.l(__rtentry2.o)
    0x080001ce   0x080001ce   0x00000008   Code   RO         1962    .ARM.Collect$$rtentry$$0000000D  c_w.l(__rtentry2.o)
    0x080001d6   0x080001d6   0x00000002   Code   RO         1941    .ARM.Collect$$rtexit$$00000000  c_w.l(rtexit.o)
    0x080001d8   0x080001d8   0x00000000   Code   RO         1971    .ARM.Collect$$rtexit$$00000002  c_w.l(rtexit2.o)
    0x080001d8   0x080001d8   0x00000004   Code   RO         1972    .ARM.Collect$$rtexit$$00000003  c_w.l(rtexit2.o)
    0x080001dc   0x080001dc   0x00000006   Code   RO         1973    .ARM.Collect$$rtexit$$00000004  c_w.l(rtexit2.o)
    0x080001e2   0x080001e2   0x00000002   PAD
    0x080001e4   0x080001e4   0x0000001c   Code   RO           67    .emb_text           rtx_conf_cm.o
    0x08000200   0x08000200   0x00000130   Code   RO         1906    .emb_text           RTX_CM3.lib(hal_cm3.o)
    0x08000330   0x08000330   0x00000000   Code   RO         2207    .emb_text           c_w.l(maybetermalloc1.o)
    0x08000330   0x08000330   0x00000040   Code   RO          658    .text               startup_stm32f10x_xl.o
    0x08000370   0x08000370   0x00000008   Code   RO         1921    .text               c_w.l(libspace.o)
    0x08000378   0x08000378   0x00000018   Code   RO         1928    .text               c_w.l(noretval__2printf.o)
    0x08000390   0x08000390   0x00000012   Code   RO         1930    .text               c_w.l(exit.o)
    0x080003a2   0x080003a2   0x0000004e   Code   RO         1932    .text               c_w.l(rt_memclr_w.o)
    0x080003f0   0x080003f0   0x00000080   Code   RO         1934    .text               c_w.l(strcmpv7m.o)
    0x08000470   0x08000470   0x00000006   Code   RO         1936    .text               c_w.l(heapauxi.o)
    0x08000476   0x08000476   0x00000002   PAD
    0x08000478   0x08000478   0x00000030   Code   RO         1979    .text               c_w.l(_printf_char_common.o)
    0x080004a8   0x080004a8   0x000001c8   Code   RO         1993    .text               c_w.l(initio_locked.o)
    0x08000670   0x08000670   0x0000000c   Code   RO         1995    .text               c_w.l(sys_exit.o)
    0x0800067c   0x0800067c   0x0000004a   Code   RO         1997    .text               c_w.l(sys_stackheap_outer.o)
    0x080006c6   0x080006c6   0x00000076   Code   RO         2003    .text               c_w.l(h1_free_mt.o)
    0x0800073c   0x0800073c   0x00000028   Code   RO         2055    .text               c_w.l(__printf_nopercent.o)
    0x08000764   0x08000764   0x000001d6   Code   RO         2057    .text               c_w.l(flsbuf.o)
    0x0800093a   0x0800093a   0x0000004c   Code   RO         2064    .text               c_w.l(fclose.o)
    0x08000986   0x08000986   0x00000068   Code   RO         2066    .text               c_w.l(setvbuf_locked.o)
    0x080009ee   0x080009ee   0x00000002   PAD
    0x080009f0   0x080009f0   0x00000144   Code   RO         2068    .text               c_w.l(fopen_locked.o)
    0x08000b34   0x08000b34   0x0000000e   Code   RO         2074    .text               c_w.l(defsig_rtred_outer.o)
    0x08000b42   0x08000b42   0x00000002   Code   RO         2149    .text               c_w.l(use_no_semi.o)
    0x08000b44   0x08000b44   0x00000000   Code   RO         2151    .text               c_w.l(indicate_semi.o)
    0x08000b44   0x08000b44   0x0000000a   Code   RO         2159    .text               c_w.l(rt_heap_descriptor_twolibspace.o)
    0x08000b4e   0x08000b4e   0x00000004   Code   RO         2161    .text               c_w.l(hguard.o)
    0x08000b52   0x08000b52   0x0000008a   Code   RO         2163    .text               c_w.l(init_alloc.o)
    0x08000bdc   0x08000bdc   0x0000009e   Code   RO         2171    .text               c_w.l(h1_alloc_mt.o)
    0x08000c7a   0x08000c7a   0x00000002   PAD
    0x08000c7c   0x08000c7c   0x00000040   Code   RO         2183    .text               c_w.l(_printf_char_file_locked.o)
    0x08000cbc   0x08000cbc   0x000000f8   Code   RO         2185    .text               c_w.l(fseek.o)
    0x08000db4   0x08000db4   0x000000f0   Code   RO         2187    .text               c_w.l(stdio.o)
    0x08000ea4   0x08000ea4   0x0000000a   Code   RO         2193    .text               c_w.l(defsig_exit.o)
    0x08000eae   0x08000eae   0x00000002   PAD
    0x08000eb0   0x08000eb0   0x00000034   Code   RO         2197    .text               c_w.l(defsig_rtred_inner.o)
    0x08000ee4   0x08000ee4   0x00000012   Code   RO         2213    .text               c_w.l(h1_init_mt.o)
    0x08000ef6   0x08000ef6   0x0000003e   Code   RO         2215    .text               c_w.l(h1_extend_mt.o)
    0x08000f34   0x08000f34   0x00000042   Code   RO         2221    .text               c_w.l(ftell.o)
    0x08000f76   0x08000f76   0x00000032   Code   RO         2229    .text               c_w.l(defsig_general.o)
    0x08000fa8   0x08000fa8   0x0000000e   Code   RO         2231    .text               c_w.l(defsig_rtmem_outer.o)
    0x08000fb6   0x08000fb6   0x0000000e   Code   RO         2246    .text               c_w.l(sys_wrch.o)
    0x08000fc4   0x08000fc4   0x00000004   Code   RO         2255    .text               c_w.l(rt_errno_addr_twolibspace.o)
    0x08000fc8   0x08000fc8   0x00000050   Code   RO         2261    .text               c_w.l(defsig_rtmem_inner.o)
    0x08001018   0x08001018   0x00000004   Code   RO         1916    SVC_TABLE           RTX_CM3.lib(svc_table.o)
    0x0800101c   0x0800101c   0x00000002   Code   RO          411    i.DMA1_Channel1_Event  dma_stm32f10x.o
    0x0800101e   0x0800101e   0x00000002   PAD
    0x08001020   0x08001020   0x0000001c   Code   RO          412    i.DMA1_Channel1_IRQHandler  dma_stm32f10x.o
    0x0800103c   0x0800103c   0x00000002   Code   RO          413    i.DMA1_Channel2_Event  dma_stm32f10x.o
    0x0800103e   0x0800103e   0x00000002   PAD
    0x08001040   0x08001040   0x0000001c   Code   RO          414    i.DMA1_Channel2_IRQHandler  dma_stm32f10x.o
    0x0800105c   0x0800105c   0x00000002   Code   RO          415    i.DMA1_Channel3_Event  dma_stm32f10x.o
    0x0800105e   0x0800105e   0x00000002   PAD
    0x08001060   0x08001060   0x0000001c   Code   RO          416    i.DMA1_Channel3_IRQHandler  dma_stm32f10x.o
    0x0800107c   0x0800107c   0x00000002   Code   RO          417    i.DMA1_Channel4_Event  dma_stm32f10x.o
    0x0800107e   0x0800107e   0x00000002   PAD
    0x08001080   0x08001080   0x0000001c   Code   RO          418    i.DMA1_Channel4_IRQHandler  dma_stm32f10x.o
    0x0800109c   0x0800109c   0x00000002   Code   RO          419    i.DMA1_Channel5_Event  dma_stm32f10x.o
    0x0800109e   0x0800109e   0x00000002   PAD
    0x080010a0   0x080010a0   0x0000001c   Code   RO          420    i.DMA1_Channel5_IRQHandler  dma_stm32f10x.o
    0x080010bc   0x080010bc   0x00000002   Code   RO          421    i.DMA1_Channel6_Event  dma_stm32f10x.o
    0x080010be   0x080010be   0x00000002   PAD
    0x080010c0   0x080010c0   0x0000001c   Code   RO          422    i.DMA1_Channel6_IRQHandler  dma_stm32f10x.o
    0x080010dc   0x080010dc   0x00000002   Code   RO          423    i.DMA1_Channel7_Event  dma_stm32f10x.o
    0x080010de   0x080010de   0x00000002   PAD
    0x080010e0   0x080010e0   0x0000001c   Code   RO          424    i.DMA1_Channel7_IRQHandler  dma_stm32f10x.o
    0x080010fc   0x080010fc   0x00000002   Code   RO          425    i.DMA2_Channel1_Event  dma_stm32f10x.o
    0x080010fe   0x080010fe   0x00000002   PAD
    0x08001100   0x08001100   0x0000001c   Code   RO          426    i.DMA2_Channel1_IRQHandler  dma_stm32f10x.o
    0x0800111c   0x0800111c   0x00000002   Code   RO          427    i.DMA2_Channel2_Event  dma_stm32f10x.o
    0x0800111e   0x0800111e   0x00000002   PAD
    0x08001120   0x08001120   0x00000020   Code   RO          428    i.DMA2_Channel2_IRQHandler  dma_stm32f10x.o
    0x08001140   0x08001140   0x00000002   Code   RO          429    i.DMA2_Channel3_Event  dma_stm32f10x.o
    0x08001142   0x08001142   0x00000002   PAD
    0x08001144   0x08001144   0x00000020   Code   RO          430    i.DMA2_Channel3_IRQHandler  dma_stm32f10x.o
    0x08001164   0x08001164   0x00000038   Code   RO          431    i.DMA2_Channel4_5_IRQHandler  dma_stm32f10x.o
    0x0800119c   0x0800119c   0x00000002   Code   RO          432    i.DMA2_Channel4_Event  dma_stm32f10x.o
    0x0800119e   0x0800119e   0x00000002   Code   RO          434    i.DMA2_Channel5_Event  dma_stm32f10x.o
    0x080011a0   0x080011a0   0x0000009c   Code   RO          609    i.GPIO_AFConfigure  gpio_stm32f10x.o
    0x0800123c   0x0800123c   0x00000098   Code   RO          610    i.GPIO_GetPortClockState  gpio_stm32f10x.o
    0x080012d4   0x080012d4   0x00000078   Code   RO          611    i.GPIO_PinConfigure  gpio_stm32f10x.o
    0x0800134c   0x0800134c   0x0000013c   Code   RO          612    i.GPIO_PortClock    gpio_stm32f10x.o
    0x08001488   0x08001488   0x00000008   Code   RO          665    i.SetSysClock       system_stm32f10x.o
    0x08001490   0x08001490   0x000000e0   Code   RO          666    i.SetSysClockTo72   system_stm32f10x.o
    0x08001570   0x08001570   0x00000060   Code   RO          668    i.SystemInit        system_stm32f10x.o
    0x080015d0   0x080015d0   0x00000070   Code   RO            1    i.Thread_Print      main.o
    0x08001640   0x08001640   0x00000018   Code   RO          129    i.USART1_Control    usart_stm32f10x.o
    0x08001658   0x08001658   0x00000010   Code   RO          130    i.USART1_GetCapabilities  usart_stm32f10x.o
    0x08001668   0x08001668   0x00000010   Code   RO          131    i.USART1_GetModemStatus  usart_stm32f10x.o
    0x08001678   0x08001678   0x00000010   Code   RO          132    i.USART1_GetRxCount  usart_stm32f10x.o
    0x08001688   0x08001688   0x00000010   Code   RO          133    i.USART1_GetStatus  usart_stm32f10x.o
    0x08001698   0x08001698   0x00000010   Code   RO          134    i.USART1_GetTxCount  usart_stm32f10x.o
    0x080016a8   0x080016a8   0x00000010   Code   RO          135    i.USART1_IRQHandler  usart_stm32f10x.o
    0x080016b8   0x080016b8   0x00000014   Code   RO          136    i.USART1_Initialize  usart_stm32f10x.o
    0x080016cc   0x080016cc   0x00000014   Code   RO          137    i.USART1_PowerControl  usart_stm32f10x.o
    0x080016e0   0x080016e0   0x00000018   Code   RO          138    i.USART1_Receive    usart_stm32f10x.o
    0x080016f8   0x080016f8   0x00000018   Code   RO          139    i.USART1_Send       usart_stm32f10x.o
    0x08001710   0x08001710   0x00000014   Code   RO          140    i.USART1_SetModemControl  usart_stm32f10x.o
    0x08001724   0x08001724   0x0000001c   Code   RO          141    i.USART1_Transfer   usart_stm32f10x.o
    0x08001740   0x08001740   0x00000010   Code   RO          142    i.USART1_Uninitialize  usart_stm32f10x.o
    0x08001750   0x08001750   0x00000820   Code   RO          143    i.USART_Control     usart_stm32f10x.o
    0x08001f70   0x08001f70   0x00000006   Code   RO          144    i.USART_GetCapabilities  usart_stm32f10x.o
    0x08001f76   0x08001f76   0x00000056   Code   RO          145    i.USART_GetModemStatus  usart_stm32f10x.o
    0x08001fcc   0x08001fcc   0x00000008   Code   RO          146    i.USART_GetRxCount  usart_stm32f10x.o
    0x08001fd4   0x08001fd4   0x00000076   Code   RO          147    i.USART_GetStatus   usart_stm32f10x.o
    0x0800204a   0x0800204a   0x00000008   Code   RO          148    i.USART_GetTxCount  usart_stm32f10x.o
    0x08002052   0x08002052   0x00000270   Code   RO          149    i.USART_IRQHandler  usart_stm32f10x.o
    0x080022c2   0x080022c2   0x000000a2   Code   RO          150    i.USART_Initialize  usart_stm32f10x.o
    0x08002364   0x08002364   0x000000d8   Code   RO          151    i.USART_PeripheralReset  usart_stm32f10x.o
    0x0800243c   0x0800243c   0x00000218   Code   RO          152    i.USART_PowerControl  usart_stm32f10x.o
    0x08002654   0x08002654   0x000000a2   Code   RO          153    i.USART_Receive     usart_stm32f10x.o
    0x080026f6   0x080026f6   0x00000088   Code   RO          154    i.USART_Send        usart_stm32f10x.o
    0x0800277e   0x0800277e   0x0000009c   Code   RO          155    i.USART_SetModemControl  usart_stm32f10x.o
    0x0800281a   0x0800281a   0x0000006a   Code   RO          156    i.USART_Transfer    usart_stm32f10x.o
    0x08002884   0x08002884   0x0000006c   Code   RO          157    i.USART_Uninitialize  usart_stm32f10x.o
    0x080028f0   0x080028f0   0x00000010   Code   RO          158    i.USARTx_GetVersion  usart_stm32f10x.o
    0x08002900   0x08002900   0x0000002c   Code   RO           68    i.__user_perthread_libspace  rtx_conf_cm.o
    0x0800292c   0x0800292c   0x00000046   Code   RO         1805    i._init_box         RTX_CM3.lib(rt_membox.o)
    0x08002972   0x08002972   0x00000002   PAD
    0x08002974   0x08002974   0x00000020   Code   RO           69    i._mutex_acquire    rtx_conf_cm.o
    0x08002994   0x08002994   0x0000002c   Code   RO           70    i._mutex_initialize  rtx_conf_cm.o
    0x080029c0   0x080029c0   0x0000001c   Code   RO           71    i._mutex_release    rtx_conf_cm.o
    0x080029dc   0x080029dc   0x00000026   Code   RO          344    i._sys_close        retarget_io.o
    0x08002a02   0x08002a02   0x00000024   Code   RO          345    i._sys_flen         retarget_io.o
    0x08002a26   0x08002a26   0x00000024   Code   RO          346    i._sys_istty        retarget_io.o
    0x08002a4a   0x08002a4a   0x00000002   PAD
    0x08002a4c   0x08002a4c   0x00000068   Code   RO          347    i._sys_open         retarget_io.o
    0x08002ab4   0x08002ab4   0x0000002c   Code   RO          349    i._sys_seek         retarget_io.o
    0x08002ae0   0x08002ae0   0x00000046   Code   RO          350    i._sys_write        retarget_io.o
    0x08002b26   0x08002b26   0x00000002   PAD
    0x08002b28   0x08002b28   0x00000030   Code   RO         1858    i.dbg_init          RTX_CM3.lib(hal_cm.o)
    0x08002b58   0x08002b58   0x00000020   Code   RO         1859    i.dbg_task_notify   RTX_CM3.lib(hal_cm.o)
    0x08002b78   0x08002b78   0x00000010   Code   RO         1860    i.dbg_task_switch   RTX_CM3.lib(hal_cm.o)
    0x08002b88   0x08002b88   0x0000001a   Code   RO         1984    i.fputc             c_w.l(fputc.o)
    0x08002ba2   0x08002ba2   0x0000002a   Code   RO          711    i.isrMessageGet     RTX_CM3.lib(rt_cmsis.o)
    0x08002bcc   0x08002bcc   0x0000002c   Code   RO          712    i.isrMessagePut     RTX_CM3.lib(rt_cmsis.o)
    0x08002bf8   0x08002bf8   0x00000056   Code   RO         1660    i.isr_mbx_receive   RTX_CM3.lib(rt_mailbox.o)
    0x08002c4e   0x08002c4e   0x0000000e   Code   RO         1661    i.isr_mbx_send      RTX_CM3.lib(rt_mailbox.o)
    0x08002c5c   0x08002c5c   0x00000048   Code   RO            2    i.main              main.o
    0x08002ca4   0x08002ca4   0x00000018   Code   RO          715    i.osDelay           RTX_CM3.lib(rt_cmsis.o)
    0x08002cbc   0x08002cbc   0x00000024   Code   RO          716    i.osKernelInitialize  RTX_CM3.lib(rt_cmsis.o)
    0x08002ce0   0x08002ce0   0x0000006c   Code   RO          718    i.osKernelStart     RTX_CM3.lib(rt_cmsis.o)
    0x08002d4c   0x08002d4c   0x00000018   Code   RO          727    i.osMessageGet      RTX_CM3.lib(rt_cmsis.o)
    0x08002d64   0x08002d64   0x0000002c   Code   RO          744    i.osThreadCreate    RTX_CM3.lib(rt_cmsis.o)
    0x08002d90   0x08002d90   0x00000018   Code   RO          745    i.osThreadExit      RTX_CM3.lib(rt_cmsis.o)
    0x08002da8   0x08002da8   0x00000018   Code   RO          749    i.osThreadTerminate  RTX_CM3.lib(rt_cmsis.o)
    0x08002dc0   0x08002dc0   0x0000000c   Code   RO          751    i.osTimerCall       RTX_CM3.lib(rt_cmsis.o)
    0x08002dcc   0x08002dcc   0x0000002c   Code   RO          756    i.osTimerThread     RTX_CM3.lib(rt_cmsis.o)
    0x08002df8   0x08002df8   0x00000022   Code   RO           72    i.os_error          rtx_conf_cm.o
    0x08002e1a   0x08002e1a   0x00000004   Code   RO           73    i.os_idle_demon     rtx_conf_cm.o
    0x08002e1e   0x08002e1e   0x00000002   PAD
    0x08002e20   0x08002e20   0x00000028   Code   RO         1452    i.os_tick_init      RTX_CM3.lib(rt_system.o)
    0x08002e48   0x08002e48   0x00000002   Code   RO         1453    i.os_tick_irqack    RTX_CM3.lib(rt_system.o)
    0x08002e4a   0x08002e4a   0x0000001a   Code   RO         1806    i.rt_alloc_box      RTX_CM3.lib(rt_membox.o)
    0x08002e64   0x08002e64   0x0000003e   Code   RO         1834    i.rt_alloc_mem      RTX_CM3.lib(rt_memory.o)
    0x08002ea2   0x08002ea2   0x00000002   PAD
    0x08002ea4   0x08002ea4   0x00000038   Code   RO         1333    i.rt_block          RTX_CM3.lib(rt_task.o)
    0x08002edc   0x08002edc   0x00000048   Code   RO         1783    i.rt_chk_robin      RTX_CM3.lib(rt_robin.o)
    0x08002f24   0x08002f24   0x00000070   Code   RO         1584    i.rt_dec_dly        RTX_CM3.lib(rt_list.o)
    0x08002f94   0x08002f94   0x00000044   Code   RO         1334    i.rt_dispatch       RTX_CM3.lib(rt_task.o)
    0x08002fd8   0x08002fd8   0x00000006   Code   RO         1750    i.rt_dly_wait       RTX_CM3.lib(rt_time.o)
    0x08002fde   0x08002fde   0x00000002   PAD
    0x08002fe0   0x08002fe0   0x00000050   Code   RO         1545    i.rt_evt_psh        RTX_CM3.lib(rt_event.o)
    0x08003030   0x08003030   0x0000002c   Code   RO         1807    i.rt_free_box       RTX_CM3.lib(rt_membox.o)
    0x0800305c   0x0800305c   0x00000028   Code   RO         1835    i.rt_free_mem       RTX_CM3.lib(rt_memory.o)
    0x08003084   0x08003084   0x00000028   Code   RO         1585    i.rt_get_first      RTX_CM3.lib(rt_list.o)
    0x080030ac   0x080030ac   0x00000008   Code   RO          761    i.rt_id2obj         RTX_CM3.lib(rt_cmsis.o)
    0x080030b4   0x080030b4   0x00000048   Code   RO         1335    i.rt_init_context   RTX_CM3.lib(rt_task.o)
    0x080030fc   0x080030fc   0x0000001a   Code   RO         1836    i.rt_init_mem       RTX_CM3.lib(rt_memory.o)
    0x08003116   0x08003116   0x00000002   PAD
    0x08003118   0x08003118   0x00000018   Code   RO         1784    i.rt_init_robin     RTX_CM3.lib(rt_robin.o)
    0x08003130   0x08003130   0x00000080   Code   RO         1861    i.rt_init_stack     RTX_CM3.lib(hal_cm.o)
    0x080031b0   0x080031b0   0x00000008   Code   RO         1662    i.rt_mbx_check      RTX_CM3.lib(rt_mailbox.o)
    0x080031b8   0x080031b8   0x0000001a   Code   RO         1663    i.rt_mbx_init       RTX_CM3.lib(rt_mailbox.o)
    0x080031d2   0x080031d2   0x00000002   PAD
    0x080031d4   0x080031d4   0x000000f0   Code   RO         1664    i.rt_mbx_psh        RTX_CM3.lib(rt_mailbox.o)
    0x080032c4   0x080032c4   0x000000b4   Code   RO         1666    i.rt_mbx_wait       RTX_CM3.lib(rt_mailbox.o)
    0x08003378   0x08003378   0x00000044   Code   RO          762    i.rt_ms2tick        RTX_CM3.lib(rt_cmsis.o)
    0x080033bc   0x080033bc   0x00000010   Code   RO         1418    i.rt_mut_init       RTX_CM3.lib(rt_mutex.o)
    0x080033cc   0x080033cc   0x000000d8   Code   RO         1419    i.rt_mut_release    RTX_CM3.lib(rt_mutex.o)
    0x080034a4   0x080034a4   0x00000078   Code   RO         1420    i.rt_mut_wait       RTX_CM3.lib(rt_mutex.o)
    0x0800351c   0x0800351c   0x0000007c   Code   RO         1456    i.rt_pop_req        RTX_CM3.lib(rt_system.o)
    0x08003598   0x08003598   0x00000020   Code   RO         1457    i.rt_psh_req        RTX_CM3.lib(rt_system.o)
    0x080035b8   0x080035b8   0x0000005c   Code   RO         1587    i.rt_psq_enq        RTX_CM3.lib(rt_list.o)
    0x08003614   0x08003614   0x00000048   Code   RO         1588    i.rt_put_dly        RTX_CM3.lib(rt_list.o)
    0x0800365c   0x0800365c   0x00000036   Code   RO         1589    i.rt_put_prio       RTX_CM3.lib(rt_list.o)
    0x08003692   0x08003692   0x00000002   PAD
    0x08003694   0x08003694   0x00000014   Code   RO         1590    i.rt_put_rdy_first  RTX_CM3.lib(rt_list.o)
    0x080036a8   0x080036a8   0x00000034   Code   RO         1591    i.rt_resort_prio    RTX_CM3.lib(rt_list.o)
    0x080036dc   0x080036dc   0x00000006   Code   RO         1862    i.rt_ret_val        RTX_CM3.lib(hal_cm.o)
    0x080036e2   0x080036e2   0x00000008   Code   RO         1863    i.rt_ret_val2       RTX_CM3.lib(hal_cm.o)
    0x080036ea   0x080036ea   0x00000028   Code   RO         1592    i.rt_rmv_dly        RTX_CM3.lib(rt_list.o)
    0x08003712   0x08003712   0x00000002   PAD
    0x08003714   0x08003714   0x00000030   Code   RO         1593    i.rt_rmv_list       RTX_CM3.lib(rt_list.o)
    0x08003744   0x08003744   0x00000034   Code   RO         1711    i.rt_sem_psh        RTX_CM3.lib(rt_semaphore.o)
    0x08003778   0x08003778   0x00000024   Code   RO         1459    i.rt_stk_check      RTX_CM3.lib(rt_system.o)
    0x0800379c   0x0800379c   0x00000028   Code   RO         1336    i.rt_switch_req     RTX_CM3.lib(rt_task.o)
    0x080037c4   0x080037c4   0x000000cc   Code   RO         1337    i.rt_sys_init       RTX_CM3.lib(rt_task.o)
    0x08003890   0x08003890   0x00000078   Code   RO         1338    i.rt_sys_start      RTX_CM3.lib(rt_task.o)
    0x08003908   0x08003908   0x00000040   Code   RO         1461    i.rt_systick        RTX_CM3.lib(rt_system.o)
    0x08003948   0x08003948   0x00000012   Code   RO          763    i.rt_tid2ptcb       RTX_CM3.lib(rt_cmsis.o)
    0x0800395a   0x0800395a   0x00000002   PAD
    0x0800395c   0x0800395c   0x00000034   Code   RO          764    i.rt_timer_insert   RTX_CM3.lib(rt_cmsis.o)
    0x08003990   0x08003990   0x00000088   Code   RO         1339    i.rt_tsk_create     RTX_CM3.lib(rt_task.o)
    0x08003a18   0x08003a18   0x0000017c   Code   RO         1340    i.rt_tsk_delete     RTX_CM3.lib(rt_task.o)
    0x08003b94   0x08003b94   0x0000007c   Code   RO         1342    i.rt_tsk_prio       RTX_CM3.lib(rt_task.o)
    0x08003c10   0x08003c10   0x00000010   Code   RO         1343    i.rt_tsk_self       RTX_CM3.lib(rt_task.o)
    0x08003c20   0x08003c20   0x00000058   Code   RO           39    i.stdout_init       stdout_usart.o
    0x08003c78   0x08003c78   0x00000030   Code   RO           40    i.stdout_putchar    stdout_usart.o
    0x08003ca8   0x08003ca8   0x00000012   Code   RO          766    i.svcDelay          RTX_CM3.lib(rt_cmsis.o)
    0x08003cba   0x08003cba   0x00000002   PAD
    0x08003cbc   0x08003cbc   0x00000070   Code   RO          767    i.svcKernelInitialize  RTX_CM3.lib(rt_cmsis.o)
    0x08003d2c   0x08003d2c   0x00000048   Code   RO          769    i.svcKernelStart    RTX_CM3.lib(rt_cmsis.o)
    0x08003d74   0x08003d74   0x00000024   Code   RO          772    i.svcMessageCreate  RTX_CM3.lib(rt_cmsis.o)
    0x08003d98   0x08003d98   0x0000003a   Code   RO          773    i.svcMessageGet     RTX_CM3.lib(rt_cmsis.o)
    0x08003dd2   0x08003dd2   0x00000002   PAD
    0x08003dd4   0x08003dd4   0x0000006c   Code   RO          787    i.svcThreadCreate   RTX_CM3.lib(rt_cmsis.o)
    0x08003e40   0x08003e40   0x0000001c   Code   RO          788    i.svcThreadGetId    RTX_CM3.lib(rt_cmsis.o)
    0x08003e5c   0x08003e5c   0x00000038   Code   RO          791    i.svcThreadTerminate  RTX_CM3.lib(rt_cmsis.o)
    0x08003e94   0x08003e94   0x00000018   Code   RO          793    i.svcTimerCall      RTX_CM3.lib(rt_cmsis.o)
    0x08003eac   0x08003eac   0x0000005c   Code   RO          802    i.sysTimerTick      RTX_CM3.lib(rt_cmsis.o)
    0x08003f08   0x08003f08   0x00000010   Data   RO            3    .constdata          main.o
    0x08003f18   0x08003f18   0x00000068   Data   RO           75    .constdata          rtx_conf_cm.o
    0x08003f80   0x08003f80   0x00000084   Data   RO          160    .constdata          usart_stm32f10x.o
    0x08004004   0x08004004   0x00000017   Data   RO          351    .constdata          retarget_io.o
    0x0800401b   0x0800401b   0x00000001   PAD
    0x0800401c   0x0800401c   0x00000020   Data   RO         2281    Region$$Table       anon$$obj.o


    Execution Region RW_IRAM1 (Exec base: 0x20000000, Load base: 0x0800403c, Size: 0x00001b08, Max: 0x00018000, ABSOLUTE)

    Exec Addr    Load Addr    Size         Type   Attr      Idx    E Section Name        Object

    0x20000000   0x0800403c   0x00000008   Data   RW            4    .data               main.o
    0x20000008   0x08004044   0x00000014   Data   RW           76    .data               rtx_conf_cm.o
    0x2000001c   0x08004058   0x00000008   Data   RW          805    .data               RTX_CM3.lib(rt_cmsis.o)
    0x20000024   0x08004060   0x00000008   Data   RW         1345    .data               RTX_CM3.lib(rt_task.o)
    0x2000002c   0x08004068   0x00000008   Data   RW         1464    .data               RTX_CM3.lib(rt_system.o)
    0x20000034   0x08004070   0x00000004   Data   RW         1754    .data               RTX_CM3.lib(rt_time.o)
    0x20000038   0x08004074   0x00000008   Data   RW         1785    .data               RTX_CM3.lib(rt_robin.o)
    0x20000040   0x0800407c   0x00000001   Data   RW         1864    .data               RTX_CM3.lib(hal_cm.o)
    0x20000041   0x0800407d   0x00000003   PAD
    0x20000044   0x08004080   0x00000004   Data   RW         1952    .data               c_w.l(stdio_streams.o)
    0x20000048   0x08004084   0x00000004   Data   RW         1953    .data               c_w.l(stdio_streams.o)
    0x2000004c   0x08004088   0x00000004   Data   RW         1954    .data               c_w.l(stdio_streams.o)
    0x20000050   0x0800408c   0x00000004   Data   RW         2061    .data               c_w.l(streamlock.o)
    0x20000054   0x08004090   0x00000004   PAD
    0x20000058        -       0x000012b8   Zero   RW           74    .bss                rtx_conf_cm.o
    0x20001310        -       0x00000038   Zero   RW          159    .bss                usart_stm32f10x.o
    0x20001348        -       0x00000034   Zero   RW         1344    .bss                RTX_CM3.lib(rt_task.o)
    0x2000137c        -       0x00000030   Zero   RW         1594    .bss                RTX_CM3.lib(rt_list.o)
    0x200013ac        -       0x00000060   Zero   RW         1922    .bss                c_w.l(libspace.o)
    0x2000140c        -       0x00000054   Zero   RW         1949    .bss                c_w.l(stdio_streams.o)
    0x20001460        -       0x00000054   Zero   RW         1950    .bss                c_w.l(stdio_streams.o)
    0x200014b4        -       0x00000054   Zero   RW         1951    .bss                c_w.l(stdio_streams.o)
    0x20001508        -       0x00000200   Zero   RW          656    HEAP                startup_stm32f10x_xl.o
    0x20001708        -       0x00000400   Zero   RW          655    STACK               startup_stm32f10x_xl.o


==============================================================================

Image component sizes


      Code (inc. data)   RO Data    RW Data    ZI Data      Debug   Object Name

       368         50          0          0          0      12971   dma_stm32f10x.o
       744         76          0          0          0       6533   gpio_stm32f10x.o
       184         84         16          8          0      10443   main.o
       328         24         23          0          0       5386   retarget_io.o
       214         48        104         20       4792      10931   rtx_conf_cm.o
        64         26        304          0       1536        860   startup_stm32f10x_xl.o
       136         10          0          0          0       8139   stdout_usart.o
       328         28          0          0          0       2185   system_stm32f10x.o
      4800        176        132          0         56     262254   usart_stm32f10x.o

    ----------------------------------------------------------------------
      7192        522        612         28       6384     319702   Object Totals
         0          0         32          0          0          0   (incl. Generated)
        26          0          1          0          0          0   (incl. Padding)

    ----------------------------------------------------------------------

      Code (inc. data)   RO Data    RW Data    ZI Data      Debug   Library Member Name

       238         24          0          1          0       3244   hal_cm.o
       304         36          0          0          0        756   hal_cm3.o
      1176        150          0          8          0      33954   rt_cmsis.o
        80          4          0          0          0        649   rt_event.o
       530         34          0          0         48       8157   rt_list.o
       554         10          0          0          0       3889   rt_mailbox.o
       140          0          0          0          0       1889   rt_membox.o
       128          0          0          0          0       2267   rt_memory.o
       352         14          0          0          0       2073   rt_mutex.o
        96         22          0          8          0       1134   rt_robin.o
        52          4          0          0          0        565   rt_semaphore.o
       298         52          0          8          0       6139   rt_system.o
      1216        174          0          8         52       9537   rt_task.o
         6          0          0          4          0        636   rt_time.o
         4          4          0          0          0        196   svc_table.o
         8          0          0          0          0         68   __main.o
        40          0          0          0          0         84   __printf_nopercent.o
         0          0          0          0          0          0   __rtentry.o
        20          0          0          0          0          0   __rtentry2.o
         6          0          0          0          0          0   __rtentry4.o
        52          8          0          0          0          0   __scatter.o
        26          0          0          0          0          0   __scatter_copy.o
        28          0          0          0          0          0   __scatter_zi.o
        48          6          0          0          0         96   _printf_char_common.o
        64          6          0          0          0         84   _printf_char_file_locked.o
        10          0          0          0          0         68   defsig_exit.o
        50          0          0          0          0         88   defsig_general.o
        80         58          0          0          0         76   defsig_rtmem_inner.o
        14          0          0          0          0         80   defsig_rtmem_outer.o
        52         38          0          0          0         76   defsig_rtred_inner.o
        14          0          0          0          0         80   defsig_rtred_outer.o
        18          0          0          0          0         80   exit.o
        76          0          0          0          0         88   fclose.o
       470          0          0          0          0         88   flsbuf.o
       324          8          0          0          0        152   fopen_locked.o
        26          0          0          0          0         68   fputc.o
       248          6          0          0          0         84   fseek.o
        66          0          0          0          0         76   ftell.o
       158          0          0          0          0        128   h1_alloc_mt.o
        62          0          0          0          0         80   h1_extend_mt.o
       118          0          0          0          0        108   h1_free_mt.o
        18          0          0          0          0         84   h1_init_mt.o
         6          0          0          0          0        152   heapauxi.o
         4          0          0          0          0        136   hguard.o
         0          0          0          0          0          0   indicate_semi.o
       138          0          0          0          0        168   init_alloc.o
       456         48          0          0          0        116   initio_locked.o
         2          0          0          0          0          0   libinit.o
        14          0          0          0          0          0   libinit2.o
         2          0          0          0          0          0   libshutdown.o
         6          0          0          0          0          0   libshutdown2.o
         8          4          0          0         96         68   libspace.o
         0          0          0          0          0          0   maybetermalloc1.o
        24          4          0          0          0         84   noretval__2printf.o
         4          0          0          0          0         68   rt_errno_addr_twolibspace.o
        10          0          0          0          0         76   rt_heap_descriptor_twolibspace.o
        78          0          0          0          0         80   rt_memclr_w.o
         2          0          0          0          0          0   rtexit.o
        10          0          0          0          0          0   rtexit2.o
       104          0          0          0          0         88   setvbuf_locked.o
       240          6          0          0          0        156   stdio.o
         0          0          0         12        252          0   stdio_streams.o
       128          0          0          0          0         68   strcmpv7m.o
         0          0          0          4          0          0   streamlock.o
        12          4          0          0          0         68   sys_exit.o
        74          0          0          0          0         80   sys_stackheap_outer.o
        14          0          0          0          0         76   sys_wrch.o
         2          0          0          0          0         68   use_no_semi.o

    ----------------------------------------------------------------------
      8640        724          0         56        452      78473   Library Totals
        32          0          0          3          4          0   (incl. Padding)

    ----------------------------------------------------------------------

      Code (inc. data)   RO Data    RW Data    ZI Data      Debug   Library Name

      5174        528          0         37        100      75085   RTX_CM3.lib
      3434        196          0         16        348       3388   c_w.l

    ----------------------------------------------------------------------
      8640        724          0         56        452      78473   Library Totals

    ----------------------------------------------------------------------

==============================================================================


      Code (inc. data)   RO Data    RW Data    ZI Data      Debug   

     15832       1246        612         84       6836     388811   Grand Totals
     15832       1246        612         84       6836     388811   ELF Image Totals
     15832       1246        612         84          0          0   ROM Totals

==============================================================================

    Total RO  Size (Code + RO Data)                16444 (  16.06kB)
    Total RW  Size (RW Data + ZI Data)              6920 (   6.76kB)
    Total ROM Size (Code + RO Data + RW Data)      16528 (  16.14kB)

==============================================================================

