Component: ARM Compiler 5.06 update 6 (build 750) Tool: armlink [4d35ed]

==============================================================================

Section Cross References

    main.o(i.Thread_Mutex) refers to _printf_percent.o(.ARM.Collect$$_printf_percent$$00000000) for _printf_percent
    main.o(i.Thread_Mutex) refers to _printf_d.o(.ARM.Collect$$_printf_percent$$00000009) for _printf_d
    main.o(i.Thread_Mutex) refers to _printf_dec.o(.text) for _printf_int_dec
    main.o(i.Thread_Mutex) refers to noretval__2printf.o(.text) for __2printf
    main.o(i.Thread_Mutex) refers to rt_cmsis.o(i.osMutexWait) for osMutexWait
    main.o(i.Thread_Mutex) refers to rt_cmsis.o(i.osMutexRelease) for osMutexRelease
    main.o(i.Thread_Mutex) refers to main.o(.data) for MutexID
    main.o(i.main) refers to rt_cmsis.o(i.osKernelInitialize) for osKernelInitialize
    main.o(i.main) refers to stdout_usart.o(i.stdout_init) for stdout_init
    main.o(i.main) refers to rt_cmsis.o(i.osThreadCreate) for osThreadCreate
    main.o(i.main) refers to rt_cmsis.o(i.osMutexCreate) for osMutexCreate
    main.o(i.main) refers to noretval__2printf.o(.text) for __2printf
    main.o(i.main) refers to rt_cmsis.o(i.osKernelStart) for osKernelStart
    main.o(i.main) refers to main.o(.constdata) for os_thread_def_Thread_Mutex
    main.o(i.main) refers to main.o(.data) for MutexID
    main.o(.constdata) refers to main.o(.bss) for os_mutex_cb_lock
    main.o(.constdata) refers to main.o(i.Thread_Mutex) for Thread_Mutex
    stdout_usart.o(i.stdout_init) refers to usart_stm32f10x.o(.constdata) for Driver_USART1
    stdout_usart.o(i.stdout_putchar) refers to usart_stm32f10x.o(.constdata) for Driver_USART1
    rtx_conf_cm.o(.emb_text) refers to rt_cmsis.o(i.osKernelInitialize) for osKernelInitialize
    rtx_conf_cm.o(.emb_text) refers to rt_cmsis.o(i.osThreadCreate) for osThreadCreate
    rtx_conf_cm.o(.emb_text) refers to rt_cmsis.o(i.osKernelStart) for osKernelStart
    rtx_conf_cm.o(.emb_text) refers to exit.o(.text) for exit
    rtx_conf_cm.o(.emb_text) refers to rtx_conf_cm.o(.constdata) for os_thread_def_main
    rtx_conf_cm.o(i.__user_perthread_libspace) refers to rt_task.o(i.rt_tsk_self) for rt_tsk_self
    rtx_conf_cm.o(i.__user_perthread_libspace) refers to rt_cmsis.o(.data) for os_running
    rtx_conf_cm.o(i.__user_perthread_libspace) refers to rtx_conf_cm.o(.bss) for .bss
    rtx_conf_cm.o(i.__user_perthread_libspace) refers to libspace.o(.bss) for __libspace_start
    rtx_conf_cm.o(i._mutex_acquire) refers to rt_cmsis.o(.data) for os_running
    rtx_conf_cm.o(i._mutex_acquire) refers to rt_mutex.o(i.rt_mut_wait) for rt_mut_wait
    rtx_conf_cm.o(i._mutex_initialize) refers to rt_mutex.o(i.rt_mut_init) for rt_mut_init
    rtx_conf_cm.o(i._mutex_initialize) refers to rtx_conf_cm.o(.data) for .data
    rtx_conf_cm.o(i._mutex_initialize) refers to rtx_conf_cm.o(.bss) for .bss
    rtx_conf_cm.o(i._mutex_release) refers to rt_cmsis.o(.data) for os_running
    rtx_conf_cm.o(i._mutex_release) refers to rt_mutex.o(i.rt_mut_release) for rt_mut_release
    rtx_conf_cm.o(.constdata) refers to rt_cmsis.o(i.osTimerThread) for osTimerThread
    rtx_conf_cm.o(.constdata) refers to rtx_conf_cm.o(.bss) for os_messageQ_q_osTimerMessageQ
    rtx_conf_cm.o(.constdata) refers to main.o(i.main) for main
    usart_stm32f10x.o(i.USART1_Control) refers to usart_stm32f10x.o(i.USART_Control) for USART_Control
    usart_stm32f10x.o(i.USART1_Control) refers to usart_stm32f10x.o(.constdata) for USART1_Resources
    usart_stm32f10x.o(i.USART1_GetCapabilities) refers to usart_stm32f10x.o(i.USART_GetCapabilities) for USART_GetCapabilities
    usart_stm32f10x.o(i.USART1_GetCapabilities) refers to usart_stm32f10x.o(.constdata) for USART1_Resources
    usart_stm32f10x.o(i.USART1_GetModemStatus) refers to usart_stm32f10x.o(i.USART_GetModemStatus) for USART_GetModemStatus
    usart_stm32f10x.o(i.USART1_GetModemStatus) refers to usart_stm32f10x.o(.constdata) for USART1_Resources
    usart_stm32f10x.o(i.USART1_GetRxCount) refers to usart_stm32f10x.o(i.USART_GetRxCount) for USART_GetRxCount
    usart_stm32f10x.o(i.USART1_GetRxCount) refers to usart_stm32f10x.o(.constdata) for USART1_Resources
    usart_stm32f10x.o(i.USART1_GetStatus) refers to usart_stm32f10x.o(i.USART_GetStatus) for USART_GetStatus
    usart_stm32f10x.o(i.USART1_GetStatus) refers to usart_stm32f10x.o(.constdata) for USART1_Resources
    usart_stm32f10x.o(i.USART1_GetTxCount) refers to usart_stm32f10x.o(i.USART_GetTxCount) for USART_GetTxCount
    usart_stm32f10x.o(i.USART1_GetTxCount) refers to usart_stm32f10x.o(.constdata) for USART1_Resources
    usart_stm32f10x.o(i.USART1_IRQHandler) refers to usart_stm32f10x.o(i.USART_IRQHandler) for USART_IRQHandler
    usart_stm32f10x.o(i.USART1_IRQHandler) refers to usart_stm32f10x.o(.constdata) for USART1_Resources
    usart_stm32f10x.o(i.USART1_Initialize) refers to usart_stm32f10x.o(i.USART_Initialize) for USART_Initialize
[...]
    i.rt_alloc_box                           0x08003142   Section        0  rt_membox.o(i.rt_alloc_box)
    i.rt_alloc_mem                           0x0800315c   Section        0  rt_memory.o(i.rt_alloc_mem)
    i.rt_block                               0x0800319c   Section        0  rt_task.o(i.rt_block)
    i.rt_chk_robin                           0x080031d4   Section        0  rt_robin.o(i.rt_chk_robin)
    i.rt_dec_dly                             0x0800321c   Section        0  rt_list.o(i.rt_dec_dly)
    i.rt_dispatch                            0x0800328c   Section        0  rt_task.o(i.rt_dispatch)
    i.rt_evt_psh                             0x080032d0   Section        0  rt_event.o(i.rt_evt_psh)
    i.rt_free_box                            0x08003320   Section        0  rt_membox.o(i.rt_free_box)
    i.rt_free_mem                            0x0800334c   Section        0  rt_memory.o(i.rt_free_mem)
    i.rt_get_first                           0x08003374   Section        0  rt_list.o(i.rt_get_first)
    i.rt_id2obj                              0x0800339c   Section        0  rt_cmsis.o(i.rt_id2obj)
    rt_id2obj                                0x0800339d   Thumb Code     8  rt_cmsis.o(i.rt_id2obj)
    i.rt_init_context                        0x080033a4   Section        0  rt_task.o(i.rt_init_context)
    rt_init_context                          0x080033a5   Thumb Code    66  rt_task.o(i.rt_init_context)
    i.rt_init_mem                            0x080033ec   Section        0  rt_memory.o(i.rt_init_mem)
    i.rt_init_robin                          0x08003408   Section        0  rt_robin.o(i.rt_init_robin)
    i.rt_init_stack                          0x08003420   Section        0  hal_cm.o(i.rt_init_stack)
    i.rt_mbx_check                           0x080034a0   Section        0  rt_mailbox.o(i.rt_mbx_check)
    i.rt_mbx_init                            0x080034a8   Section        0  rt_mailbox.o(i.rt_mbx_init)
    i.rt_mbx_psh                             0x080034c4   Section        0  rt_mailbox.o(i.rt_mbx_psh)
    i.rt_mbx_wait                            0x080035b4   Section        0  rt_mailbox.o(i.rt_mbx_wait)
    i.rt_ms2tick                             0x08003668   Section        0  rt_cmsis.o(i.rt_ms2tick)
    rt_ms2tick                               0x08003669   Thumb Code    58  rt_cmsis.o(i.rt_ms2tick)
    i.rt_mut_init                            0x080036ac   Section        0  rt_mutex.o(i.rt_mut_init)
    i.rt_mut_release                         0x080036bc   Section        0  rt_mutex.o(i.rt_mut_release)
    i.rt_mut_wait                            0x08003794   Section        0  rt_mutex.o(i.rt_mut_wait)
    i.rt_pop_req                             0x0800380c   Section        0  rt_system.o(i.rt_pop_req)
    i.rt_psh_req                             0x08003888   Section        0  rt_system.o(i.rt_psh_req)
    i.rt_psq_enq                             0x080038a8   Section        0  rt_list.o(i.rt_psq_enq)
    i.rt_put_dly                             0x08003904   Section        0  rt_list.o(i.rt_put_dly)
    i.rt_put_prio                            0x0800394c   Section        0  rt_list.o(i.rt_put_prio)
    i.rt_put_rdy_first                       0x08003984   Section        0  rt_list.o(i.rt_put_rdy_first)
    i.rt_resort_prio                         0x08003998   Section        0  rt_list.o(i.rt_resort_prio)
    i.rt_ret_val                             0x080039cc   Section        0  hal_cm.o(i.rt_ret_val)
    i.rt_ret_val2                            0x080039d2   Section        0  hal_cm.o(i.rt_ret_val2)
    i.rt_rmv_dly                             0x080039da   Section        0  rt_list.o(i.rt_rmv_dly)
    i.rt_rmv_list                            0x08003a04   Section        0  rt_list.o(i.rt_rmv_list)
    i.rt_sem_psh                             0x08003a34   Section        0  rt_semaphore.o(i.rt_sem_psh)
    i.rt_stk_check                           0x08003a68   Section        0  rt_system.o(i.rt_stk_check)
    i.rt_switch_req                          0x08003a8c   Section        0  rt_task.o(i.rt_switch_req)
    i.rt_sys_init                            0x08003ab4   Section        0  rt_task.o(i.rt_sys_init)
    i.rt_sys_start                           0x08003b80   Section        0  rt_task.o(i.rt_sys_start)
    i.rt_systick                             0x08003bf8   Section        0  rt_system.o(i.rt_systick)
    i.rt_tid2ptcb                            0x08003c38   Section        0  rt_cmsis.o(i.rt_tid2ptcb)
    rt_tid2ptcb                              0x08003c39   Thumb Code    18  rt_cmsis.o(i.rt_tid2ptcb)
    i.rt_timer_insert                        0x08003c4c   Section        0  rt_cmsis.o(i.rt_timer_insert)
    rt_timer_insert                          0x08003c4d   Thumb Code    48  rt_cmsis.o(i.rt_timer_insert)
    i.rt_tsk_create                          0x08003c80   Section        0  rt_task.o(i.rt_tsk_create)
    i.rt_tsk_delete                          0x08003d08   Section        0  rt_task.o(i.rt_tsk_delete)
    i.rt_tsk_prio                            0x08003e84   Section        0  rt_task.o(i.rt_tsk_prio)
    i.rt_tsk_self                            0x08003f00   Section        0  rt_task.o(i.rt_tsk_self)
    i.stdout_init                            0x08003f10   Section        0  stdout_usart.o(i.stdout_init)
    i.stdout_putchar                         0x08003f68   Section        0  stdout_usart.o(i.stdout_putchar)
    i.svcKernelInitialize                    0x08003f98   Section        0  rt_cmsis.o(i.svcKernelInitialize)
    i.svcKernelStart                         0x08004008   Section        0  rt_cmsis.o(i.svcKernelStart)
    i.svcMessageCreate                       0x08004050   Section        0  rt_cmsis.o(i.svcMessageCreate)
    i.svcMessageGet                          0x08004074   Section        0  rt_cmsis.o(i.svcMessageGet)
    i.svcMutexCreate                         0x080040ae   Section        0  rt_cmsis.o(i.svcMutexCreate)
    i.svcMutexRelease                        0x080040ca   Section        0  rt_cmsis.o(i.svcMutexRelease)
    i.svcMutexWait                           0x080040ec   Section        0  rt_cmsis.o(i.svcMutexWait)
    i.svcThreadCreate                        0x08004128   Section        0  rt_cmsis.o(i.svcThreadCreate)
    i.svcThreadGetId                         0x08004194   Section        0  rt_cmsis.o(i.svcThreadGetId)
    i.svcThreadTerminate                     0x080041b0   Section        0  rt_cmsis.o(i.svcThreadTerminate)
    i.svcTimerCall                           0x080041e8   Section        0  rt_cmsis.o(i.svcTimerCall)
    i.sysTimerTick                           0x08004200   Section        0  rt_cmsis.o(i.sysTimerTick)
    .constdata                               0x0800425c   Section       20  main.o(.constdata)
    .constdata                               0x08004270   Section      104  rtx_conf_cm.o(.constdata)
    __tagsym$$used                           0x0800428c   Number         0  rtx_conf_cm.o(.constdata)
    __tagsym$$used                           0x08004290   Number         0  rtx_conf_cm.o(.constdata)
    __tagsym$$used                           0x08004294   Number         0  rtx_conf_cm.o(.constdata)
    __tagsym$$used                           0x08004298   Number         0  rtx_conf_cm.o(.constdata)
    .constdata                               0x080042d8   Section      132  usart_stm32f10x.o(.constdata)
    usart_driver_version                     0x080042d8   Data           4  usart_stm32f10x.o(.constdata)
    USART1_tx                                0x080042dc   Data           8  usart_stm32f10x.o(.constdata)
    USART1_rx                                0x080042e4   Data           8  usart_stm32f10x.o(.constdata)
    USART1_Resources                         0x080042ec   Data          56  usart_stm32f10x.o(.constdata)
    .constdata                               0x0800435c   Section       23  retarget_io.o(.constdata)
    .data                                    0x20000000   Section        4  main.o(.data)
    .data                                    0x20000004   Section       20  rtx_conf_cm.o(.data)
    nr_mutex                                 0x20000014   Data           4  rtx_conf_cm.o(.data)
    .data                                    0x20000018   Section        8  rt_cmsis.o(.data)
    .data                                    0x20000020   Section        8  rt_task.o(.data)
    .data                                    0x20000028   Section        8  rt_system.o(.data)
    os_lock                                  0x20000028   Data           1  rt_system.o(.data)
    os_psh_flag                              0x20000029   Data           1  rt_system.o(.data)
    pend_flags                               0x2000002a   Data           1  rt_system.o(.data)
    .data                                    0x20000030   Section        4  rt_time.o(.data)
    .data                                    0x20000034   Section        8  rt_robin.o(.data)
    .data                                    0x2000003c   Section        1  hal_cm.o(.data)
    .data                                    0x20000040   Section        4  stdio_streams.o(.data)
    .data                                    0x20000044   Section        4  stdio_streams.o(.data)
    .data                                    0x20000048   Section        4  stdio_streams.o(.data)
    .data                                    0x2000004c   Section        4  streamlock.o(.data)
    .bss                                     0x20000050   Section       16  main.o(.bss)
    .bss                                     0x20000060   Section     5088  rtx_conf_cm.o(.bss)
    std_libspace                             0x20001120   Data         672  rtx_conf_cm.o(.bss)
    std_libmutex                             0x200013c0   Data         128  rtx_conf_cm.o(.bss)
    .bss                                     0x20001440   Section       56  usart_stm32f10x.o(.bss)
    USART1_Info                              0x20001440   Data          20  usart_stm32f10x.o(.bss)
    USART1_TransferInfo                      0x20001454   Data          36  usart_stm32f10x.o(.bss)
    .bss                                     0x20001478   Section       52  rt_task.o(.bss)
    .bss                                     0x200014ac   Section       48  rt_list.o(.bss)
    .bss                                     0x200014dc   Section       96  libspace.o(.bss)
    .bss                                     0x2000153c   Section       84  stdio_streams.o(.bss)
    .bss                                     0x20001590   Section       84  stdio_streams.o(.bss)
    .bss                                     0x200015e4   Section       84  stdio_streams.o(.bss)
    HEAP                                     0x20001638   Section      512  startup_stm32f10x_xl.o(HEAP)
    Heap_Mem                                 0x20001638   Data         512  startup_stm32f10x_xl.o(HEAP)
    STACK                                    0x20001838   Section     1024  startup_stm32f10x_xl.o(STACK)
    Stack_Mem                                0x20001838   Data        1024  startup_stm32f10x_xl.o(STACK)
    __initial_sp                             0x20001c38   Data           0  startup_stm32f10x_xl.o(STACK)

    Global Symbols

    Symbol Name                              Value     Ov Type        Size  Object(Section)

    BuildAttributes$$THM_ISAv4$P$D$K$B$S$PE$A:L22UL41UL21$X:L11$S22US41US21$IEEE1$IW$USESV6$~STKCKD$USESV7$~SHL$OTIME$ROPI$EBA8$UX$STANDARDLIB$REQ8$PRES8$EABIv2 0x00000000   Number         0  anon$$obj.o ABSOLUTE
    __ARM_use_no_argv                        0x00000000   Number         0  main.o ABSOLUTE
    __ARM_exceptions_init                     - Undefined Weak Reference
    __alloca_initialize                       - Undefined Weak Reference
    __arm_preinit_                            - Undefined Weak Reference
    __cpp_initialize__aeabi_                  - Undefined Weak Reference
    __cxa_finalize                            - Undefined Weak Reference
    __rt_locale                               - Undefined Weak Reference
    __sigvec_lookup                           - Undefined Weak Reference
    __user_heap_extent                        - Undefined Weak Reference
    _atexit_init                              - Undefined Weak Reference
    _call_atexit_fns                          - Undefined Weak Reference
    _clock_init                               - Undefined Weak Reference
    _fp_trap_init                             - Undefined Weak Reference
    _fp_trap_shutdown                         - Undefined Weak Reference
    _get_lc_collate                           - Undefined Weak Reference
    _get_lc_ctype                             - Undefined Weak Reference
    _get_lc_monetary                          - Undefined Weak Reference
    _get_lc_numeric                           - Undefined Weak Reference
    _get_lc_time                              - Undefined Weak Reference
    _getenv_init                              - Undefined Weak Reference
    _handle_redirection                       - Undefined Weak Reference
    _mutex_free                               - Undefined Weak Reference
    _printf_post_padding                      - Undefined Weak Reference
    _printf_pre_padding                       - Undefined Weak Reference
    _printf_truncate_signed                   - Undefined Weak Reference
    _printf_truncate_unsigned                 - Undefined Weak Reference
    _rand_init                                - Undefined Weak Reference
    _signal_finish                            - Undefined Weak Reference
    _signal_init                              - Undefined Weak Reference
    __Vectors_Size                           0x00000130   Number         0  startup_stm32f10x_xl.o ABSOLUTE
    __RL_RTX_VER                             0x00000482   Number         0  rt_system.o ABSOLUTE
    __Vectors                                0x08000000   Data           4  startup_stm32f10x_xl.o(RESET)
    __Vectors_End                            0x08000130   Data           0  startup_stm32f10x_xl.o(RESET)
    __main                                   0x08000131   Thumb Code     8  __main.o(!!!main)
    __scatterload                            0x08000139   Thumb Code     0  __scatter.o(!!!scatter)
    __scatterload_rt2                        0x08000139   Thumb Code    44  __scatter.o(!!!scatter)
    __scatterload_rt2_thumb_only             0x08000139   Thumb Code     0  __scatter.o(!!!scatter)
    __scatterload_null                       0x08000147   Thumb Code     0  __scatter.o(!!!scatter)
    __scatterload_copy                       0x0800016d   Thumb Code    26  __scatter_copy.o(!!handler_copy)
    __scatterload_zeroinit                   0x08000189   Thumb Code    28  __scatter_zi.o(!!handler_zi)
    _printf_d                                0x080001a5   Thumb Code     0  _printf_d.o(.ARM.Collect$$_printf_percent$$00000009)
    _printf_percent                          0x080001a5   Thumb Code     0  _printf_percent.o(.ARM.Collect$$_printf_percent$$00000000)
    _printf_percent_end                      0x080001ab   Thumb Code     0  _printf_percent_end.o(.ARM.Collect$$_printf_percent$$00000017)
    __rt_lib_init                            0x080001af   Thumb Code     0  libinit.o(.ARM.Collect$$libinit$$00000000)
    __rt_lib_init_fp_1                       0x080001b1   Thumb Code     0  libinit2.o(.ARM.Collect$$libinit$$00000002)
    __rt_lib_init_heap_2                     0x080001b1   Thumb Code     0  libinit2.o(.ARM.Collect$$libinit$$00000005)
    __rt_lib_init_preinit_1                  0x080001b1   Thumb Code     0  libinit2.o(.ARM.Collect$$libinit$$00000004)
    __rt_lib_init_atexit_1                   0x080001b9   Thumb Code     0  libinit2.o(.ARM.Collect$$libinit$$0000001B)
    __rt_lib_init_clock_1                    0x080001b9   Thumb Code     0  libinit2.o(.ARM.Collect$$libinit$$00000021)
    __rt_lib_init_fp_trap_1                  0x080001b9   Thumb Code     0  libinit2.o(.ARM.Collect$$libinit$$0000001F)
    __rt_lib_init_getenv_1                   0x080001b9   Thumb Code     0  libinit2.o(.ARM.Collect$$libinit$$00000023)
    __rt_lib_init_heap_1                     0x080001b9   Thumb Code     0  libinit2.o(.ARM.Collect$$libinit$$0000000A)
    __rt_lib_init_lc_collate_1               0x080001b9   Thumb Code     0  libinit2.o(.ARM.Collect$$libinit$$00000011)
    __rt_lib_init_lc_ctype_1                 0x080001b9   Thumb Code     0  libinit2.o(.ARM.Collect$$libinit$$00000013)
    __rt_lib_init_lc_monetary_1              0x080001b9   Thumb Code     0  libinit2.o(.ARM.Collect$$libinit$$00000015)
    __rt_lib_init_lc_numeric_1               0x080001b9   Thumb Code     0  libinit2.o(.ARM.Collect$$libinit$$00000017)
    __rt_lib_init_lc_time_1                  0x080001b9   Thumb Code     0  libinit2.o(.ARM.Collect$$libinit$$00000019)
    __rt_lib_init_rand_1                     0x080001b9   Thumb Code     0  libinit2.o(.ARM.Collect$$libinit$$0000000E)
    __rt_lib_init_signal_1                   0x080001b9   Thumb Code     0  libinit2.o(.ARM.Collect$$libinit$$0000001D)
    __rt_lib_init_stdio_2                    0x080001b9   Thumb Code     0  libinit2.o(.ARM.Collect$$libinit$$00000024)
    __rt_lib_init_user_alloc_1               0x080001b9   Thumb Code     0  libinit2.o(.ARM.Collect$$libinit$$0000000C)
    __rt_lib_init_alloca_1                   0x080001bd   Thumb Code     0  libinit2.o(.ARM.Collect$$libinit$$0000002E)
    __rt_lib_init_argv_1                     0x080001bd   Thumb Code     0  libinit2.o(.ARM.Collect$$libinit$$0000002C)
    __rt_lib_init_cpp_1                      0x080001bd   Thumb Code     0  libinit2.o(.ARM.Collect$$libinit$$00000032)
    __rt_lib_init_exceptions_1               0x080001bd   Thumb Code     0  libinit2.o(.ARM.Collect$$libinit$$00000030)
    __rt_lib_init_return                     0x080001bd   Thumb Code     0  libinit2.o(.ARM.Collect$$libinit$$00000033)
    __rt_lib_init_stdio_1                    0x080001bd   Thumb Code     0  libinit2.o(.ARM.Collect$$libinit$$00000025)
    __rt_lib_shutdown                        0x080001bf   Thumb Code     0  libshutdown.o(.ARM.Collect$$libshutdown$$00000000)
    __rt_lib_shutdown_cpp_1                  0x080001c1   Thumb Code     0  libshutdown2.o(.ARM.Collect$$libshutdown$$00000002)
    __rt_lib_shutdown_stdio_2                0x080001c1   Thumb Code     0  libshutdown2.o(.ARM.Collect$$libshutdown$$00000003)
    __rt_lib_shutdown_fp_trap_1              0x080001c5   Thumb Code     0  libshutdown2.o(.ARM.Collect$$libshutdown$$00000007)
    __rt_lib_shutdown_heap_1                 0x080001c5   Thumb Code     0  libshutdown2.o(.ARM.Collect$$libshutdown$$0000000F)
    __rt_lib_shutdown_return                 0x080001c5   Thumb Code     0  libshutdown2.o(.ARM.Collect$$libshutdown$$00000010)
    __rt_lib_shutdown_signal_1               0x080001c5   Thumb Code     0  libshutdown2.o(.ARM.Collect$$libshutdown$$0000000A)
    __rt_lib_shutdown_stdio_1                0x080001c5   Thumb Code     0  libshutdown2.o(.ARM.Collect$$libshutdown$$00000004)
    __rt_lib_shutdown_user_alloc_1           0x080001c5   Thumb Code     0  libshutdown2.o(.ARM.Collect$$libshutdown$$0000000C)
    __rt_entry                               0x080001c7   Thumb Code     0  __rtentry.o(.ARM.Collect$$rtentry$$00000000)
    __rt_entry_presh_1                       0x080001c7   Thumb Code     0  __rtentry2.o(.ARM.Collect$$rtentry$$00000002)
    __rt_entry_sh                            0x080001c7   Thumb Code     0  __rtentry4.o(.ARM.Collect$$rtentry$$00000004)
    __rt_entry_li                            0x080001cd   Thumb Code     0  __rtentry2.o(.ARM.Collect$$rtentry$$0000000A)
    __rt_entry_postsh_1                      0x080001cd   Thumb Code     0  __rtentry2.o(.ARM.Collect$$rtentry$$00000009)
    __rt_entry_postli_1                      0x080001d1   Thumb Code     0  __rtentry2.o(.ARM.Collect$$rtentry$$0000000B)
    __rt_entry_main                          0x080001d9   Thumb Code     0  __rtentry2.o(.ARM.Collect$$rtentry$$0000000D)
    __rt_exit                                0x080001e1   Thumb Code     0  rtexit.o(.ARM.Collect$$rtexit$$00000000)
    __rt_exit_ls                             0x080001e3   Thumb Code     0  rtexit2.o(.ARM.Collect$$rtexit$$00000003)
    __rt_exit_prels_1                        0x080001e3   Thumb Code     0  rtexit2.o(.ARM.Collect$$rtexit$$00000002)
    __rt_exit_exit                           0x080001e7   Thumb Code     0  rtexit2.o(.ARM.Collect$$rtexit$$00000004)
    _platform_post_lib_init                  0x080001ed   Thumb Code    24  rtx_conf_cm.o(.emb_text)
    rt_set_PSP                               0x08000209   Thumb Code     6  hal_cm3.o(.emb_text)
    rt_get_PSP                               0x0800020f   Thumb Code     6  hal_cm3.o(.emb_text)
    os_set_env                               0x08000215   Thumb Code    24  hal_cm3.o(.emb_text)
    _alloc_box                               0x08000231   Thumb Code    28  hal_cm3.o(.emb_text)
    _free_box                                0x08000251   Thumb Code    28  hal_cm3.o(.emb_text)
    SVC_Handler                              0x08000271   Thumb Code   108  hal_cm3.o(.emb_text)
    PendSV_Handler                           0x080002e9   Thumb Code    56  hal_cm3.o(.emb_text)
    SysTick_Handler                          0x08000325   Thumb Code     8  hal_cm3.o(.emb_text)
    OS_Tick_Handler                          0x0800032d   Thumb Code    12  hal_cm3.o(.emb_text)
    Reset_Handler                            0x08000339   Thumb Code     8  startup_stm32f10x_xl.o(.text)
    _maybe_terminate_alloc                   0x08000339   Thumb Code     0  maybetermalloc1.o(.emb_text)
    NMI_Handler                              0x08000341   Thumb Code     2  startup_stm32f10x_xl.o(.text)
    HardFault_Handler                        0x08000343   Thumb Code     2  startup_stm32f10x_xl.o(.text)
    MemManage_Handler                        0x08000345   Thumb Code     2  startup_stm32f10x_xl.o(.text)
    BusFault_Handler                         0x08000347   Thumb Code     2  startup_stm32f10x_xl.o(.text)
    UsageFault_Handler                       0x08000349   Thumb Code     2  startup_stm32f10x_xl.o(.text)
    DebugMon_Handler                         0x0800034d   Thumb Code     2  startup_stm32f10x_xl.o(.text)
    ADC1_2_IRQHandler                        0x08000353   Thumb Code     0  startup_stm32f10x_xl.o(.text)
    ADC3_IRQHandler                          0x08000353   Thumb Code     0  startup_stm32f10x_xl.o(.text)
    CAN1_RX1_IRQHandler                      0x08000353   Thumb Code     0  startup_stm32f10x_xl.o(.text)
    CAN1_SCE_IRQHandler                      0x08000353   Thumb Code     0  startup_stm32f10x_xl.o(.text)
    EXTI0_IRQHandler                         0x08000353   Thumb Code     0  startup_stm32f10x_xl.o(.text)
    EXTI15_10_IRQHandler                     0x08000353   Thumb Code     0  startup_stm32f10x_xl.o(.text)
    EXTI1_IRQHandler                         0x08000353   Thumb Code     0  startup_stm32f10x_xl.o(.text)
    EXTI2_IRQHandler                         0x08000353   Thumb Code     0  startup_stm32f10x_xl.o(.text)
    EXTI3_IRQHandler                         0x08000353   Thumb Code     0  startup_stm32f10x_xl.o(.text)
    EXTI4_IRQHandler                         0x08000353   Thumb Code     0  startup_stm32f10x_xl.o(.text)
    EXTI9_5_IRQHandler                       0x08000353   Thumb Code     0  startup_stm32f10x_xl.o(.text)
    FLASH_IRQHandler                         0x08000353   Thumb Code     0  startup_stm32f10x_xl.o(.text)
    FSMC_IRQHandler                          0x08000353   Thumb Code     0  startup_stm32f10x_xl.o(.text)
    I2C1_ER_IRQHandler                       0x08000353   Thumb Code     0  startup_stm32f10x_xl.o(.text)
    I2C1_EV_IRQHandler                       0x08000353   Thumb Code     0  startup_stm32f10x_xl.o(.text)
    I2C2_ER_IRQHandler                       0x08000353   Thumb Code     0  startup_stm32f10x_xl.o(.text)
    I2C2_EV_IRQHandler                       0x08000353   Thumb Code     0  startup_stm32f10x_xl.o(.text)
    PVD_IRQHandler                           0x08000353   Thumb Code     0  startup_stm32f10x_xl.o(.text)
    RCC_IRQHandler                           0x08000353   Thumb Code     0  startup_stm32f10x_xl.o(.text)
    RTCAlarm_IRQHandler                      0x08000353   Thumb Code     0  startup_stm32f10x_xl.o(.text)
    RTC_IRQHandler                           0x08000353   Thumb Code     0  startup_stm32f10x_xl.o(.text)
    SDIO_IRQHandler                          0x08000353   Thumb Code     0  startup_stm32f10x_xl.o(.text)
    SPI1_IRQHandler                          0x08000353   Thumb Code     0  startup_stm32f10x_xl.o(.text)
    SPI2_IRQHandler                          0x08000353   Thumb Code     0  startup_stm32f10x_xl.o(.text)
    SPI3_IRQHandler                          0x08000353   Thumb Code     0  startup_stm32f10x_xl.o(.text)
    TAMPER_IRQHandler                        0x08000353   Thumb Code     0  startup_stm32f10x_xl.o(.text)
    TIM1_BRK_TIM9_IRQHandler                 0x08000353   Thumb Code     0  startup_stm32f10x_xl.o(.text)
    TIM1_CC_IRQHandler                       0x08000353   Thumb Code     0  startup_stm32f10x_xl.o(.text)
    TIM1_TRG_COM_TIM11_IRQHandler            0x08000353   Thumb Code     0  startup_stm32f10x_xl.o(.text)
    TIM1_UP_TIM10_IRQHandler                 0x08000353   Thumb Code     0  startup_stm32f10x_xl.o(.text)
    TIM2_IRQHandler                          0x08000353   Thumb Code     0  startup_stm32f10x_xl.o(.text)
    TIM3_IRQHandler                          0x08000353   Thumb Code     0  startup_stm32f10x_xl.o(.text)
    TIM4_IRQHandler                          0x08000353   Thumb Code     0  startup_stm32f10x_xl.o(.text)
    TIM5_IRQHandler                          0x08000353   Thumb Code     0  startup_stm32f10x_xl.o(.text)
    TIM6_IRQHandler                          0x08000353   Thumb Code     0  startup_stm32f10x_xl.o(.text)
    TIM7_IRQHandler                          0x08000353   Thumb Code     0  startup_stm32f10x_xl.o(.text)
    TIM8_BRK_TIM12_IRQHandler                0x08000353   Thumb Code     0  startup_stm32f10x_xl.o(.text)
    TIM8_CC_IRQHandler                       0x08000353   Thumb Code     0  startup_stm32f10x_xl.o(.text)
    TIM8_TRG_COM_TIM14_IRQHandler            0x08000353   Thumb Code     0  startup_stm32f10x_xl.o(.text)
    TIM8_UP_TIM13_IRQHandler                 0x08000353   Thumb Code     0  startup_stm32f10x_xl.o(.text)
    UART4_IRQHandler                         0x08000353   Thumb Code     0  startup_stm32f10x_xl.o(.text)
    UART5_IRQHandler                         0x08000353   Thumb Code     0  startup_stm32f10x_xl.o(.text)
    USART2_IRQHandler                        0x08000353   Thumb Code     0  startup_stm32f10x_xl.o(.text)
    USART3_IRQHandler                        0x08000353   Thumb Code     0  startup_stm32f10x_xl.o(.text)
    USBWakeUp_IRQHandler                     0x08000353   Thumb Code     0  startup_stm32f10x_xl.o(.text)
    USB_HP_CAN1_TX_IRQHandler                0x08000353   Thumb Code     0  startup_stm32f10x_xl.o(.text)
    USB_LP_CAN1_RX0_IRQHandler               0x08000353   Thumb Code     0  startup_stm32f10x_xl.o(.text)
    WWDG_IRQHandler                          0x08000353   Thumb Code     0  startup_stm32f10x_xl.o(.text)
    __user_initial_stackheap                 0x08000355   Thumb Code     0  startup_stm32f10x_xl.o(.text)
    __user_libspace                          0x08000379   Thumb Code     8  libspace.o(.text)
    __user_perproc_libspace                  0x08000379   Thumb Code     0  libspace.o(.text)
    __2printf                                0x08000381   Thumb Code    20  noretval__2printf.o(.text)
    __printf                                 0x08000399   Thumb Code   104  __printf.o(.text)
    _printf_int_dec                          0x08000401   Thumb Code   104  _printf_dec.o(.text)
    exit                                     0x08000479   Thumb Code    18  exit.o(.text)
    __aeabi_memclr4                          0x0800048b   Thumb Code     0  rt_memclr_w.o(.text)
    __aeabi_memclr8                          0x0800048b   Thumb Code     0  rt_memclr_w.o(.text)
    __rt_memclr_w                            0x0800048b   Thumb Code    78  rt_memclr_w.o(.text)
    _memset_w                                0x0800048f   Thumb Code     0  rt_memclr_w.o(.text)
    strcmp                                   0x080004d9   Thumb Code   128  strcmpv7m.o(.text)
    __use_two_region_memory                  0x08000559   Thumb Code     2  heapauxi.o(.text)
    __rt_heap_escrow                         0x0800055b   Thumb Code     2  heapauxi.o(.text)
    __rt_heap_expand                         0x0800055d   Thumb Code     2  heapauxi.o(.text)
    _printf_int_common                       0x0800055f   Thumb Code   178  _printf_intcommon.o(.text)
    _printf_char_common                      0x0800061b   Thumb Code    32  _printf_char_common.o(.text)
    _initio                                  0x08000641   Thumb Code   240  initio_locked.o(.text)
    _terminateio                             0x08000731   Thumb Code   168  initio_locked.o(.text)
    _sys_exit                                0x08000809   Thumb Code     8  sys_exit.o(.text)
    __user_setup_stackheap                   0x08000815   Thumb Code    74  sys_stackheap_outer.o(.text)
    _free_internal                           0x0800085f   Thumb Code    98  h1_free_mt.o(.text)
    free                                     0x080008c1   Thumb Code    20  h1_free_mt.o(.text)
    __flsbuf                                 0x080008d5   Thumb Code   470  flsbuf.o(.text)
    __flsbuf_byte                            0x080008d5   Thumb Code     0  flsbuf.o(.text)
    __flsbuf_wide                            0x080008d5   Thumb Code     0  flsbuf.o(.text)
    _fclose_internal                         0x08000aab   Thumb Code    76  fclose.o(.text)
    fclose                                   0x08000aab   Thumb Code     0  fclose.o(.text)
    setvbuf                                  0x08000af7   Thumb Code   104  setvbuf_locked.o(.text)
    freopen                                  0x08000c0f   Thumb Code    42  fopen_locked.o(.text)
    _fopen$locked                            0x08000c39   Thumb Code   100  fopen_locked.o(.text)
    __rt_SIGRTRED                            0x08000ca5   Thumb Code    14  defsig_rtred_outer.o(.text)
    __I$use$semihosting                      0x08000cb3   Thumb Code     0  use_no_semi.o(.text)
    __use_no_semihosting_swi                 0x08000cb3   Thumb Code     2  use_no_semi.o(.text)
    __rt_heap_descriptor                     0x08000cb5   Thumb Code    10  rt_heap_descriptor_twolibspace.o(.text)
    __semihosting_library_function           0x08000cb5   Thumb Code     0  indicate_semi.o(.text)
    __use_no_heap                            0x08000cbf   Thumb Code     2  hguard.o(.text)
    __heap$guard                             0x08000cc1   Thumb Code     2  hguard.o(.text)
    _terminate_user_alloc                    0x08000cc3   Thumb Code     2  init_alloc.o(.text)
    _init_user_alloc                         0x08000cc5   Thumb Code     2  init_alloc.o(.text)
    __Heap_Full                              0x08000cc7   Thumb Code    34  init_alloc.o(.text)
    __Heap_Broken                            0x08000ce9   Thumb Code     6  init_alloc.o(.text)
    _init_alloc                              0x08000cef   Thumb Code    94  init_alloc.o(.text)
    _malloc_internal                         0x08000d55   Thumb Code   130  h1_alloc_mt.o(.text)
    malloc                                   0x08000dd7   Thumb Code    20  h1_alloc_mt.o(.text)
    _printf_char_file                        0x08000ded   Thumb Code    58  _printf_char_file_locked.o(.text)
    _fseek                                   0x08000e2d   Thumb Code   242  fseek.o(.text)
    fseek                                    0x08000e2d   Thumb Code     0  fseek.o(.text)
    _seterr                                  0x08000f25   Thumb Code    20  stdio.o(.text)
    _writebuf                                0x08000f39   Thumb Code    84  stdio.o(.text)
    _fflush                                  0x08000f8d   Thumb Code    70  stdio.o(.text)
    _deferredlazyseek                        0x08000fd3   Thumb Code    60  stdio.o(.text)
    __sig_exit                               0x08001015   Thumb Code    10  defsig_exit.o(.text)
    __rt_SIGRTRED_inner                      0x08001021   Thumb Code    14  defsig_rtred_inner.o(.text)
    __Heap_Initialize                        0x08001055   Thumb Code    14  h1_init_mt.o(.text)
    __Heap_DescSize                          0x08001063   Thumb Code     4  h1_init_mt.o(.text)
    __Heap_ProvideMemory                     0x08001067   Thumb Code    62  h1_extend_mt.o(.text)
    _ftell_internal                          0x080010a5   Thumb Code    66  ftell.o(.text)
    ftell                                    0x080010a5   Thumb Code     0  ftell.o(.text)
    __default_signal_display                 0x080010e7   Thumb Code    50  defsig_general.o(.text)
    __rt_SIGRTMEM                            0x08001119   Thumb Code    14  defsig_rtmem_outer.o(.text)
    _ttywrch                                 0x08001127   Thumb Code    14  sys_wrch.o(.text)
    __aeabi_errno_addr                       0x08001135   Thumb Code     4  rt_errno_addr_twolibspace.o(.text)
    __errno$twolibspace                      0x08001135   Thumb Code     0  rt_errno_addr_twolibspace.o(.text)
    __rt_errno_addr$twolibspace              0x08001135   Thumb Code     0  rt_errno_addr_twolibspace.o(.text)
    __rt_SIGRTMEM_inner                      0x08001139   Thumb Code    22  defsig_rtmem_inner.o(.text)
    SVC_Count                                0x08001188   Data           4  svc_table.o(SVC_TABLE)
    DMA1_Channel1_Event                      0x0800118d   Thumb Code     2  dma_stm32f10x.o(i.DMA1_Channel1_Event)
    SVC_Table                                0x0800118c   Data           0  svc_table.o(SVC_TABLE)
    DMA1_Channel1_IRQHandler                 0x08001191   Thumb Code    22  dma_stm32f10x.o(i.DMA1_Channel1_IRQHandler)
    DMA1_Channel2_Event                      0x080011ad   Thumb Code     2  dma_stm32f10x.o(i.DMA1_Channel2_Event)
    DMA1_Channel2_IRQHandler                 0x080011b1   Thumb Code    24  dma_stm32f10x.o(i.DMA1_Channel2_IRQHandler)
    DMA1_Channel3_Event                      0x080011cd   Thumb Code     2  dma_stm32f10x.o(i.DMA1_Channel3_Event)
    DMA1_Channel3_IRQHandler                 0x080011d1   Thumb Code    24  dma_stm32f10x.o(i.DMA1_Channel3_IRQHandler)
    DMA1_Channel4_Event                      0x080011ed   Thumb Code     2  dma_stm32f10x.o(i.DMA1_Channel4_Event)
    DMA1_Channel4_IRQHandler                 0x080011f1   Thumb Code    24  dma_stm32f10x.o(i.DMA1_Channel4_IRQHandler)
    DMA1_Channel5_Event                      0x0800120d   Thumb Code     2  dma_stm32f10x.o(i.DMA1_Channel5_Event)
    DMA1_Channel5_IRQHandler                 0x08001211   Thumb Code    24  dma_stm32f10x.o(i.DMA1_Channel5_IRQHandler)
    DMA1_Channel6_Event                      0x0800122d   Thumb Code     2  dma_stm32f10x.o(i.DMA1_Channel6_Event)
    DMA1_Channel6_IRQHandler                 0x08001231   Thumb Code    24  dma_stm32f10x.o(i.DMA1_Channel6_IRQHandler)
    DMA1_Channel7_Event                      0x0800124d   Thumb Code     2  dma_stm32f10x.o(i.DMA1_Channel7_Event)
    DMA1_Channel7_IRQHandler                 0x08001251   Thumb Code    24  dma_stm32f10x.o(i.DMA1_Channel7_IRQHandler)
    DMA2_Channel1_Event                      0x0800126d   Thumb Code     2  dma_stm32f10x.o(i.DMA2_Channel1_Event)
    DMA2_Channel1_IRQHandler                 0x08001271   Thumb Code    24  dma_stm32f10x.o(i.DMA2_Channel1_IRQHandler)
    DMA2_Channel2_Event                      0x0800128d   Thumb Code     2  dma_stm32f10x.o(i.DMA2_Channel2_Event)
    DMA2_Channel2_IRQHandler                 0x08001291   Thumb Code    26  dma_stm32f10x.o(i.DMA2_Channel2_IRQHandler)
    DMA2_Channel3_Event                      0x080012b1   Thumb Code     2  dma_stm32f10x.o(i.DMA2_Channel3_Event)
    DMA2_Channel3_IRQHandler                 0x080012b5   Thumb Code    26  dma_stm32f10x.o(i.DMA2_Channel3_IRQHandler)
    DMA2_Channel4_5_IRQHandler               0x080012d5   Thumb Code    52  dma_stm32f10x.o(i.DMA2_Channel4_5_IRQHandler)
    DMA2_Channel4_Event                      0x0800130d   Thumb Code     2  dma_stm32f10x.o(i.DMA2_Channel4_Event)
    DMA2_Channel5_Event                      0x0800130f   Thumb Code     2  dma_stm32f10x.o(i.DMA2_Channel5_Event)
    GPIO_AFConfigure                         0x08001311   Thumb Code   146  gpio_stm32f10x.o(i.GPIO_AFConfigure)
    GPIO_GetPortClockState                   0x080013ad   Thumb Code   118  gpio_stm32f10x.o(i.GPIO_GetPortClockState)
    GPIO_PinConfigure                        0x08001445   Thumb Code   120  gpio_stm32f10x.o(i.GPIO_PinConfigure)
    GPIO_PortClock                           0x080014bd   Thumb Code   284  gpio_stm32f10x.o(i.GPIO_PortClock)
    SystemInit                               0x080016e1   Thumb Code    78  system_stm32f10x.o(i.SystemInit)
    Thread_Mutex                             0x08001741   Thumb Code   132  main.o(i.Thread_Mutex)
    USART1_IRQHandler                        0x08001939   Thumb Code    10  usart_stm32f10x.o(i.USART1_IRQHandler)
    USART_IRQHandler                         0x080022e3   Thumb Code   624  usart_stm32f10x.o(i.USART_IRQHandler)
    __user_perthread_libspace                0x08002b91   Thumb Code    32  rtx_conf_cm.o(i.__user_perthread_libspace)
    _init_box                                0x08002bbd   Thumb Code    70  rt_membox.o(i._init_box)
    _mutex_acquire                           0x08002c05   Thumb Code    22  rtx_conf_cm.o(i._mutex_acquire)
    _mutex_initialize                        0x08002c25   Thumb Code    34  rtx_conf_cm.o(i._mutex_initialize)
    _mutex_release                           0x08002c51   Thumb Code    18  rtx_conf_cm.o(i._mutex_release)
    _sys_close                               0x08002c6d   Thumb Code    38  retarget_io.o(i._sys_close)
    _sys_flen                                0x08002c93   Thumb Code    36  retarget_io.o(i._sys_flen)
    _sys_istty                               0x08002cb7   Thumb Code    36  retarget_io.o(i._sys_istty)
    _sys_open                                0x08002cdd   Thumb Code    80  retarget_io.o(i._sys_open)
    _sys_seek                                0x08002d45   Thumb Code    44  retarget_io.o(i._sys_seek)
    _sys_write                               0x08002d71   Thumb Code    70  retarget_io.o(i._sys_write)
    dbg_init                                 0x08002db9   Thumb Code    34  hal_cm.o(i.dbg_init)
    dbg_task_notify                          0x08002de9   Thumb Code    32  hal_cm.o(i.dbg_task_notify)
    dbg_task_switch                          0x08002e09   Thumb Code    16  hal_cm.o(i.dbg_task_switch)
    _fputc$unlocked                          0x08002e19   Thumb Code    26  fputc.o(i.fputc)
    isrMessageGet                            0x08002e33   Thumb Code    42  rt_cmsis.o(i.isrMessageGet)
    isrMessagePut                            0x08002e5d   Thumb Code    44  rt_cmsis.o(i.isrMessagePut)
    isr_mbx_receive                          0x08002e89   Thumb Code    86  rt_mailbox.o(i.isr_mbx_receive)
    isr_mbx_send                             0x08002edf   Thumb Code    14  rt_mailbox.o(i.isr_mbx_send)
    main                                     0x08002eed   Thumb Code    62  main.o(i.main)
    osKernelInitialize                       0x08002f71   Thumb Code    30  rt_cmsis.o(i.osKernelInitialize)
    osKernelStart                            0x08002f95   Thumb Code    98  rt_cmsis.o(i.osKernelStart)
    osMessageGet                             0x08003001   Thumb Code    18  rt_cmsis.o(i.osMessageGet)
    osMutexCreate                            0x08003019   Thumb Code    36  rt_cmsis.o(i.osMutexCreate)
    osMutexRelease                           0x08003045   Thumb Code    18  rt_cmsis.o(i.osMutexRelease)
    osMutexWait                              0x0800305d   Thumb Code    18  rt_cmsis.o(i.osMutexWait)
    osThreadCreate                           0x08003075   Thumb Code    36  rt_cmsis.o(i.osThreadCreate)
    osThreadExit                             0x080030a1   Thumb Code    14  rt_cmsis.o(i.osThreadExit)
    osTimerCall                              0x080030b9   Thumb Code     8  rt_cmsis.o(i.osTimerCall)
    osTimerThread                            0x080030c5   Thumb Code    38  rt_cmsis.o(i.osTimerThread)
    os_error                                 0x080030f1   Thumb Code    34  rtx_conf_cm.o(i.os_error)
    os_idle_demon                            0x08003113   Thumb Code     4  rtx_conf_cm.o(i.os_idle_demon)
    os_tick_init                             0x08003119   Thumb Code    32  rt_system.o(i.os_tick_init)
    os_tick_irqack                           0x08003141   Thumb Code     2  rt_system.o(i.os_tick_irqack)
    rt_alloc_box                             0x08003143   Thumb Code    26  rt_membox.o(i.rt_alloc_box)
    rt_alloc_mem                             0x0800315d   Thumb Code    62  rt_memory.o(i.rt_alloc_mem)
    rt_block                                 0x0800319d   Thumb Code    48  rt_task.o(i.rt_block)
    rt_chk_robin                             0x080031d5   Thumb Code    60  rt_robin.o(i.rt_chk_robin)
    rt_dec_dly                               0x0800321d   Thumb Code   102  rt_list.o(i.rt_dec_dly)
    rt_dispatch                              0x0800328d   Thumb Code    60  rt_task.o(i.rt_dispatch)
    rt_evt_psh                               0x080032d1   Thumb Code    76  rt_event.o(i.rt_evt_psh)
    rt_free_box                              0x08003321   Thumb Code    44  rt_membox.o(i.rt_free_box)
    rt_free_mem                              0x0800334d   Thumb Code    40  rt_memory.o(i.rt_free_mem)
    rt_get_first                             0x08003375   Thumb Code    40  rt_list.o(i.rt_get_first)
    rt_init_mem                              0x080033ed   Thumb Code    26  rt_memory.o(i.rt_init_mem)
    rt_init_robin                            0x08003409   Thumb Code    14  rt_robin.o(i.rt_init_robin)
    rt_init_stack                            0x08003421   Thumb Code   118  hal_cm.o(i.rt_init_stack)
    rt_mbx_check                             0x080034a1   Thumb Code     8  rt_mailbox.o(i.rt_mbx_check)
    rt_mbx_init                              0x080034a9   Thumb Code    26  rt_mailbox.o(i.rt_mbx_init)
    rt_mbx_psh                               0x080034c5   Thumb Code   236  rt_mailbox.o(i.rt_mbx_psh)
    rt_mbx_wait                              0x080035b5   Thumb Code   174  rt_mailbox.o(i.rt_mbx_wait)
    rt_mut_init                              0x080036ad   Thumb Code    16  rt_mutex.o(i.rt_mut_init)
    rt_mut_release                           0x080036bd   Thumb Code   208  rt_mutex.o(i.rt_mut_release)
    rt_mut_wait                              0x08003795   Thumb Code   114  rt_mutex.o(i.rt_mut_wait)
    rt_pop_req                               0x0800380d   Thumb Code   112  rt_system.o(i.rt_pop_req)
    rt_psh_req                               0x08003889   Thumb Code    22  rt_system.o(i.rt_psh_req)
    rt_psq_enq                               0x080038a9   Thumb Code    88  rt_list.o(i.rt_psq_enq)
    rt_put_dly                               0x08003905   Thumb Code    68  rt_list.o(i.rt_put_dly)
    rt_put_prio                              0x0800394d   Thumb Code    54  rt_list.o(i.rt_put_prio)
    rt_put_rdy_first                         0x08003985   Thumb Code    14  rt_list.o(i.rt_put_rdy_first)
    rt_resort_prio                           0x08003999   Thumb Code    46  rt_list.o(i.rt_resort_prio)
    rt_ret_val                               0x080039cd   Thumb Code     6  hal_cm.o(i.rt_ret_val)
    rt_ret_val2                              0x080039d3   Thumb Code     8  hal_cm.o(i.rt_ret_val2)
    rt_rmv_dly                               0x080039db   Thumb Code    40  rt_list.o(i.rt_rmv_dly)
    rt_rmv_list                              0x08003a05   Thumb Code    44  rt_list.o(i.rt_rmv_list)
    rt_sem_psh                               0x08003a35   Thumb Code    48  rt_semaphore.o(i.rt_sem_psh)
    rt_stk_check                             0x08003a69   Thumb Code    28  rt_system.o(i.rt_stk_check)
    rt_switch_req                            0x08003a8d   Thumb Code    30  rt_task.o(i.rt_switch_req)
    rt_sys_init                              0x08003ab5   Thumb Code   138  rt_task.o(i.rt_sys_init)
    rt_sys_start                             0x08003b81   Thumb Code   110  rt_task.o(i.rt_sys_start)
    rt_systick                               0x08003bf9   Thumb Code    50  rt_system.o(i.rt_systick)
    rt_tsk_create                            0x08003c81   Thumb Code   118  rt_task.o(i.rt_tsk_create)
    rt_tsk_delete                            0x08003d09   Thumb Code   352  rt_task.o(i.rt_tsk_delete)
    rt_tsk_prio                              0x08003e85   Thumb Code   108  rt_task.o(i.rt_tsk_prio)
    rt_tsk_self                              0x08003f01   Thumb Code    12  rt_task.o(i.rt_tsk_self)
    stdout_init                              0x08003f11   Thumb Code    84  stdout_usart.o(i.stdout_init)
    stdout_putchar                           0x08003f69   Thumb Code    42  stdout_usart.o(i.stdout_putchar)
    svcKernelInitialize                      0x08003f99   Thumb Code    80  rt_cmsis.o(i.svcKernelInitialize)
    svcKernelStart                           0x08004009   Thumb Code    62  rt_cmsis.o(i.svcKernelStart)
    svcMessageCreate                         0x08004051   Thumb Code    36  rt_cmsis.o(i.svcMessageCreate)
    svcMessageGet                            0x08004075   Thumb Code    58  rt_cmsis.o(i.svcMessageGet)
    svcMutexCreate                           0x080040af   Thumb Code    28  rt_cmsis.o(i.svcMutexCreate)
    svcMutexRelease                          0x080040cb   Thumb Code    34  rt_cmsis.o(i.svcMutexRelease)
    svcMutexWait                             0x080040ed   Thumb Code    58  rt_cmsis.o(i.svcMutexWait)
    svcThreadCreate                          0x08004129   Thumb Code    96  rt_cmsis.o(i.svcThreadCreate)
    svcThreadGetId                           0x08004195   Thumb Code    22  rt_cmsis.o(i.svcThreadGetId)
    svcThreadTerminate                       0x080041b1   Thumb Code    50  rt_cmsis.o(i.svcThreadTerminate)
    svcTimerCall                             0x080041e9   Thumb Code    24  rt_cmsis.o(i.svcTimerCall)
    sysTimerTick                             0x08004201   Thumb Code    84  rt_cmsis.o(i.sysTimerTick)
    os_mutex_def_lock                        0x0800425c   Data           4  main.o(.constdata)
    os_thread_def_Thread_Mutex               0x08004260   Data          16  main.o(.constdata)
    os_maxtaskrun                            0x08004270   Data           2  rtx_conf_cm.o(.constdata)
    os_stackinfo                             0x08004274   Data           4  rtx_conf_cm.o(.constdata)
    os_rrobin                                0x08004278   Data           4  rtx_conf_cm.o(.constdata)
    os_tickfreq                              0x0800427c   Data           4  rtx_conf_cm.o(.constdata)
    os_tickus_i                              0x08004280   Data           2  rtx_conf_cm.o(.constdata)
    os_tickus_f                              0x08004282   Data           2  rtx_conf_cm.o(.constdata)
    os_trv                                   0x08004284   Data           4  rtx_conf_cm.o(.constdata)
    os_flags                                 0x08004288   Data           1  rtx_conf_cm.o(.constdata)
    CMSIS_RTOS_API_Version                   0x0800428c   Data           4  rtx_conf_cm.o(.constdata)
    CMSIS_RTOS_RTX_Version                   0x08004290   Data           4  rtx_conf_cm.o(.constdata)
    os_clockrate                             0x08004294   Data           4  rtx_conf_cm.o(.constdata)
    os_timernum                              0x08004298   Data           4  rtx_conf_cm.o(.constdata)
    mp_tcb_size                              0x0800429c   Data           2  rtx_conf_cm.o(.constdata)
    mp_stk_size                              0x080042a0   Data           4  rtx_conf_cm.o(.constdata)
    os_stack_sz                              0x080042a4   Data           4  rtx_conf_cm.o(.constdata)
    os_fifo_size                             0x080042a8   Data           1  rtx_conf_cm.o(.constdata)
    os_thread_def_osTimerThread              0x080042ac   Data          16  rtx_conf_cm.o(.constdata)
    os_messageQ_def_osTimerMessageQ          0x080042bc   Data           8  rtx_conf_cm.o(.constdata)
    mp_tmr_size                              0x080042c4   Data           2  rtx_conf_cm.o(.constdata)
    os_thread_def_main                       0x080042c8   Data          16  rtx_conf_cm.o(.constdata)
    Driver_USART1                            0x08004324   Data          56  usart_stm32f10x.o(.constdata)
    __stdin_name                             0x0800435c   Data           7  retarget_io.o(.constdata)
    __stdout_name                            0x08004363   Data           8  retarget_io.o(.constdata)
    __stderr_name                            0x0800436b   Data           8  retarget_io.o(.constdata)
    Region$$Table$$Base                      0x08004374   Number         0  anon$$obj.o(Region$$Table)
    Region$$Table$$Limit                     0x08004394   Number         0  anon$$obj.o(Region$$Table)
    MutexID                                  0x20000000   Data           4  main.o(.data)
    osThreadId_osTimerThread                 0x20000004   Data           4  rtx_conf_cm.o(.data)
    osMessageQId_osTimerMessageQ             0x20000008   Data           4  rtx_conf_cm.o(.data)
    os_tmr                                   0x2000000c   Data           4  rtx_conf_cm.o(.data)
    m_tmr                                    0x20000010   Data           4  rtx_conf_cm.o(.data)
    os_initialized                           0x20000018   Data           1  rt_cmsis.o(.data)
    os_running                               0x20000019   Data           1  rt_cmsis.o(.data)
    os_timer_head                            0x2000001c   Data           4  rt_cmsis.o(.data)
    os_tsk                                   0x20000020   Data           8  rt_task.o(.data)
    os_tick_irqn                             0x2000002c   Data           4  rt_system.o(.data)
    os_time                                  0x20000030   Data           4  rt_time.o(.data)
    os_robin                                 0x20000034   Data           8  rt_robin.o(.data)
    dbg_msg                                  0x2000003c   Data           1  hal_cm.o(.data)
    __aeabi_stdin                            0x20000040   Data           4  stdio_streams.o(.data)
    __aeabi_stdout                           0x20000044   Data           4  stdio_streams.o(.data)
    __aeabi_stderr                           0x20000048   Data           4  stdio_streams.o(.data)
    _stream_list_lock                        0x2000004c   Data           4  streamlock.o(.data)
    os_mutex_cb_lock                         0x20000050   Data          16  main.o(.bss)
    mp_tcb                                   0x20000060   Data         376  rtx_conf_cm.o(.bss)
    mp_stk                                   0x200001d8   Data        2992  rtx_conf_cm.o(.bss)
    os_stack_mem                             0x20000d88   Data         728  rtx_conf_cm.o(.bss)
    os_fifo                                  0x20001060   Data         132  rtx_conf_cm.o(.bss)
    os_active_TCB                            0x200010e4   Data          28  rtx_conf_cm.o(.bss)
    os_messageQ_q_osTimerMessageQ            0x20001100   Data          32  rtx_conf_cm.o(.bss)
    os_idle_TCB                              0x20001478   Data          52  rt_task.o(.bss)
    os_rdy                                   0x200014ac   Data          24  rt_list.o(.bss)
    os_dly                                   0x200014c4   Data          24  rt_list.o(.bss)
    __libspace_start                         0x200014dc   Data          96  libspace.o(.bss)
    __stdin                                  0x2000153c   Data          84  stdio_streams.o(.bss)
    __temporary_stack_top$libspace           0x2000153c   Data           0  libspace.o(.bss)
    __stdout                                 0x20001590   Data          84  stdio_streams.o(.bss)
    __stderr                                 0x200015e4   Data          84  stdio_streams.o(.bss)



==============================================================================

Memory Map of the image

  Image Entry point : 0x08000131

  Load Region LR_IROM1 (Base: 0x08000000, Size: 0x000043e4, Max: 0x00100000, ABSOLUTE)

    Execution Region ER_IROM1 (Exec base: 0x08000000, Load base: 0x08000000, Size: 0x00004394, Max: 0x00100000, ABSOLUTE)

    Exec Addr    Load Addr    Size         Type   Attr      Idx    E Section Name        Object

    0x08000000   0x08000000   0x00000130   Data   RO          658    RESET               startup_stm32f10x_xl.o
    0x08000130   0x08000130   0x00000008   Code   RO         1965  * !!!main             c_w.l(__main.o)
    0x08000138   0x08000138   0x00000034   Code   RO         2313    !!!scatter          c_w.l(__scatter.o)
    0x0800016c   0x0800016c   0x0000001a   Code   RO         2315    !!handler_copy      c_w.l(__scatter_copy.o)
    0x08000186   0x08000186   0x00000002   PAD
    0x08000188   0x08000188   0x0000001c   Code   RO         2317    !!handler_zi        c_w.l(__scatter_zi.o)
    0x080001a4   0x080001a4   0x00000000   Code   RO         1956    .ARM.Collect$$_printf_percent$$00000000  c_w.l(_printf_percent.o)
    0x080001a4   0x080001a4   0x00000006   Code   RO         1955    .ARM.Collect$$_printf_percent$$00000009  c_w.l(_printf_d.o)
    0x080001aa   0x080001aa   0x00000004   Code   RO         1978    .ARM.Collect$$_printf_percent$$00000017  c_w.l(_printf_percent_end.o)
    0x080001ae   0x080001ae   0x00000002   Code   RO         2114    .ARM.Collect$$libinit$$00000000  c_w.l(libinit.o)
    0x080001b0   0x080001b0   0x00000000   Code   RO         2116    .ARM.Collect$$libinit$$00000002  c_w.l(libinit2.o)
    0x080001b0   0x080001b0   0x00000000   Code   RO         2118    .ARM.Collect$$libinit$$00000004  c_w.l(libinit2.o)
    0x080001b0   0x080001b0   0x00000008   Code   RO         2119    .ARM.Collect$$libinit$$00000005  c_w.l(libinit2.o)
    0x080001b8   0x080001b8   0x00000000   Code   RO         2121    .ARM.Collect$$libinit$$0000000A  c_w.l(libinit2.o)
    0x080001b8   0x080001b8   0x00000000   Code   RO         2123    .ARM.Collect$$libinit$$0000000C  c_w.l(libinit2.o)
    0x080001b8   0x080001b8   0x00000000   Code   RO         2125    .ARM.Collect$$libinit$$0000000E  c_w.l(libinit2.o)
    0x080001b8   0x080001b8   0x00000000   Code   RO         2128    .ARM.Collect$$libinit$$00000011  c_w.l(libinit2.o)
    0x080001b8   0x080001b8   0x00000000   Code   RO         2130    .ARM.Collect$$libinit$$00000013  c_w.l(libinit2.o)
    0x080001b8   0x080001b8   0x00000000   Code   RO         2132    .ARM.Collect$$libinit$$00000015  c_w.l(libinit2.o)
    0x080001b8   0x080001b8   0x00000000   Code   RO         2134    .ARM.Collect$$libinit$$00000017  c_w.l(libinit2.o)
    0x080001b8   0x080001b8   0x00000000   Code   RO         2136    .ARM.Collect$$libinit$$00000019  c_w.l(libinit2.o)
    0x080001b8   0x080001b8   0x00000000   Code   RO         2138    .ARM.Collect$$libinit$$0000001B  c_w.l(libinit2.o)
    0x080001b8   0x080001b8   0x00000000   Code   RO         2140    .ARM.Collect$$libinit$$0000001D  c_w.l(libinit2.o)
    0x080001b8   0x080001b8   0x00000000   Code   RO         2142    .ARM.Collect$$libinit$$0000001F  c_w.l(libinit2.o)
    0x080001b8   0x080001b8   0x00000000   Code   RO         2144    .ARM.Collect$$libinit$$00000021  c_w.l(libinit2.o)
    0x080001b8   0x080001b8   0x00000000   Code   RO         2146    .ARM.Collect$$libinit$$00000023  c_w.l(libinit2.o)
    0x080001b8   0x080001b8   0x00000004   Code   RO         2147    .ARM.Collect$$libinit$$00000024  c_w.l(libinit2.o)
    0x080001bc   0x080001bc   0x00000000   Code   RO         2148    .ARM.Collect$$libinit$$00000025  c_w.l(libinit2.o)
    0x080001bc   0x080001bc   0x00000000   Code   RO         2152    .ARM.Collect$$libinit$$0000002C  c_w.l(libinit2.o)
    0x080001bc   0x080001bc   0x00000000   Code   RO         2154    .ARM.Collect$$libinit$$0000002E  c_w.l(libinit2.o)
    0x080001bc   0x080001bc   0x00000000   Code   RO         2156    .ARM.Collect$$libinit$$00000030  c_w.l(libinit2.o)
    0x080001bc   0x080001bc   0x00000000   Code   RO         2158    .ARM.Collect$$libinit$$00000032  c_w.l(libinit2.o)
    0x080001bc   0x080001bc   0x00000002   Code   RO         2159    .ARM.Collect$$libinit$$00000033  c_w.l(libinit2.o)
    0x080001be   0x080001be   0x00000002   Code   RO         2160    .ARM.Collect$$libshutdown$$00000000  c_w.l(libshutdown.o)
    0x080001c0   0x080001c0   0x00000000   Code   RO         2162    .ARM.Collect$$libshutdown$$00000002  c_w.l(libshutdown2.o)
    0x080001c0   0x080001c0   0x00000004   Code   RO         2163    .ARM.Collect$$libshutdown$$00000003  c_w.l(libshutdown2.o)
    0x080001c4   0x080001c4   0x00000000   Code   RO         2164    .ARM.Collect$$libshutdown$$00000004  c_w.l(libshutdown2.o)
    0x080001c4   0x080001c4   0x00000000   Code   RO         2167    .ARM.Collect$$libshutdown$$00000007  c_w.l(libshutdown2.o)
    0x080001c4   0x080001c4   0x00000000   Code   RO         2170    .ARM.Collect$$libshutdown$$0000000A  c_w.l(libshutdown2.o)
    0x080001c4   0x080001c4   0x00000000   Code   RO         2172    .ARM.Collect$$libshutdown$$0000000C  c_w.l(libshutdown2.o)
    0x080001c4   0x080001c4   0x00000000   Code   RO         2175    .ARM.Collect$$libshutdown$$0000000F  c_w.l(libshutdown2.o)
    0x080001c4   0x080001c4   0x00000002   Code   RO         2176    .ARM.Collect$$libshutdown$$00000010  c_w.l(libshutdown2.o)
    0x080001c6   0x080001c6   0x00000000   Code   RO         1967    .ARM.Collect$$rtentry$$00000000  c_w.l(__rtentry.o)
    0x080001c6   0x080001c6   0x00000000   Code   RO         1986    .ARM.Collect$$rtentry$$00000002  c_w.l(__rtentry2.o)
    0x080001c6   0x080001c6   0x00000006   Code   RO         1998    .ARM.Collect$$rtentry$$00000004  c_w.l(__rtentry4.o)
    0x080001cc   0x080001cc   0x00000000   Code   RO         1988    .ARM.Collect$$rtentry$$00000009  c_w.l(__rtentry2.o)
    0x080001cc   0x080001cc   0x00000004   Code   RO         1989    .ARM.Collect$$rtentry$$0000000A  c_w.l(__rtentry2.o)
    0x080001d0   0x080001d0   0x00000008   Code   RO         1990    .ARM.Collect$$rtentry$$0000000B  c_w.l(__rtentry2.o)
    0x080001d8   0x080001d8   0x00000008   Code   RO         1992    .ARM.Collect$$rtentry$$0000000D  c_w.l(__rtentry2.o)
    0x080001e0   0x080001e0   0x00000002   Code   RO         1968    .ARM.Collect$$rtexit$$00000000  c_w.l(rtexit.o)
    0x080001e2   0x080001e2   0x00000000   Code   RO         2001    .ARM.Collect$$rtexit$$00000002  c_w.l(rtexit2.o)
    0x080001e2   0x080001e2   0x00000004   Code   RO         2002    .ARM.Collect$$rtexit$$00000003  c_w.l(rtexit2.o)
    0x080001e6   0x080001e6   0x00000006   Code   RO         2003    .ARM.Collect$$rtexit$$00000004  c_w.l(rtexit2.o)
    0x080001ec   0x080001ec   0x0000001c   Code   RO           68    .emb_text           rtx_conf_cm.o
    0x08000208   0x08000208   0x00000130   Code   RO         1907    .emb_text           RTX_CM3.lib(hal_cm3.o)
    0x08000338   0x08000338   0x00000000   Code   RO         2237    .emb_text           c_w.l(maybetermalloc1.o)
    0x08000338   0x08000338   0x00000040   Code   RO          659    .text               startup_stm32f10x_xl.o
    0x08000378   0x08000378   0x00000008   Code   RO         1922    .text               c_w.l(libspace.o)
    0x08000380   0x08000380   0x00000018   Code   RO         1929    .text               c_w.l(noretval__2printf.o)
    0x08000398   0x08000398   0x00000068   Code   RO         1931    .text               c_w.l(__printf.o)
    0x08000400   0x08000400   0x00000078   Code   RO         1933    .text               c_w.l(_printf_dec.o)
    0x08000478   0x08000478   0x00000012   Code   RO         1957    .text               c_w.l(exit.o)
    0x0800048a   0x0800048a   0x0000004e   Code   RO         1959    .text               c_w.l(rt_memclr_w.o)
    0x080004d8   0x080004d8   0x00000080   Code   RO         1961    .text               c_w.l(strcmpv7m.o)
    0x08000558   0x08000558   0x00000006   Code   RO         1963    .text               c_w.l(heapauxi.o)
    0x0800055e   0x0800055e   0x000000b2   Code   RO         1974    .text               c_w.l(_printf_intcommon.o)
    0x08000610   0x08000610   0x00000030   Code   RO         2009    .text               c_w.l(_printf_char_common.o)
    0x08000640   0x08000640   0x000001c8   Code   RO         2023    .text               c_w.l(initio_locked.o)
    0x08000808   0x08000808   0x0000000c   Code   RO         2025    .text               c_w.l(sys_exit.o)
    0x08000814   0x08000814   0x0000004a   Code   RO         2027    .text               c_w.l(sys_stackheap_outer.o)
    0x0800085e   0x0800085e   0x00000076   Code   RO         2033    .text               c_w.l(h1_free_mt.o)
    0x080008d4   0x080008d4   0x000001d6   Code   RO         2087    .text               c_w.l(flsbuf.o)
    0x08000aaa   0x08000aaa   0x0000004c   Code   RO         2094    .text               c_w.l(fclose.o)
    0x08000af6   0x08000af6   0x00000068   Code   RO         2096    .text               c_w.l(setvbuf_locked.o)
    0x08000b5e   0x08000b5e   0x00000002   PAD
    0x08000b60   0x08000b60   0x00000144   Code   RO         2098    .text               c_w.l(fopen_locked.o)
    0x08000ca4   0x08000ca4   0x0000000e   Code   RO         2104    .text               c_w.l(defsig_rtred_outer.o)
    0x08000cb2   0x08000cb2   0x00000002   Code   RO         2179    .text               c_w.l(use_no_semi.o)
    0x08000cb4   0x08000cb4   0x00000000   Code   RO         2181    .text               c_w.l(indicate_semi.o)
    0x08000cb4   0x08000cb4   0x0000000a   Code   RO         2189    .text               c_w.l(rt_heap_descriptor_twolibspace.o)
    0x08000cbe   0x08000cbe   0x00000004   Code   RO         2191    .text               c_w.l(hguard.o)
    0x08000cc2   0x08000cc2   0x0000008a   Code   RO         2193    .text               c_w.l(init_alloc.o)
    0x08000d4c   0x08000d4c   0x0000009e   Code   RO         2201    .text               c_w.l(h1_alloc_mt.o)
    0x08000dea   0x08000dea   0x00000002   PAD
    0x08000dec   0x08000dec   0x00000040   Code   RO         2213    .text               c_w.l(_printf_char_file_locked.o)
    0x08000e2c   0x08000e2c   0x000000f8   Code   RO         2215    .text               c_w.l(fseek.o)
    0x08000f24   0x08000f24   0x000000f0   Code   RO         2217    .text               c_w.l(stdio.o)
    0x08001014   0x08001014   0x0000000a   Code   RO         2223    .text               c_w.l(defsig_exit.o)
    0x0800101e   0x0800101e   0x00000002   PAD
    0x08001020   0x08001020   0x00000034   Code   RO         2227    .text               c_w.l(defsig_rtred_inner.o)
    0x08001054   0x08001054   0x00000012   Code   RO         2243    .text               c_w.l(h1_init_mt.o)
    0x08001066   0x08001066   0x0000003e   Code   RO         2245    .text               c_w.l(h1_extend_mt.o)
    0x080010a4   0x080010a4   0x00000042   Code   RO         2251    .text               c_w.l(ftell.o)
    0x080010e6   0x080010e6   0x00000032   Code   RO         2259    .text               c_w.l(defsig_general.o)
    0x08001118   0x08001118   0x0000000e   Code   RO         2261    .text               c_w.l(defsig_rtmem_outer.o)
    0x08001126   0x08001126   0x0000000e   Code   RO         2276    .text               c_w.l(sys_wrch.o)
    0x08001134   0x08001134   0x00000004   Code   RO         2285    .text               c_w.l(rt_errno_addr_twolibspace.o)
    0x08001138   0x08001138   0x00000050   Code   RO         2291    .text               c_w.l(defsig_rtmem_inner.o)
    0x08001188   0x08001188   0x00000004   Code   RO         1917    SVC_TABLE           RTX_CM3.lib(svc_table.o)
    0x0800118c   0x0800118c   0x00000002   Code   RO          412    i.DMA1_Channel1_Event  dma_stm32f10x.o
    0x0800118e   0x0800118e   0x00000002   PAD
    0x08001190   0x08001190   0x0000001c   Code   RO          413    i.DMA1_Channel1_IRQHandler  dma_stm32f10x.o
    0x080011ac   0x080011ac   0x00000002   Code   RO          414    i.DMA1_Channel2_Event  dma_stm32f10x.o
    0x080011ae   0x080011ae   0x00000002   PAD
    0x080011b0   0x080011b0   0x0000001c   Code   RO          415    i.DMA1_Channel2_IRQHandler  dma_stm32f10x.o
    0x080011cc   0x080011cc   0x00000002   Code   RO          416    i.DMA1_Channel3_Event  dma_stm32f10x.o
    0x080011ce   0x080011ce   0x00000002   PAD
    0x080011d0   0x080011d0   0x0000001c   Code   RO          417    i.DMA1_Channel3_IRQHandler  dma_stm32f10x.o
    0x080011ec   0x080011ec   0x00000002   Code   RO          418    i.DMA1_Channel4_Event  dma_stm32f10x.o
    0x080011ee   0x080011ee   0x00000002   PAD
    0x080011f0   0x080011f0   0x0000001c   Code   RO          419    i.DMA1_Channel4_IRQHandler  dma_stm32f10x.o
    0x0800120c   0x0800120c   0x00000002   Code   RO          420    i.DMA1_Channel5_Event  dma_stm32f10x.o
    0x0800120e   0x0800120e   0x00000002   PAD
    0x08001210   0x08001210   0x0000001c   Code   RO          421    i.DMA1_Channel5_IRQHandler  dma_stm32f10x.o
    0x0800122c   0x0800122c   0x00000002   Code   RO          422    i.DMA1_Channel6_Event  dma_stm32f10x.o
    0x0800122e   0x0800122e   0x00000002   PAD
    0x08001230   0x08001230   0x0000001c   Code   RO          423    i.DMA1_Channel6_IRQHandler  dma_stm32f10x.o
    0x0800124c   0x0800124c   0x00000002   Code   RO          424    i.DMA1_Channel7_Event  dma_stm32f10x.o
    0x0800124e   0x0800124e   0x00000002   PAD
    0x08001250   0x08001250   0x0000001c   Code   RO          425    i.DMA1_Channel7_IRQHandler  dma_stm32f10x.o
    0x0800126c   0x0800126c   0x00000002   Code   RO          426    i.DMA2_Channel1_Event  dma_stm32f10x.o
    0x0800126e   0x0800126e   0x00000002   PAD
    0x08001270   0x08001270   0x0000001c   Code   RO          427    i.DMA2_Channel1_IRQHandler  dma_stm32f10x.o
    0x0800128c   0x0800128c   0x00000002   Code   RO          428    i.DMA2_Channel2_Event  dma_stm32f10x.o
    0x0800128e   0x0800128e   0x00000002   PAD
    0x08001290   0x08001290   0x00000020   Code   RO          429    i.DMA2_Channel2_IRQHandler  dma_stm32f10x.o
    0x080012b0   0x080012b0   0x00000002   Code   RO          430    i.DMA2_Channel3_Event  dma_stm32f10x.o
    0x080012b2   0x080012b2   0x00000002   PAD
    0x080012b4   0x080012b4   0x00000020   Code   RO          431    i.DMA2_Channel3_IRQHandler  dma_stm32f10x.o
    0x080012d4   0x080012d4   0x00000038   Code   RO          432    i.DMA2_Channel4_5_IRQHandler  dma_stm32f10x.o
    0x0800130c   0x0800130c   0x00000002   Code   RO          433    i.DMA2_Channel4_Event  dma_stm32f10x.o
    0x0800130e   0x0800130e   0x00000002   Code   RO          435    i.DMA2_Channel5_Event  dma_stm32f10x.o
    0x08001310   0x08001310   0x0000009c   Code   RO          610    i.GPIO_AFConfigure  gpio_stm32f10x.o
    0x080013ac   0x080013ac   0x00000098   Code   RO          611    i.GPIO_GetPortClockState  gpio_stm32f10x.o
    0x08001444   0x08001444   0x00000078   Code   RO          612    i.GPIO_PinConfigure  gpio_stm32f10x.o
    0x080014bc   0x080014bc   0x0000013c   Code   RO          613    i.GPIO_PortClock    gpio_stm32f10x.o
    0x080015f8   0x080015f8   0x00000008   Code   RO          666    i.SetSysClock       system_stm32f10x.o
    0x08001600   0x08001600   0x000000e0   Code   RO          667    i.SetSysClockTo72   system_stm32f10x.o
    0x080016e0   0x080016e0   0x00000060   Code   RO          669    i.SystemInit        system_stm32f10x.o
    0x08001740   0x08001740   0x00000190   Code   RO            1    i.Thread_Mutex      main.o
    0x080018d0   0x080018d0   0x00000018   Code   RO          130    i.USART1_Control    usart_stm32f10x.o
    0x080018e8   0x080018e8   0x00000010   Code   RO          131    i.USART1_GetCapabilities  usart_stm32f10x.o
    0x080018f8   0x080018f8   0x00000010   Code   RO          132    i.USART1_GetModemStatus  usart_stm32f10x.o
    0x08001908   0x08001908   0x00000010   Code   RO          133    i.USART1_GetRxCount  usart_stm32f10x.o
    0x08001918   0x08001918   0x00000010   Code   RO          134    i.USART1_GetStatus  usart_stm32f10x.o
    0x08001928   0x08001928   0x00000010   Code   RO          135    i.USART1_GetTxCount  usart_stm32f10x.o
    0x08001938   0x08001938   0x00000010   Code   RO          136    i.USART1_IRQHandler  usart_stm32f10x.o
    0x08001948   0x08001948   0x00000014   Code   RO          137    i.USART1_Initialize  usart_stm32f10x.o
    0x0800195c   0x0800195c   0x00000014   Code   RO          138    i.USART1_PowerControl  usart_stm32f10x.o
    0x08001970   0x08001970   0x00000018   Code   RO          139    i.USART1_Receive    usart_stm32f10x.o
    0x08001988   0x08001988   0x00000018   Code   RO          140    i.USART1_Send       usart_stm32f10x.o
    0x080019a0   0x080019a0   0x00000014   Code   RO          141    i.USART1_SetModemControl  usart_stm32f10x.o
    0x080019b4   0x080019b4   0x0000001c   Code   RO          142    i.USART1_Transfer   usart_stm32f10x.o
    0x080019d0   0x080019d0   0x00000010   Code   RO          143    i.USART1_Uninitialize  usart_stm32f10x.o
    0x080019e0   0x080019e0   0x00000820   Code   RO          144    i.USART_Control     usart_stm32f10x.o
    0x08002200   0x08002200   0x00000006   Code   RO          145    i.USART_GetCapabilities  usart_stm32f10x.o
    0x08002206   0x08002206   0x00000056   Code   RO          146    i.USART_GetModemStatus  usart_stm32f10x.o
    0x0800225c   0x0800225c   0x00000008   Code   RO          147    i.USART_GetRxCount  usart_stm32f10x.o
    0x08002264   0x08002264   0x00000076   Code   RO          148    i.USART_GetStatus   usart_stm32f10x.o
    0x080022da   0x080022da   0x00000008   Code   RO          149    i.USART_GetTxCount  usart_stm32f10x.o
    0x080022e2   0x080022e2   0x00000270   Code   RO          150    i.USART_IRQHandler  usart_stm32f10x.o
    0x08002552   0x08002552   0x000000a2   Code   RO          151    i.USART_Initialize  usart_stm32f10x.o
    0x080025f4   0x080025f4   0x000000d8   Code   RO          152    i.USART_PeripheralReset  usart_stm32f10x.o
    0x080026cc   0x080026cc   0x00000218   Code   RO          153    i.USART_PowerControl  usart_stm32f10x.o
    0x080028e4   0x080028e4   0x000000a2   Code   RO          154    i.USART_Receive     usart_stm32f10x.o
    0x08002986   0x08002986   0x00000088   Code   RO          155    i.USART_Send        usart_stm32f10x.o
    0x08002a0e   0x08002a0e   0x0000009c   Code   RO          156    i.USART_SetModemControl  usart_stm32f10x.o
    0x08002aaa   0x08002aaa   0x0000006a   Code   RO          157    i.USART_Transfer    usart_stm32f10x.o
    0x08002b14   0x08002b14   0x0000006c   Code   RO          158    i.USART_Uninitialize  usart_stm32f10x.o
    0x08002b80   0x08002b80   0x00000010   Code   RO          159    i.USARTx_GetVersion  usart_stm32f10x.o
    0x08002b90   0x08002b90   0x0000002c   Code   RO           69    i.__user_perthread_libspace  rtx_conf_cm.o
    0x08002bbc   0x08002bbc   0x00000046   Code   RO         1806    i._init_box         RTX_CM3.lib(rt_membox.o)
    0x08002c02   0x08002c02   0x00000002   PAD
    0x08002c04   0x08002c04   0x00000020   Code   RO           70    i._mutex_acquire    rtx_conf_cm.o
    0x08002c24   0x08002c24   0x0000002c   Code   RO           71    i._mutex_initialize  rtx_conf_cm.o
    0x08002c50   0x08002c50   0x0000001c   Code   RO           72    i._mutex_release    rtx_conf_cm.o
    0x08002c6c   0x08002c6c   0x00000026   Code   RO          345    i._sys_close        retarget_io.o
    0x08002c92   0x08002c92   0x00000024   Code   RO          346    i._sys_flen         retarget_io.o
    0x08002cb6   0x08002cb6   0x00000024   Code   RO          347    i._sys_istty        retarget_io.o
    0x08002cda   0x08002cda   0x00000002   PAD
    0x08002cdc   0x08002cdc   0x00000068   Code   RO          348    i._sys_open         retarget_io.o
    0x08002d44   0x08002d44   0x0000002c   Code   RO          350    i._sys_seek         retarget_io.o
    0x08002d70   0x08002d70   0x00000046   Code   RO          351    i._sys_write        retarget_io.o
    0x08002db6   0x08002db6   0x00000002   PAD
    0x08002db8   0x08002db8   0x00000030   Code   RO         1859    i.dbg_init          RTX_CM3.lib(hal_cm.o)
    0x08002de8   0x08002de8   0x00000020   Code   RO         1860    i.dbg_task_notify   RTX_CM3.lib(hal_cm.o)
    0x08002e08   0x08002e08   0x00000010   Code   RO         1861    i.dbg_task_switch   RTX_CM3.lib(hal_cm.o)
    0x08002e18   0x08002e18   0x0000001a   Code   RO         2014    i.fputc             c_w.l(fputc.o)
    0x08002e32   0x08002e32   0x0000002a   Code   RO          712    i.isrMessageGet     RTX_CM3.lib(rt_cmsis.o)
    0x08002e5c   0x08002e5c   0x0000002c   Code   RO          713    i.isrMessagePut     RTX_CM3.lib(rt_cmsis.o)
    0x08002e88   0x08002e88   0x00000056   Code   RO         1661    i.isr_mbx_receive   RTX_CM3.lib(rt_mailbox.o)
    0x08002ede   0x08002ede   0x0000000e   Code   RO         1662    i.isr_mbx_send      RTX_CM3.lib(rt_mailbox.o)
    0x08002eec   0x08002eec   0x00000084   Code   RO            2    i.main              main.o
    0x08002f70   0x08002f70   0x00000024   Code   RO          717    i.osKernelInitialize  RTX_CM3.lib(rt_cmsis.o)
    0x08002f94   0x08002f94   0x0000006c   Code   RO          719    i.osKernelStart     RTX_CM3.lib(rt_cmsis.o)
    0x08003000   0x08003000   0x00000018   Code   RO          728    i.osMessageGet      RTX_CM3.lib(rt_cmsis.o)
    0x08003018   0x08003018   0x0000002c   Code   RO          730    i.osMutexCreate     RTX_CM3.lib(rt_cmsis.o)
    0x08003044   0x08003044   0x00000018   Code   RO          732    i.osMutexRelease    RTX_CM3.lib(rt_cmsis.o)
    0x0800305c   0x0800305c   0x00000018   Code   RO          733    i.osMutexWait       RTX_CM3.lib(rt_cmsis.o)
    0x08003074   0x08003074   0x0000002c   Code   RO          745    i.osThreadCreate    RTX_CM3.lib(rt_cmsis.o)
    0x080030a0   0x080030a0   0x00000018   Code   RO          746    i.osThreadExit      RTX_CM3.lib(rt_cmsis.o)
    0x080030b8   0x080030b8   0x0000000c   Code   RO          752    i.osTimerCall       RTX_CM3.lib(rt_cmsis.o)
    0x080030c4   0x080030c4   0x0000002c   Code   RO          757    i.osTimerThread     RTX_CM3.lib(rt_cmsis.o)
    0x080030f0   0x080030f0   0x00000022   Code   RO           73    i.os_error          rtx_conf_cm.o
    0x08003112   0x08003112   0x00000004   Code   RO           74    i.os_idle_demon     rtx_conf_cm.o
    0x08003116   0x08003116   0x00000002   PAD
    0x08003118   0x08003118   0x00000028   Code   RO         1453    i.os_tick_init      RTX_CM3.lib(rt_system.o)
    0x08003140   0x08003140   0x00000002   Code   RO         1454    i.os_tick_irqack    RTX_CM3.lib(rt_system.o)
    0x08003142   0x08003142   0x0000001a   Code   RO         1807    i.rt_alloc_box      RTX_CM3.lib(rt_membox.o)
    0x0800315c   0x0800315c   0x0000003e   Code   RO         1835    i.rt_alloc_mem      RTX_CM3.lib(rt_memory.o)
    0x0800319a   0x0800319a   0x00000002   PAD
    0x0800319c   0x0800319c   0x00000038   Code   RO         1334    i.rt_block          RTX_CM3.lib(rt_task.o)
    0x080031d4   0x080031d4   0x00000048   Code   RO         1784    i.rt_chk_robin      RTX_CM3.lib(rt_robin.o)
    0x0800321c   0x0800321c   0x00000070   Code   RO         1585    i.rt_dec_dly        RTX_CM3.lib(rt_list.o)
    0x0800328c   0x0800328c   0x00000044   Code   RO         1335    i.rt_dispatch       RTX_CM3.lib(rt_task.o)
    0x080032d0   0x080032d0   0x00000050   Code   RO         1546    i.rt_evt_psh        RTX_CM3.lib(rt_event.o)
    0x08003320   0x08003320   0x0000002c   Code   RO         1808    i.rt_free_box       RTX_CM3.lib(rt_membox.o)
    0x0800334c   0x0800334c   0x00000028   Code   RO         1836    i.rt_free_mem       RTX_CM3.lib(rt_memory.o)
    0x08003374   0x08003374   0x00000028   Code   RO         1586    i.rt_get_first      RTX_CM3.lib(rt_list.o)
    0x0800339c   0x0800339c   0x00000008   Code   RO          762    i.rt_id2obj         RTX_CM3.lib(rt_cmsis.o)
    0x080033a4   0x080033a4   0x00000048   Code   RO         1336    i.rt_init_context   RTX_CM3.lib(rt_task.o)
    0x080033ec   0x080033ec   0x0000001a   Code   RO         1837    i.rt_init_mem       RTX_CM3.lib(rt_memory.o)
    0x08003406   0x08003406   0x00000002   PAD
    0x08003408   0x08003408   0x00000018   Code   RO         1785    i.rt_init_robin     RTX_CM3.lib(rt_robin.o)
    0x08003420   0x08003420   0x00000080   Code   RO         1862    i.rt_init_stack     RTX_CM3.lib(hal_cm.o)
    0x080034a0   0x080034a0   0x00000008   Code   RO         1663    i.rt_mbx_check      RTX_CM3.lib(rt_mailbox.o)
    0x080034a8   0x080034a8   0x0000001a   Code   RO         1664    i.rt_mbx_init       RTX_CM3.lib(rt_mailbox.o)
    0x080034c2   0x080034c2   0x00000002   PAD
    0x080034c4   0x080034c4   0x000000f0   Code   RO         1665    i.rt_mbx_psh        RTX_CM3.lib(rt_mailbox.o)
    0x080035b4   0x080035b4   0x000000b4   Code   RO         1667    i.rt_mbx_wait       RTX_CM3.lib(rt_mailbox.o)
    0x08003668   0x08003668   0x00000044   Code   RO          763    i.rt_ms2tick        RTX_CM3.lib(rt_cmsis.o)
    0x080036ac   0x080036ac   0x00000010   Code   RO         1419    i.rt_mut_init       RTX_CM3.lib(rt_mutex.o)
    0x080036bc   0x080036bc   0x000000d8   Code   RO         1420    i.rt_mut_release    RTX_CM3.lib(rt_mutex.o)
    0x08003794   0x08003794   0x00000078   Code   RO         1421    i.rt_mut_wait       RTX_CM3.lib(rt_mutex.o)
    0x0800380c   0x0800380c   0x0000007c   Code   RO         1457    i.rt_pop_req        RTX_CM3.lib(rt_system.o)
    0x08003888   0x08003888   0x00000020   Code   RO         1458    i.rt_psh_req        RTX_CM3.lib(rt_system.o)
    0x080038a8   0x080038a8   0x0000005c   Code   RO         1588    i.rt_psq_enq        RTX_CM3.lib(rt_list.o)
    0x08003904   0x08003904   0x00000048   Code   RO         1589    i.rt_put_dly        RTX_CM3.lib(rt_list.o)
    0x0800394c   0x0800394c   0x00000036   Code   RO         1590    i.rt_put_prio       RTX_CM3.lib(rt_list.o)
    0x08003982   0x08003982   0x00000002   PAD
    0x08003984   0x08003984   0x00000014   Code   RO         1591    i.rt_put_rdy_first  RTX_CM3.lib(rt_list.o)
    0x08003998   0x08003998   0x00000034   Code   RO         1592    i.rt_resort_prio    RTX_CM3.lib(rt_list.o)
    0x080039cc   0x080039cc   0x00000006   Code   RO         1863    i.rt_ret_val        RTX_CM3.lib(hal_cm.o)
    0x080039d2   0x080039d2   0x00000008   Code   RO         1864    i.rt_ret_val2       RTX_CM3.lib(hal_cm.o)
    0x080039da   0x080039da   0x00000028   Code   RO         1593    i.rt_rmv_dly        RTX_CM3.lib(rt_list.o)
    0x08003a02   0x08003a02   0x00000002   PAD
    0x08003a04   0x08003a04   0x00000030   Code   RO         1594    i.rt_rmv_list       RTX_CM3.lib(rt_list.o)
    0x08003a34   0x08003a34   0x00000034   Code   RO         1712    i.rt_sem_psh        RTX_CM3.lib(rt_semaphore.o)
    0x08003a68   0x08003a68   0x00000024   Code   RO         1460    i.rt_stk_check      RTX_CM3.lib(rt_system.o)
    0x08003a8c   0x08003a8c   0x00000028   Code   RO         1337    i.rt_switch_req     RTX_CM3.lib(rt_task.o)
    0x08003ab4   0x08003ab4   0x000000cc   Code   RO         1338    i.rt_sys_init       RTX_CM3.lib(rt_task.o)
    0x08003b80   0x08003b80   0x00000078   Code   RO         1339    i.rt_sys_start      RTX_CM3.lib(rt_task.o)
    0x08003bf8   0x08003bf8   0x00000040   Code   RO         1462    i.rt_systick        RTX_CM3.lib(rt_system.o)
    0x08003c38   0x08003c38   0x00000012   Code   RO          764    i.rt_tid2ptcb       RTX_CM3.lib(rt_cmsis.o)
    0x08003c4a   0x08003c4a   0x00000002   PAD
    0x08003c4c   0x08003c4c   0x00000034   Code   RO          765    i.rt_timer_insert   RTX_CM3.lib(rt_cmsis.o)
    0x08003c80   0x08003c80   0x00000088   Code   RO         1340    i.rt_tsk_create     RTX_CM3.lib(rt_task.o)
    0x08003d08   0x08003d08   0x0000017c   Code   RO         1341    i.rt_tsk_delete     RTX_CM3.lib(rt_task.o)
    0x08003e84   0x08003e84   0x0000007c   Code   RO         1343    i.rt_tsk_prio       RTX_CM3.lib(rt_task.o)
    0x08003f00   0x08003f00   0x00000010   Code   RO         1344    i.rt_tsk_self       RTX_CM3.lib(rt_task.o)
    0x08003f10   0x08003f10   0x00000058   Code   RO           40    i.stdout_init       stdout_usart.o
    0x08003f68   0x08003f68   0x00000030   Code   RO           41    i.stdout_putchar    stdout_usart.o
    0x08003f98   0x08003f98   0x00000070   Code   RO          768    i.svcKernelInitialize  RTX_CM3.lib(rt_cmsis.o)
    0x08004008   0x08004008   0x00000048   Code   RO          770    i.svcKernelStart    RTX_CM3.lib(rt_cmsis.o)
    0x08004050   0x08004050   0x00000024   Code   RO          773    i.svcMessageCreate  RTX_CM3.lib(rt_cmsis.o)
    0x08004074   0x08004074   0x0000003a   Code   RO          774    i.svcMessageGet     RTX_CM3.lib(rt_cmsis.o)
    0x080040ae   0x080040ae   0x0000001c   Code   RO          776    i.svcMutexCreate    RTX_CM3.lib(rt_cmsis.o)
    0x080040ca   0x080040ca   0x00000022   Code   RO          778    i.svcMutexRelease   RTX_CM3.lib(rt_cmsis.o)
    0x080040ec   0x080040ec   0x0000003a   Code   RO          779    i.svcMutexWait      RTX_CM3.lib(rt_cmsis.o)
    0x08004126   0x08004126   0x00000002   PAD
    0x08004128   0x08004128   0x0000006c   Code   RO          788    i.svcThreadCreate   RTX_CM3.lib(rt_cmsis.o)
    0x08004194   0x08004194   0x0000001c   Code   RO          789    i.svcThreadGetId    RTX_CM3.lib(rt_cmsis.o)
    0x080041b0   0x080041b0   0x00000038   Code   RO          792    i.svcThreadTerminate  RTX_CM3.lib(rt_cmsis.o)
    0x080041e8   0x080041e8   0x00000018   Code   RO          794    i.svcTimerCall      RTX_CM3.lib(rt_cmsis.o)
    0x08004200   0x08004200   0x0000005c   Code   RO          803    i.sysTimerTick      RTX_CM3.lib(rt_cmsis.o)
    0x0800425c   0x0800425c   0x00000014   Data   RO            4    .constdata          main.o
    0x08004270   0x08004270   0x00000068   Data   RO           76    .constdata          rtx_conf_cm.o
    0x080042d8   0x080042d8   0x00000084   Data   RO          161    .constdata          usart_stm32f10x.o
    0x0800435c   0x0800435c   0x00000017   Data   RO          352    .constdata          retarget_io.o
    0x08004373   0x08004373   0x00000001   PAD
    0x08004374   0x08004374   0x00000020   Data   RO         2311    Region$$Table       anon$$obj.o


    Execution Region RW_IRAM1 (Exec base: 0x20000000, Load base: 0x08004394, Size: 0x00001c38, Max: 0x00018000, ABSOLUTE)

    Exec Addr    Load Addr    Size         Type   Attr      Idx    E Section Name        Object

    0x20000000   0x08004394   0x00000004   Data   RW            5    .data               main.o
    0x20000004   0x08004398   0x00000014   Data   RW           77    .data               rtx_conf_cm.o
    0x20000018   0x080043ac   0x00000008   Data   RW          806    .data               RTX_CM3.lib(rt_cmsis.o)
    0x20000020   0x080043b4   0x00000008   Data   RW         1346    .data               RTX_CM3.lib(rt_task.o)
    0x20000028   0x080043bc   0x00000008   Data   RW         1465    .data               RTX_CM3.lib(rt_system.o)
    0x20000030   0x080043c4   0x00000004   Data   RW         1755    .data               RTX_CM3.lib(rt_time.o)
    0x20000034   0x080043c8   0x00000008   Data   RW         1786    .data               RTX_CM3.lib(rt_robin.o)
    0x2000003c   0x080043d0   0x00000001   Data   RW         1865    .data               RTX_CM3.lib(hal_cm.o)
    0x2000003d   0x080043d1   0x00000003   PAD
    0x20000040   0x080043d4   0x00000004   Data   RW         1982    .data               c_w.l(stdio_streams.o)
    0x20000044   0x080043d8   0x00000004   Data   RW         1983    .data               c_w.l(stdio_streams.o)
    0x20000048   0x080043dc   0x00000004   Data   RW         1984    .data               c_w.l(stdio_streams.o)
    0x2000004c   0x080043e0   0x00000004   Data   RW         2091    .data               c_w.l(streamlock.o)
    0x20000050        -       0x00000010   Zero   RW            3    .bss                main.o
    0x20000060        -       0x000013e0   Zero   RW           75    .bss                rtx_conf_cm.o
    0x20001440        -       0x00000038   Zero   RW          160    .bss                usart_stm32f10x.o
    0x20001478        -       0x00000034   Zero   RW         1345    .bss                RTX_CM3.lib(rt_task.o)
    0x200014ac        -       0x00000030   Zero   RW         1595    .bss                RTX_CM3.lib(rt_list.o)
    0x200014dc        -       0x00000060   Zero   RW         1923    .bss                c_w.l(libspace.o)
    0x2000153c        -       0x00000054   Zero   RW         1979    .bss                c_w.l(stdio_streams.o)
    0x20001590        -       0x00000054   Zero   RW         1980    .bss                c_w.l(stdio_streams.o)
    0x200015e4        -       0x00000054   Zero   RW         1981    .bss                c_w.l(stdio_streams.o)
    0x20001638        -       0x00000200   Zero   RW          657    HEAP                startup_stm32f10x_xl.o
    0x20001838        -       0x00000400   Zero   RW          656    STACK               startup_stm32f10x_xl.o


==============================================================================

Image component sizes


      Code (inc. data)   RO Data    RW Data    ZI Data      Debug   Object Name

       368         50          0          0          0      12971   dma_stm32f10x.o
       744         76          0          0          0       6533   gpio_stm32f10x.o
       532        338         20          4         16      10608   main.o
       328         24         23          0          0       5386   retarget_io.o
       214         48        104         20       5088      10847   rtx_conf_cm.o
        64         26        304          0       1536        848   startup_stm32f10x_xl.o
       136         10          0          0          0       8119   stdout_usart.o
       328         28          0          0          0       2137   system_stm32f10x.o
      4800        176        132          0         56     262254   usart_stm32f10x.o

    ----------------------------------------------------------------------
      7540        776        616         24       6696     319703   Object Totals
         0          0         32          0          0          0   (incl. Generated)
        26          0          1          0          0          0   (incl. Padding)

    ----------------------------------------------------------------------

      Code (inc. data)   RO Data    RW Data    ZI Data      Debug   Library Member Name

       238         24          0          1          0       3244   hal_cm.o
       304         36          0          0          0        756   hal_cm3.o
      1322        158          0          8          0      36017   rt_cmsis.o
        80          4          0          0          0        649   rt_event.o
       530         34          0          0         48       8157   rt_list.o
       554         10          0          0          0       3889   rt_mailbox.o
       140          0          0          0          0       1889   rt_membox.o
       128          0          0          0          0       2267   rt_memory.o
       352         14          0          0          0       2073   rt_mutex.o
        96         22          0          8          0       1134   rt_robin.o
        52          4          0          0          0        565   rt_semaphore.o
       298         52          0          8          0       6139   rt_system.o
      1216        174          0          8         52       9537   rt_task.o
         0          0          0          4          0        206   rt_time.o
         4          4          0          0          0        196   svc_table.o
         8          0          0          0          0         68   __main.o
       104          0          0          0          0         84   __printf.o
         0          0          0          0          0          0   __rtentry.o
        20          0          0          0          0          0   __rtentry2.o
         6          0          0          0          0          0   __rtentry4.o
        52          8          0          0          0          0   __scatter.o
        26          0          0          0          0          0   __scatter_copy.o
        28          0          0          0          0          0   __scatter_zi.o
        48          6          0          0          0         96   _printf_char_common.o
        64          6          0          0          0         84   _printf_char_file_locked.o
         6          0          0          0          0          0   _printf_d.o
       120         16          0          0          0         92   _printf_dec.o
       178          0          0          0          0         88   _printf_intcommon.o
         0          0          0          0          0          0   _printf_percent.o
         4          0          0          0          0          0   _printf_percent_end.o
        10          0          0          0          0         68   defsig_exit.o
        50          0          0          0          0         88   defsig_general.o
        80         58          0          0          0         76   defsig_rtmem_inner.o
        14          0          0          0          0         80   defsig_rtmem_outer.o
        52         38          0          0          0         76   defsig_rtred_inner.o
        14          0          0          0          0         80   defsig_rtred_outer.o
        18          0          0          0          0         80   exit.o
        76          0          0          0          0         88   fclose.o
       470          0          0          0          0         88   flsbuf.o
       324          8          0          0          0        152   fopen_locked.o
        26          0          0          0          0         68   fputc.o
       248          6          0          0          0         84   fseek.o
        66          0          0          0          0         76   ftell.o
       158          0          0          0          0        128   h1_alloc_mt.o
        62          0          0          0          0         80   h1_extend_mt.o
       118          0          0          0          0        108   h1_free_mt.o
        18          0          0          0          0         84   h1_init_mt.o
         6          0          0          0          0        152   heapauxi.o
         4          0          0          0          0        136   hguard.o
         0          0          0          0          0          0   indicate_semi.o
       138          0          0          0          0        168   init_alloc.o
       456         48          0          0          0        116   initio_locked.o
         2          0          0          0          0          0   libinit.o
        14          0          0          0          0          0   libinit2.o
         2          0          0          0          0          0   libshutdown.o
         6          0          0          0          0          0   libshutdown2.o
         8          4          0          0         96         68   libspace.o
         0          0          0          0          0          0   maybetermalloc1.o
        24          4          0          0          0         84   noretval__2printf.o
         4          0          0          0          0         68   rt_errno_addr_twolibspace.o
        10          0          0          0          0         76   rt_heap_descriptor_twolibspace.o
        78          0          0          0          0         80   rt_memclr_w.o
         2          0          0          0          0          0   rtexit.o
        10          0          0          0          0          0   rtexit2.o
       104          0          0          0          0         88   setvbuf_locked.o
       240          6          0          0          0        156   stdio.o
         0          0          0         12        252          0   stdio_streams.o
       128          0          0          0          0         68   strcmpv7m.o
         0          0          0          4          0          0   streamlock.o
        12          4          0          0          0         68   sys_exit.o
        74          0          0          0          0         80   sys_stackheap_outer.o
        14          0          0          0          0         76   sys_wrch.o
         2          0          0          0          0         68   use_no_semi.o

    ----------------------------------------------------------------------
      9144        748          0         56        448      80286   Library Totals
        24          0          0          3          0          0   (incl. Padding)

    ----------------------------------------------------------------------

      Code (inc. data)   RO Data    RW Data    ZI Data      Debug   Library Name

      5314        536          0         37        100      76718   RTX_CM3.lib
      3806        212          0         16        348       3568   c_w.l

    ----------------------------------------------------------------------
      9144        748          0         56        448      80286   Library Totals

    ----------------------------------------------------------------------

==============================================================================


      Code (inc. data)   RO Data    RW Data    ZI Data      Debug   

     16684       1524        616         80       7144     390417   Grand Totals
     16684       1524        616         80       7144     390417   ELF Image Totals
     16684       1524        616         80          0          0   ROM Totals

==============================================================================

    Total RO  Size (Code + RO Data)                17300 (  16.89kB)
    Total RW  Size (RW Data + ZI Data)              7224 (   7.05kB)
    Total ROM Size (Code + RO Data + RW Data)      17380 (  16.97kB)

==============================================================================

