Component: ARM Compiler 5.06 update 6 (build 750) Tool: armlink [4d35ed]

==============================================================================

Section Cross References

    main.o(i.main) refers to _printf_percent.o(.ARM.Collect$$_printf_percent$$00000000) for _printf_percent
    main.o(i.main) refers to _printf_f.o(.ARM.Collect$$_printf_percent$$00000003) for _printf_f
    main.o(i.main) refers to printf1.o(x$fpl$printf1) for _printf_fp_dec
    main.o(i.main) refers to stdout_usart.o(i.stdout_init) for stdout_init
    main.o(i.main) refers to adc.o(i.ADC_Inti) for ADC_Inti
    main.o(i.main) refers to stm32f10x_adc.o(i.ADC_SoftwareStartConvCmd) for ADC_SoftwareStartConvCmd
    main.o(i.main) refers to fflt_clz.o(x$fpl$fflt) for __aeabi_i2f
    main.o(i.main) refers to fdiv.o(x$fpl$fdiv) for __aeabi_fdiv
    main.o(i.main) refers to f2d.o(x$fpl$f2d) for __aeabi_f2d
    main.o(i.main) refers to dmul.o(x$fpl$dmul) for __aeabi_dmul
    main.o(i.main) refers to d2f.o(x$fpl$d2f) for __aeabi_d2f
    main.o(i.main) refers to noretval__2printf.o(.text) for __2printf
    main.o(i.main) refers to main.o(i.delay_ms) for delay_ms
    main.o(i.main) refers to adc.o(.bss) for ADCConvertedValue
    stdout_usart.o(i.stdout_init) refers to usart_stm32f10x.o(.constdata) for Driver_USART1
    stdout_usart.o(i.stdout_putchar) refers to usart_stm32f10x.o(.constdata) for Driver_USART1
    adc.o(i.ADC_DMA_Config) refers to stm32f10x_rcc.o(i.RCC_AHBPeriphClockCmd) for RCC_AHBPeriphClockCmd
    adc.o(i.ADC_DMA_Config) refers to stm32f10x_dma.o(i.DMA_DeInit) for DMA_DeInit
    adc.o(i.ADC_DMA_Config) refers to stm32f10x_dma.o(i.DMA_Init) for DMA_Init
    adc.o(i.ADC_DMA_Config) refers to stm32f10x_dma.o(i.DMA_Cmd) for DMA_Cmd
    adc.o(i.ADC_DMA_Config) refers to adc.o(.bss) for ADCConvertedValue
    adc.o(i.ADC_GPIO_Init) refers to stm32f10x_gpio.o(i.GPIO_Init) for GPIO_Init
    adc.o(i.ADC_Inti) refers to adc.o(i.ADC_RCC_Init) for ADC_RCC_Init
    adc.o(i.ADC_Inti) refers to adc.o(i.ADC_GPIO_Init) for ADC_GPIO_Init
    adc.o(i.ADC_Inti) refers to adc.o(i.ADC_DMA_Config) for ADC_DMA_Config
    adc.o(i.ADC_Inti) refers to adc.o(i.ADC_Mode_Config) for ADC_Mode_Config
    adc.o(i.ADC_Mode_Config) refers to stm32f10x_adc.o(i.ADC_DeInit) for ADC_DeInit
    adc.o(i.ADC_Mode_Config) refers to stm32f10x_adc.o(i.ADC_Init) for ADC_Init
    adc.o(i.ADC_Mode_Config) refers to stm32f10x_adc.o(i.ADC_RegularChannelConfig) for ADC_RegularChannelConfig
    adc.o(i.ADC_Mode_Config) refers to stm32f10x_adc.o(i.ADC_DMACmd) for ADC_DMACmd
    adc.o(i.ADC_Mode_Config) refers to stm32f10x_adc.o(i.ADC_Cmd) for ADC_Cmd
    adc.o(i.ADC_Mode_Config) refers to stm32f10x_adc.o(i.ADC_ResetCalibration) for ADC_ResetCalibration
    adc.o(i.ADC_Mode_Config) refers to stm32f10x_adc.o(i.ADC_GetResetCalibrationStatus) for ADC_GetResetCalibrationStatus
    adc.o(i.ADC_Mode_Config) refers to stm32f10x_adc.o(i.ADC_StartCalibration) for ADC_StartCalibration
    adc.o(i.ADC_Mode_Config) refers to stm32f10x_adc.o(i.ADC_GetCalibrationStatus) for ADC_GetCalibrationStatus
    adc.o(i.ADC_RCC_Init) refers to stm32f10x_rcc.o(i.RCC_APB2PeriphClockCmd) for RCC_APB2PeriphClockCmd
    adc.o(i.ADC_RCC_Init) refers to stm32f10x_rcc.o(i.RCC_ADCCLKConfig) for RCC_ADCCLKConfig
    adc.o(i.Get_Adc) refers to stm32f10x_adc.o(i.ADC_RegularChannelConfig) for ADC_RegularChannelConfig
    adc.o(i.Get_Adc) refers to stm32f10x_adc.o(i.ADC_SoftwareStartConvCmd) for ADC_SoftwareStartConvCmd
    adc.o(i.Get_Adc) refers to stm32f10x_adc.o(i.ADC_GetFlagStatus) for ADC_GetFlagStatus
    adc.o(i.Get_Adc) refers to stm32f10x_adc.o(i.ADC_GetConversionValue) for ADC_GetConversionValue
    rtx_conf_cm.o(.emb_text) refers to rt_cmsis.o(i.osKernelInitialize) for osKernelInitialize
    rtx_conf_cm.o(.emb_text) refers to rt_cmsis.o(i.osThreadCreate) for osThreadCreate
    rtx_conf_cm.o(.emb_text) refers to rt_cmsis.o(i.osKernelStart) for osKernelStart
    rtx_conf_cm.o(.emb_text) refers to exit.o(.text) for exit
    rtx_conf_cm.o(.emb_text) refers to rtx_conf_cm.o(.constdata) for os_thread_def_main
    rtx_conf_cm.o(i.__user_perthread_libspace) refers to rt_task.o(i.rt_tsk_self) for rt_tsk_self
    rtx_conf_cm.o(i.__user_perthread_libspace) refers to rt_cmsis.o(.data) for os_running
    rtx_conf_cm.o(i.__user_perthread_libspace) refers to rtx_conf_cm.o(.bss) for .bss
    rtx_conf_cm.o(i.__user_perthread_libspace) refers to libspace.o(.bss) for __libspace_start
    rtx_conf_cm.o(i._mutex_acquire) refers to rt_cmsis.o(.data) for os_running
    rtx_conf_cm.o(i._mutex_acquire) refers to rt_mutex.o(i.rt_mut_wait) for rt_mut_wait
    rtx_conf_cm.o(i._mutex_initialize) refers to rt_mutex.o(i.rt_mut_init) for rt_mut_init
    rtx_conf_cm.o(i._mutex_initialize) refers to rtx_conf_cm.o(.data) for .data
    rtx_conf_cm.o(i._mutex_initialize) refers to rtx_conf_cm.o(.bss) for .bss
    rtx_conf_cm.o(i._mutex_release) refers to rt_cmsis.o(.data) for os_running
[...]
    _get_lc_monetary                          - Undefined Weak Reference
    _get_lc_time                              - Undefined Weak Reference
    _getenv_init                              - Undefined Weak Reference
    _handle_redirection                       - Undefined Weak Reference
    _mutex_free                               - Undefined Weak Reference
    _printf_post_padding                      - Undefined Weak Reference
    _printf_pre_padding                       - Undefined Weak Reference
    _rand_init                                - Undefined Weak Reference
    _signal_finish                            - Undefined Weak Reference
    _signal_init                              - Undefined Weak Reference
    __Vectors_Size                           0x00000130   Number         0  startup_stm32f10x_hd.o ABSOLUTE
    __RL_RTX_VER                             0x00000482   Number         0  rt_system.o ABSOLUTE
    __Vectors                                0x08000000   Data           4  startup_stm32f10x_hd.o(RESET)
    __Vectors_End                            0x08000130   Data           0  startup_stm32f10x_hd.o(RESET)
    __main                                   0x08000131   Thumb Code     8  __main.o(!!!main)
    __scatterload                            0x08000139   Thumb Code     0  __scatter.o(!!!scatter)
    __scatterload_rt2                        0x08000139   Thumb Code    44  __scatter.o(!!!scatter)
    __scatterload_rt2_thumb_only             0x08000139   Thumb Code     0  __scatter.o(!!!scatter)
    __scatterload_null                       0x08000147   Thumb Code     0  __scatter.o(!!!scatter)
    __scatterload_copy                       0x0800016d   Thumb Code    26  __scatter_copy.o(!!handler_copy)
    __scatterload_zeroinit                   0x08000189   Thumb Code    28  __scatter_zi.o(!!handler_zi)
    _printf_f                                0x080001a5   Thumb Code     0  _printf_f.o(.ARM.Collect$$_printf_percent$$00000003)
    _printf_percent                          0x080001a5   Thumb Code     0  _printf_percent.o(.ARM.Collect$$_printf_percent$$00000000)
    _printf_percent_end                      0x080001ab   Thumb Code     0  _printf_percent_end.o(.ARM.Collect$$_printf_percent$$00000017)
    __rt_lib_init                            0x080001af   Thumb Code     0  libinit.o(.ARM.Collect$$libinit$$00000000)
    __rt_lib_init_fp_1                       0x080001b1   Thumb Code     0  libinit2.o(.ARM.Collect$$libinit$$00000002)
    __rt_lib_init_heap_2                     0x080001b1   Thumb Code     0  libinit2.o(.ARM.Collect$$libinit$$00000005)
    __rt_lib_init_preinit_1                  0x080001b1   Thumb Code     0  libinit2.o(.ARM.Collect$$libinit$$00000004)
    __rt_lib_init_heap_1                     0x080001b9   Thumb Code     0  libinit2.o(.ARM.Collect$$libinit$$0000000A)
    __rt_lib_init_lc_common                  0x080001b9   Thumb Code     0  libinit2.o(.ARM.Collect$$libinit$$0000000F)
    __rt_lib_init_rand_1                     0x080001b9   Thumb Code     0  libinit2.o(.ARM.Collect$$libinit$$0000000E)
    __rt_lib_init_user_alloc_1               0x080001b9   Thumb Code     0  libinit2.o(.ARM.Collect$$libinit$$0000000C)
    __rt_lib_init_lc_collate_1               0x080001bf   Thumb Code     0  libinit2.o(.ARM.Collect$$libinit$$00000011)
    __rt_lib_init_lc_ctype_1                 0x080001bf   Thumb Code     0  libinit2.o(.ARM.Collect$$libinit$$00000013)
    __rt_lib_init_lc_monetary_1              0x080001bf   Thumb Code     0  libinit2.o(.ARM.Collect$$libinit$$00000015)
    __rt_lib_init_lc_numeric_2               0x080001bf   Thumb Code     0  libinit2.o(.ARM.Collect$$libinit$$00000016)
    __rt_lib_init_atexit_1                   0x080001c9   Thumb Code     0  libinit2.o(.ARM.Collect$$libinit$$0000001B)
    __rt_lib_init_clock_1                    0x080001c9   Thumb Code     0  libinit2.o(.ARM.Collect$$libinit$$00000021)
    __rt_lib_init_fp_trap_1                  0x080001c9   Thumb Code     0  libinit2.o(.ARM.Collect$$libinit$$0000001F)
    __rt_lib_init_getenv_1                   0x080001c9   Thumb Code     0  libinit2.o(.ARM.Collect$$libinit$$00000023)
    __rt_lib_init_lc_numeric_1               0x080001c9   Thumb Code     0  libinit2.o(.ARM.Collect$$libinit$$00000017)
    __rt_lib_init_lc_time_1                  0x080001c9   Thumb Code     0  libinit2.o(.ARM.Collect$$libinit$$00000019)
    __rt_lib_init_signal_1                   0x080001c9   Thumb Code     0  libinit2.o(.ARM.Collect$$libinit$$0000001D)
    __rt_lib_init_stdio_2                    0x080001c9   Thumb Code     0  libinit2.o(.ARM.Collect$$libinit$$00000024)
    __rt_lib_init_alloca_1                   0x080001cd   Thumb Code     0  libinit2.o(.ARM.Collect$$libinit$$0000002E)
    __rt_lib_init_argv_1                     0x080001cd   Thumb Code     0  libinit2.o(.ARM.Collect$$libinit$$0000002C)
    __rt_lib_init_cpp_1                      0x080001cd   Thumb Code     0  libinit2.o(.ARM.Collect$$libinit$$00000032)
    __rt_lib_init_exceptions_1               0x080001cd   Thumb Code     0  libinit2.o(.ARM.Collect$$libinit$$00000030)
    __rt_lib_init_return                     0x080001cd   Thumb Code     0  libinit2.o(.ARM.Collect$$libinit$$00000033)
    __rt_lib_init_stdio_1                    0x080001cd   Thumb Code     0  libinit2.o(.ARM.Collect$$libinit$$00000025)
    __rt_lib_shutdown                        0x080001cf   Thumb Code     0  libshutdown.o(.ARM.Collect$$libshutdown$$00000000)
    __rt_lib_shutdown_cpp_1                  0x080001d1   Thumb Code     0  libshutdown2.o(.ARM.Collect$$libshutdown$$00000002)
    __rt_lib_shutdown_stdio_2                0x080001d1   Thumb Code     0  libshutdown2.o(.ARM.Collect$$libshutdown$$00000003)
    __rt_lib_shutdown_fp_trap_1              0x080001d5   Thumb Code     0  libshutdown2.o(.ARM.Collect$$libshutdown$$00000007)
    __rt_lib_shutdown_heap_1                 0x080001d5   Thumb Code     0  libshutdown2.o(.ARM.Collect$$libshutdown$$0000000F)
    __rt_lib_shutdown_return                 0x080001d5   Thumb Code     0  libshutdown2.o(.ARM.Collect$$libshutdown$$00000010)
    __rt_lib_shutdown_signal_1               0x080001d5   Thumb Code     0  libshutdown2.o(.ARM.Collect$$libshutdown$$0000000A)
    __rt_lib_shutdown_stdio_1                0x080001d5   Thumb Code     0  libshutdown2.o(.ARM.Collect$$libshutdown$$00000004)
    __rt_lib_shutdown_user_alloc_1           0x080001d5   Thumb Code     0  libshutdown2.o(.ARM.Collect$$libshutdown$$0000000C)
    __rt_entry                               0x080001d7   Thumb Code     0  __rtentry.o(.ARM.Collect$$rtentry$$00000000)
    __rt_entry_presh_1                       0x080001d7   Thumb Code     0  __rtentry2.o(.ARM.Collect$$rtentry$$00000002)
    __rt_entry_sh                            0x080001d7   Thumb Code     0  __rtentry4.o(.ARM.Collect$$rtentry$$00000004)
    __rt_entry_li                            0x080001dd   Thumb Code     0  __rtentry2.o(.ARM.Collect$$rtentry$$0000000A)
    __rt_entry_postsh_1                      0x080001dd   Thumb Code     0  __rtentry2.o(.ARM.Collect$$rtentry$$00000009)
    __rt_entry_postli_1                      0x080001e1   Thumb Code     0  __rtentry2.o(.ARM.Collect$$rtentry$$0000000B)
    __rt_entry_main                          0x080001e9   Thumb Code     0  __rtentry2.o(.ARM.Collect$$rtentry$$0000000D)
    __rt_exit                                0x080001f1   Thumb Code     0  rtexit.o(.ARM.Collect$$rtexit$$00000000)
    __rt_exit_ls                             0x080001f3   Thumb Code     0  rtexit2.o(.ARM.Collect$$rtexit$$00000003)
    __rt_exit_prels_1                        0x080001f3   Thumb Code     0  rtexit2.o(.ARM.Collect$$rtexit$$00000002)
    __rt_exit_exit                           0x080001f7   Thumb Code     0  rtexit2.o(.ARM.Collect$$rtexit$$00000004)
    _platform_post_lib_init                  0x080001fd   Thumb Code    24  rtx_conf_cm.o(.emb_text)
    rt_set_PSP                               0x08000219   Thumb Code     6  hal_cm3.o(.emb_text)
    rt_get_PSP                               0x0800021f   Thumb Code     6  hal_cm3.o(.emb_text)
    os_set_env                               0x08000225   Thumb Code    24  hal_cm3.o(.emb_text)
    _alloc_box                               0x08000241   Thumb Code    28  hal_cm3.o(.emb_text)
    _free_box                                0x08000261   Thumb Code    28  hal_cm3.o(.emb_text)
    SVC_Handler                              0x08000281   Thumb Code   108  hal_cm3.o(.emb_text)
    PendSV_Handler                           0x080002f9   Thumb Code    56  hal_cm3.o(.emb_text)
    SysTick_Handler                          0x08000335   Thumb Code     8  hal_cm3.o(.emb_text)
    OS_Tick_Handler                          0x0800033d   Thumb Code    12  hal_cm3.o(.emb_text)
    Reset_Handler                            0x08000349   Thumb Code     8  startup_stm32f10x_hd.o(.text)
    _maybe_terminate_alloc                   0x08000349   Thumb Code     0  maybetermalloc1.o(.emb_text)
    NMI_Handler                              0x08000351   Thumb Code     2  startup_stm32f10x_hd.o(.text)
    HardFault_Handler                        0x08000353   Thumb Code     2  startup_stm32f10x_hd.o(.text)
    MemManage_Handler                        0x08000355   Thumb Code     2  startup_stm32f10x_hd.o(.text)
    BusFault_Handler                         0x08000357   Thumb Code     2  startup_stm32f10x_hd.o(.text)
    UsageFault_Handler                       0x08000359   Thumb Code     2  startup_stm32f10x_hd.o(.text)
    DebugMon_Handler                         0x0800035d   Thumb Code     2  startup_stm32f10x_hd.o(.text)
    ADC1_2_IRQHandler                        0x08000363   Thumb Code     0  startup_stm32f10x_hd.o(.text)
    ADC3_IRQHandler                          0x08000363   Thumb Code     0  startup_stm32f10x_hd.o(.text)
    CAN1_RX1_IRQHandler                      0x08000363   Thumb Code     0  startup_stm32f10x_hd.o(.text)
    CAN1_SCE_IRQHandler                      0x08000363   Thumb Code     0  startup_stm32f10x_hd.o(.text)
    EXTI0_IRQHandler                         0x08000363   Thumb Code     0  startup_stm32f10x_hd.o(.text)
    EXTI15_10_IRQHandler                     0x08000363   Thumb Code     0  startup_stm32f10x_hd.o(.text)
    EXTI1_IRQHandler                         0x08000363   Thumb Code     0  startup_stm32f10x_hd.o(.text)
    EXTI2_IRQHandler                         0x08000363   Thumb Code     0  startup_stm32f10x_hd.o(.text)
    EXTI3_IRQHandler                         0x08000363   Thumb Code     0  startup_stm32f10x_hd.o(.text)
    EXTI4_IRQHandler                         0x08000363   Thumb Code     0  startup_stm32f10x_hd.o(.text)
    EXTI9_5_IRQHandler                       0x08000363   Thumb Code     0  startup_stm32f10x_hd.o(.text)
    FLASH_IRQHandler                         0x08000363   Thumb Code     0  startup_stm32f10x_hd.o(.text)
    FSMC_IRQHandler                          0x08000363   Thumb Code     0  startup_stm32f10x_hd.o(.text)
    I2C1_ER_IRQHandler                       0x08000363   Thumb Code     0  startup_stm32f10x_hd.o(.text)
    I2C1_EV_IRQHandler                       0x08000363   Thumb Code     0  startup_stm32f10x_hd.o(.text)
    I2C2_ER_IRQHandler                       0x08000363   Thumb Code     0  startup_stm32f10x_hd.o(.text)
    I2C2_EV_IRQHandler                       0x08000363   Thumb Code     0  startup_stm32f10x_hd.o(.text)
    PVD_IRQHandler                           0x08000363   Thumb Code     0  startup_stm32f10x_hd.o(.text)
    RCC_IRQHandler                           0x08000363   Thumb Code     0  startup_stm32f10x_hd.o(.text)
    RTCAlarm_IRQHandler                      0x08000363   Thumb Code     0  startup_stm32f10x_hd.o(.text)
    RTC_IRQHandler                           0x08000363   Thumb Code     0  startup_stm32f10x_hd.o(.text)
    SDIO_IRQHandler                          0x08000363   Thumb Code     0  startup_stm32f10x_hd.o(.text)
    SPI1_IRQHandler                          0x08000363   Thumb Code     0  startup_stm32f10x_hd.o(.text)
    SPI2_IRQHandler                          0x08000363   Thumb Code     0  startup_stm32f10x_hd.o(.text)
    SPI3_IRQHandler                          0x08000363   Thumb Code     0  startup_stm32f10x_hd.o(.text)
    TAMPER_IRQHandler                        0x08000363   Thumb Code     0  startup_stm32f10x_hd.o(.text)
    TIM1_BRK_IRQHandler                      0x08000363   Thumb Code     0  startup_stm32f10x_hd.o(.text)
    TIM1_CC_IRQHandler                       0x08000363   Thumb Code     0  startup_stm32f10x_hd.o(.text)
    TIM1_TRG_COM_IRQHandler                  0x08000363   Thumb Code     0  startup_stm32f10x_hd.o(.text)
    TIM1_UP_IRQHandler                       0x08000363   Thumb Code     0  startup_stm32f10x_hd.o(.text)
    TIM2_IRQHandler                          0x08000363   Thumb Code     0  startup_stm32f10x_hd.o(.text)
    TIM3_IRQHandler                          0x08000363   Thumb Code     0  startup_stm32f10x_hd.o(.text)
    TIM4_IRQHandler                          0x08000363   Thumb Code     0  startup_stm32f10x_hd.o(.text)
    TIM5_IRQHandler                          0x08000363   Thumb Code     0  startup_stm32f10x_hd.o(.text)
    TIM6_IRQHandler                          0x08000363   Thumb Code     0  startup_stm32f10x_hd.o(.text)
    TIM7_IRQHandler                          0x08000363   Thumb Code     0  startup_stm32f10x_hd.o(.text)
    TIM8_BRK_IRQHandler                      0x08000363   Thumb Code     0  startup_stm32f10x_hd.o(.text)
    TIM8_CC_IRQHandler                       0x08000363   Thumb Code     0  startup_stm32f10x_hd.o(.text)
    TIM8_TRG_COM_IRQHandler                  0x08000363   Thumb Code     0  startup_stm32f10x_hd.o(.text)
    TIM8_UP_IRQHandler                       0x08000363   Thumb Code     0  startup_stm32f10x_hd.o(.text)
    UART4_IRQHandler                         0x08000363   Thumb Code     0  startup_stm32f10x_hd.o(.text)
    UART5_IRQHandler                         0x08000363   Thumb Code     0  startup_stm32f10x_hd.o(.text)
    USART2_IRQHandler                        0x08000363   Thumb Code     0  startup_stm32f10x_hd.o(.text)
    USART3_IRQHandler                        0x08000363   Thumb Code     0  startup_stm32f10x_hd.o(.text)
    USBWakeUp_IRQHandler                     0x08000363   Thumb Code     0  startup_stm32f10x_hd.o(.text)
    USB_HP_CAN1_TX_IRQHandler                0x08000363   Thumb Code     0  startup_stm32f10x_hd.o(.text)
    USB_LP_CAN1_RX0_IRQHandler               0x08000363   Thumb Code     0  startup_stm32f10x_hd.o(.text)
    WWDG_IRQHandler                          0x08000363   Thumb Code     0  startup_stm32f10x_hd.o(.text)
    __user_initial_stackheap                 0x08000365   Thumb Code     0  startup_stm32f10x_hd.o(.text)
    __user_libspace                          0x08000389   Thumb Code     8  libspace.o(.text)
    __user_perproc_libspace                  0x08000389   Thumb Code     0  libspace.o(.text)
    __2printf                                0x08000391   Thumb Code    20  noretval__2printf.o(.text)
    __printf                                 0x080003a9   Thumb Code   104  __printf.o(.text)
    exit                                     0x08000411   Thumb Code    18  exit.o(.text)
    __aeabi_memclr4                          0x08000423   Thumb Code     0  rt_memclr_w.o(.text)
    __aeabi_memclr8                          0x08000423   Thumb Code     0  rt_memclr_w.o(.text)
    __rt_memclr_w                            0x08000423   Thumb Code    78  rt_memclr_w.o(.text)
    _memset_w                                0x08000427   Thumb Code     0  rt_memclr_w.o(.text)
    strcmp                                   0x08000471   Thumb Code   128  strcmpv7m.o(.text)
    __use_two_region_memory                  0x080004f1   Thumb Code     2  heapauxi.o(.text)
    __rt_heap_escrow                         0x080004f3   Thumb Code     2  heapauxi.o(.text)
    __rt_heap_expand                         0x080004f5   Thumb Code     2  heapauxi.o(.text)
    __lib_sel_fp_printf                      0x080004f7   Thumb Code     2  _printf_fp_dec.o(.text)
    _printf_fp_dec_real                      0x080006a9   Thumb Code   620  _printf_fp_dec.o(.text)
    __rt_locale                              0x08000915   Thumb Code    10  rt_locale_twolibspace.o(.text)
    _ll_udiv10                               0x0800091f   Thumb Code   138  lludiv10.o(.text)
    _printf_char_common                      0x080009b3   Thumb Code    32  _printf_char_common.o(.text)
    _printf_fp_infnan                        0x080009d9   Thumb Code   112  _printf_fp_infnan.o(.text)
    _btod_etento                             0x08000a59   Thumb Code   224  bigflt0.o(.text)
    _initio                                  0x08000b3d   Thumb Code   240  initio_locked.o(.text)
    _terminateio                             0x08000c2d   Thumb Code   168  initio_locked.o(.text)
    _sys_exit                                0x08000d05   Thumb Code     8  sys_exit.o(.text)
    __user_setup_stackheap                   0x08000d11   Thumb Code    74  sys_stackheap_outer.o(.text)
    _free_internal                           0x08000d5b   Thumb Code    98  h1_free_mt.o(.text)
    free                                     0x08000dbd   Thumb Code    20  h1_free_mt.o(.text)
    __flsbuf                                 0x08000dd1   Thumb Code   470  flsbuf.o(.text)
    __flsbuf_byte                            0x08000dd1   Thumb Code     0  flsbuf.o(.text)
    __flsbuf_wide                            0x08000dd1   Thumb Code     0  flsbuf.o(.text)
    _fclose_internal                         0x08000fa7   Thumb Code    76  fclose.o(.text)
    fclose                                   0x08000fa7   Thumb Code     0  fclose.o(.text)
    setvbuf                                  0x08000ff3   Thumb Code   104  setvbuf_locked.o(.text)
    freopen                                  0x0800110b   Thumb Code    42  fopen_locked.o(.text)
    _fopen$locked                            0x08001135   Thumb Code   100  fopen_locked.o(.text)
    __rt_SIGRTRED                            0x080011a1   Thumb Code    14  defsig_rtred_outer.o(.text)
    __I$use$semihosting                      0x080011af   Thumb Code     0  use_no_semi.o(.text)
    __use_no_semihosting_swi                 0x080011af   Thumb Code     2  use_no_semi.o(.text)
    __rt_heap_descriptor                     0x080011b1   Thumb Code    10  rt_heap_descriptor_twolibspace.o(.text)
    __semihosting_library_function           0x080011b1   Thumb Code     0  indicate_semi.o(.text)
    __use_no_heap                            0x080011bb   Thumb Code     2  hguard.o(.text)
    __heap$guard                             0x080011bd   Thumb Code     2  hguard.o(.text)
    _terminate_user_alloc                    0x080011bf   Thumb Code     2  init_alloc.o(.text)
    _init_user_alloc                         0x080011c1   Thumb Code     2  init_alloc.o(.text)
    __Heap_Full                              0x080011c3   Thumb Code    34  init_alloc.o(.text)
    __Heap_Broken                            0x080011e5   Thumb Code     6  init_alloc.o(.text)
    _init_alloc                              0x080011eb   Thumb Code    94  init_alloc.o(.text)
    _malloc_internal                         0x08001251   Thumb Code   130  h1_alloc_mt.o(.text)
    malloc                                   0x080012d3   Thumb Code    20  h1_alloc_mt.o(.text)
    _printf_char_file                        0x080012e9   Thumb Code    58  _printf_char_file_locked.o(.text)
    _fseek                                   0x08001329   Thumb Code   242  fseek.o(.text)
    fseek                                    0x08001329   Thumb Code     0  fseek.o(.text)
    _seterr                                  0x08001421   Thumb Code    20  stdio.o(.text)
    _writebuf                                0x08001435   Thumb Code    84  stdio.o(.text)
    _fflush                                  0x08001489   Thumb Code    70  stdio.o(.text)
    _deferredlazyseek                        0x080014cf   Thumb Code    60  stdio.o(.text)
    __sig_exit                               0x08001511   Thumb Code    10  defsig_exit.o(.text)
    __rt_SIGRTRED_inner                      0x0800151d   Thumb Code    14  defsig_rtred_inner.o(.text)
    __Heap_Initialize                        0x08001551   Thumb Code    14  h1_init_mt.o(.text)
    __Heap_DescSize                          0x0800155f   Thumb Code     4  h1_init_mt.o(.text)
    __Heap_ProvideMemory                     0x08001563   Thumb Code    62  h1_extend_mt.o(.text)
    _ftell_internal                          0x080015a1   Thumb Code    66  ftell.o(.text)
    ftell                                    0x080015a1   Thumb Code     0  ftell.o(.text)
    __default_signal_display                 0x080015e3   Thumb Code    50  defsig_general.o(.text)
    __rt_SIGRTMEM                            0x08001615   Thumb Code    14  defsig_rtmem_outer.o(.text)
    _ttywrch                                 0x08001623   Thumb Code    14  sys_wrch.o(.text)
    __aeabi_errno_addr                       0x08001631   Thumb Code     4  rt_errno_addr_twolibspace.o(.text)
    __errno$twolibspace                      0x08001631   Thumb Code     0  rt_errno_addr_twolibspace.o(.text)
    __rt_errno_addr$twolibspace              0x08001631   Thumb Code     0  rt_errno_addr_twolibspace.o(.text)
    __rt_SIGRTMEM_inner                      0x08001635   Thumb Code    22  defsig_rtmem_inner.o(.text)
    _btod_d2e                                0x08001685   Thumb Code    62  btod.o(CL$$btod_d2e)
    _d2e_denorm_low                          0x080016c3   Thumb Code    70  btod.o(CL$$btod_d2e_denorm_low)
    _d2e_norm_op1                            0x08001709   Thumb Code    96  btod.o(CL$$btod_d2e_norm_op1)
    __btod_div_common                        0x08001769   Thumb Code   696  btod.o(CL$$btod_div_common)
    _e2e                                     0x08001aa1   Thumb Code   220  btod.o(CL$$btod_e2e)
    _btod_ediv                               0x08001b7d   Thumb Code    42  btod.o(CL$$btod_ediv)
    _btod_emul                               0x08001ba7   Thumb Code    42  btod.o(CL$$btod_emul)
    __btod_mult_common                       0x08001bd1   Thumb Code   580  btod.o(CL$$btod_mult_common)
    SVC_Count                                0x08001e14   Data           4  svc_table.o(SVC_TABLE)
    ADC_Cmd                                  0x08001e19   Thumb Code    22  stm32f10x_adc.o(i.ADC_Cmd)
    SVC_Table                                0x08001e18   Data           0  svc_table.o(SVC_TABLE)
    ADC_DMACmd                               0x08001e2f   Thumb Code    22  stm32f10x_adc.o(i.ADC_DMACmd)
    ADC_DMA_Config                           0x08001e45   Thumb Code    82  adc.o(i.ADC_DMA_Config)
    ADC_DeInit                               0x08001ea5   Thumb Code    78  stm32f10x_adc.o(i.ADC_DeInit)
    ADC_GPIO_Init                            0x08001f01   Thumb Code    24  adc.o(i.ADC_GPIO_Init)
    ADC_GetCalibrationStatus                 0x08001f1d   Thumb Code    20  stm32f10x_adc.o(i.ADC_GetCalibrationStatus)
    ADC_GetResetCalibrationStatus            0x08001f31   Thumb Code    20  stm32f10x_adc.o(i.ADC_GetResetCalibrationStatus)
    ADC_Init                                 0x08001f45   Thumb Code    70  stm32f10x_adc.o(i.ADC_Init)
    ADC_Inti                                 0x08001f95   Thumb Code    20  adc.o(i.ADC_Inti)
    ADC_Mode_Config                          0x08001fa9   Thumb Code   140  adc.o(i.ADC_Mode_Config)
    ADC_RCC_Init                             0x08002039   Thumb Code    22  adc.o(i.ADC_RCC_Init)
    ADC_RegularChannelConfig                 0x0800204f   Thumb Code   184  stm32f10x_adc.o(i.ADC_RegularChannelConfig)
    ADC_ResetCalibration                     0x08002107   Thumb Code    10  stm32f10x_adc.o(i.ADC_ResetCalibration)
    ADC_SoftwareStartConvCmd                 0x08002111   Thumb Code    22  stm32f10x_adc.o(i.ADC_SoftwareStartConvCmd)
    ADC_StartCalibration                     0x08002127   Thumb Code    10  stm32f10x_adc.o(i.ADC_StartCalibration)
    DMA1_Channel1_Event                      0x08002131   Thumb Code     2  dma_stm32f10x.o(i.DMA1_Channel1_Event)
    DMA1_Channel1_IRQHandler                 0x08002135   Thumb Code    22  dma_stm32f10x.o(i.DMA1_Channel1_IRQHandler)
    DMA1_Channel2_Event                      0x08002151   Thumb Code     2  dma_stm32f10x.o(i.DMA1_Channel2_Event)
    DMA1_Channel2_IRQHandler                 0x08002155   Thumb Code    24  dma_stm32f10x.o(i.DMA1_Channel2_IRQHandler)
    DMA1_Channel3_Event                      0x08002171   Thumb Code     2  dma_stm32f10x.o(i.DMA1_Channel3_Event)
    DMA1_Channel3_IRQHandler                 0x08002175   Thumb Code    24  dma_stm32f10x.o(i.DMA1_Channel3_IRQHandler)
    DMA1_Channel4_Event                      0x08002191   Thumb Code    12  usart_stm32f10x.o(i.DMA1_Channel4_Event)
    DMA1_Channel4_IRQHandler                 0x080021a1   Thumb Code    24  dma_stm32f10x.o(i.DMA1_Channel4_IRQHandler)
    DMA1_Channel5_Event                      0x080021bd   Thumb Code    12  usart_stm32f10x.o(i.DMA1_Channel5_Event)
    DMA1_Channel5_IRQHandler                 0x080021cd   Thumb Code    24  dma_stm32f10x.o(i.DMA1_Channel5_IRQHandler)
    DMA1_Channel6_Event                      0x080021e9   Thumb Code     2  dma_stm32f10x.o(i.DMA1_Channel6_Event)
    DMA1_Channel6_IRQHandler                 0x080021ed   Thumb Code    24  dma_stm32f10x.o(i.DMA1_Channel6_IRQHandler)
    DMA1_Channel7_Event                      0x08002209   Thumb Code     2  dma_stm32f10x.o(i.DMA1_Channel7_Event)
    DMA1_Channel7_IRQHandler                 0x0800220d   Thumb Code    24  dma_stm32f10x.o(i.DMA1_Channel7_IRQHandler)
    DMA2_Channel1_Event                      0x08002229   Thumb Code     2  dma_stm32f10x.o(i.DMA2_Channel1_Event)
    DMA2_Channel1_IRQHandler                 0x0800222d   Thumb Code    24  dma_stm32f10x.o(i.DMA2_Channel1_IRQHandler)
    DMA2_Channel2_Event                      0x08002249   Thumb Code     2  dma_stm32f10x.o(i.DMA2_Channel2_Event)
    DMA2_Channel2_IRQHandler                 0x0800224d   Thumb Code    26  dma_stm32f10x.o(i.DMA2_Channel2_IRQHandler)
    DMA2_Channel3_Event                      0x0800226d   Thumb Code     2  dma_stm32f10x.o(i.DMA2_Channel3_Event)
    DMA2_Channel3_IRQHandler                 0x08002271   Thumb Code    26  dma_stm32f10x.o(i.DMA2_Channel3_IRQHandler)
    DMA2_Channel4_5_IRQHandler               0x08002291   Thumb Code    52  dma_stm32f10x.o(i.DMA2_Channel4_5_IRQHandler)
    DMA2_Channel4_Event                      0x080022c9   Thumb Code     2  dma_stm32f10x.o(i.DMA2_Channel4_Event)
    DMA2_Channel5_Event                      0x080022cb   Thumb Code     2  dma_stm32f10x.o(i.DMA2_Channel5_Event)
    DMA_ChannelInitialize                    0x080022cd   Thumb Code   444  dma_stm32f10x.o(i.DMA_ChannelInitialize)
    DMA_ChannelUninitialize                  0x0800249d   Thumb Code   334  dma_stm32f10x.o(i.DMA_ChannelUninitialize)
    DMA_Cmd                                  0x08002601   Thumb Code    24  stm32f10x_dma.o(i.DMA_Cmd)
    DMA_DeInit                               0x08002619   Thumb Code   324  stm32f10x_dma.o(i.DMA_DeInit)
    DMA_Init                                 0x08002765   Thumb Code    60  stm32f10x_dma.o(i.DMA_Init)
    GPIO_AFConfigure                         0x080027a1   Thumb Code   146  gpio_stm32f10x.o(i.GPIO_AFConfigure)
    GPIO_GetPortClockState                   0x0800283d   Thumb Code   118  gpio_stm32f10x.o(i.GPIO_GetPortClockState)
    GPIO_Init                                0x080028d5   Thumb Code   278  stm32f10x_gpio.o(i.GPIO_Init)
    GPIO_PinConfigure                        0x080029eb   Thumb Code   120  gpio_stm32f10x.o(i.GPIO_PinConfigure)
    GPIO_PortClock                           0x08002a65   Thumb Code   284  gpio_stm32f10x.o(i.GPIO_PortClock)
    RCC_ADCCLKConfig                         0x08002ba1   Thumb Code    18  stm32f10x_rcc.o(i.RCC_ADCCLKConfig)
    RCC_AHBPeriphClockCmd                    0x08002bb9   Thumb Code    26  stm32f10x_rcc.o(i.RCC_AHBPeriphClockCmd)
    RCC_APB2PeriphClockCmd                   0x08002bd9   Thumb Code    26  stm32f10x_rcc.o(i.RCC_APB2PeriphClockCmd)
    RCC_APB2PeriphResetCmd                   0x08002bf9   Thumb Code    26  stm32f10x_rcc.o(i.RCC_APB2PeriphResetCmd)
    SystemInit                               0x08002d01   Thumb Code    78  system_stm32f10x.o(i.SystemInit)
    USART1_IRQHandler                        0x08002dc9   Thumb Code    10  usart_stm32f10x.o(i.USART1_IRQHandler)
    USART_IRQHandler                         0x08003797   Thumb Code   624  usart_stm32f10x.o(i.USART_IRQHandler)
    USART_RX_DMA_Complete                    0x08003dd1   Thumb Code   130  usart_stm32f10x.o(i.USART_RX_DMA_Complete)
    USART_TX_DMA_Complete                    0x08004107   Thumb Code    74  usart_stm32f10x.o(i.USART_TX_DMA_Complete)
    __ARM_fpclassify                         0x08004239   Thumb Code    40  fpclassify.o(i.__ARM_fpclassify)
    __user_perthread_libspace                0x080042c5   Thumb Code    32  rtx_conf_cm.o(i.__user_perthread_libspace)
    _init_box                                0x080042f1   Thumb Code    70  rt_membox.o(i._init_box)
    _mutex_acquire                           0x08004339   Thumb Code    22  rtx_conf_cm.o(i._mutex_acquire)
    _mutex_initialize                        0x08004359   Thumb Code    34  rtx_conf_cm.o(i._mutex_initialize)
    _mutex_release                           0x08004385   Thumb Code    18  rtx_conf_cm.o(i._mutex_release)
    _sys_close                               0x080043a1   Thumb Code    38  retarget_io.o(i._sys_close)
    _sys_flen                                0x080043c7   Thumb Code    36  retarget_io.o(i._sys_flen)
    _sys_istty                               0x080043eb   Thumb Code    36  retarget_io.o(i._sys_istty)
    _sys_open                                0x08004411   Thumb Code    80  retarget_io.o(i._sys_open)
    _sys_seek                                0x08004479   Thumb Code    44  retarget_io.o(i._sys_seek)
    _sys_write                               0x080044a5   Thumb Code    70  retarget_io.o(i._sys_write)
    dbg_init                                 0x080044ed   Thumb Code    34  hal_cm.o(i.dbg_init)
    dbg_task_notify                          0x0800451d   Thumb Code    32  hal_cm.o(i.dbg_task_notify)
    dbg_task_switch                          0x0800453d   Thumb Code    16  hal_cm.o(i.dbg_task_switch)
    delay_ms                                 0x0800454d   Thumb Code    32  main.o(i.delay_ms)
    _fputc$unlocked                          0x0800456d   Thumb Code    26  fputc.o(i.fputc)
    isrMessageGet                            0x08004587   Thumb Code    42  rt_cmsis.o(i.isrMessageGet)
    isrMessagePut                            0x080045b1   Thumb Code    44  rt_cmsis.o(i.isrMessagePut)
    isr_mbx_receive                          0x080045dd   Thumb Code    86  rt_mailbox.o(i.isr_mbx_receive)
    isr_mbx_send                             0x08004633   Thumb Code    14  rt_mailbox.o(i.isr_mbx_send)
    main                                     0x08004641   Thumb Code   186  main.o(i.main)
    osKernelInitialize                       0x0800476d   Thumb Code    30  rt_cmsis.o(i.osKernelInitialize)
    osKernelStart                            0x08004791   Thumb Code    98  rt_cmsis.o(i.osKernelStart)
    osMessageGet                             0x080047fd   Thumb Code    18  rt_cmsis.o(i.osMessageGet)
    osThreadCreate                           0x08004815   Thumb Code    36  rt_cmsis.o(i.osThreadCreate)
    osThreadExit                             0x08004841   Thumb Code    14  rt_cmsis.o(i.osThreadExit)
    osTimerCall                              0x08004859   Thumb Code     8  rt_cmsis.o(i.osTimerCall)
    osTimerThread                            0x08004865   Thumb Code    38  rt_cmsis.o(i.osTimerThread)
    os_error                                 0x08004891   Thumb Code    34  rtx_conf_cm.o(i.os_error)
    os_idle_demon                            0x080048b3   Thumb Code     4  rtx_conf_cm.o(i.os_idle_demon)
    os_tick_init                             0x080048b9   Thumb Code    32  rt_system.o(i.os_tick_init)
    os_tick_irqack                           0x080048e1   Thumb Code     2  rt_system.o(i.os_tick_irqack)
    rt_alloc_box                             0x080048e3   Thumb Code    26  rt_membox.o(i.rt_alloc_box)
    rt_alloc_mem                             0x080048fd   Thumb Code    62  rt_memory.o(i.rt_alloc_mem)
    rt_block                                 0x0800493d   Thumb Code    48  rt_task.o(i.rt_block)
    rt_chk_robin                             0x08004975   Thumb Code    60  rt_robin.o(i.rt_chk_robin)
    rt_dec_dly                               0x080049bd   Thumb Code   102  rt_list.o(i.rt_dec_dly)
    rt_dispatch                              0x08004a2d   Thumb Code    60  rt_task.o(i.rt_dispatch)
    rt_evt_psh                               0x08004a71   Thumb Code    76  rt_event.o(i.rt_evt_psh)
    rt_free_box                              0x08004ac1   Thumb Code    44  rt_membox.o(i.rt_free_box)
    rt_free_mem                              0x08004aed   Thumb Code    40  rt_memory.o(i.rt_free_mem)
    rt_get_first                             0x08004b15   Thumb Code    40  rt_list.o(i.rt_get_first)
    rt_init_mem                              0x08004b8d   Thumb Code    26  rt_memory.o(i.rt_init_mem)
    rt_init_robin                            0x08004ba9   Thumb Code    14  rt_robin.o(i.rt_init_robin)
    rt_init_stack                            0x08004bc1   Thumb Code   118  hal_cm.o(i.rt_init_stack)
    rt_mbx_check                             0x08004c41   Thumb Code     8  rt_mailbox.o(i.rt_mbx_check)
    rt_mbx_init                              0x08004c49   Thumb Code    26  rt_mailbox.o(i.rt_mbx_init)
    rt_mbx_psh                               0x08004c65   Thumb Code   236  rt_mailbox.o(i.rt_mbx_psh)
    rt_mbx_wait                              0x08004d55   Thumb Code   174  rt_mailbox.o(i.rt_mbx_wait)
    rt_mut_init                              0x08004e4d   Thumb Code    16  rt_mutex.o(i.rt_mut_init)
    rt_mut_release                           0x08004e5d   Thumb Code   208  rt_mutex.o(i.rt_mut_release)
    rt_mut_wait                              0x08004f35   Thumb Code   114  rt_mutex.o(i.rt_mut_wait)
    rt_pop_req                               0x08004fad   Thumb Code   112  rt_system.o(i.rt_pop_req)
    rt_psh_req                               0x08005029   Thumb Code    22  rt_system.o(i.rt_psh_req)
    rt_psq_enq                               0x08005049   Thumb Code    88  rt_list.o(i.rt_psq_enq)
    rt_put_dly                               0x080050a5   Thumb Code    68  rt_list.o(i.rt_put_dly)
    rt_put_prio                              0x080050ed   Thumb Code    54  rt_list.o(i.rt_put_prio)
    rt_put_rdy_first                         0x08005125   Thumb Code    14  rt_list.o(i.rt_put_rdy_first)
    rt_resort_prio                           0x08005139   Thumb Code    46  rt_list.o(i.rt_resort_prio)
    rt_ret_val                               0x0800516d   Thumb Code     6  hal_cm.o(i.rt_ret_val)
    rt_ret_val2                              0x08005173   Thumb Code     8  hal_cm.o(i.rt_ret_val2)
    rt_rmv_dly                               0x0800517b   Thumb Code    40  rt_list.o(i.rt_rmv_dly)
    rt_rmv_list                              0x080051a5   Thumb Code    44  rt_list.o(i.rt_rmv_list)
    rt_sem_psh                               0x080051d5   Thumb Code    48  rt_semaphore.o(i.rt_sem_psh)
    rt_stk_check                             0x08005209   Thumb Code    28  rt_system.o(i.rt_stk_check)
    rt_switch_req                            0x0800522d   Thumb Code    30  rt_task.o(i.rt_switch_req)
    rt_sys_init                              0x08005255   Thumb Code   138  rt_task.o(i.rt_sys_init)
    rt_sys_start                             0x08005321   Thumb Code   110  rt_task.o(i.rt_sys_start)
    rt_systick                               0x08005399   Thumb Code    50  rt_system.o(i.rt_systick)
    rt_tsk_create                            0x08005421   Thumb Code   118  rt_task.o(i.rt_tsk_create)
    rt_tsk_delete                            0x080054a9   Thumb Code   352  rt_task.o(i.rt_tsk_delete)
    rt_tsk_prio                              0x08005625   Thumb Code   108  rt_task.o(i.rt_tsk_prio)
    rt_tsk_self                              0x080056a1   Thumb Code    12  rt_task.o(i.rt_tsk_self)
    stdout_init                              0x080056b1   Thumb Code    84  stdout_usart.o(i.stdout_init)
    stdout_putchar                           0x08005709   Thumb Code    42  stdout_usart.o(i.stdout_putchar)
    svcKernelInitialize                      0x08005739   Thumb Code    80  rt_cmsis.o(i.svcKernelInitialize)
    svcKernelStart                           0x080057a9   Thumb Code    62  rt_cmsis.o(i.svcKernelStart)
    svcMessageCreate                         0x080057f1   Thumb Code    36  rt_cmsis.o(i.svcMessageCreate)
    svcMessageGet                            0x08005815   Thumb Code    58  rt_cmsis.o(i.svcMessageGet)
    svcThreadCreate                          0x08005851   Thumb Code    96  rt_cmsis.o(i.svcThreadCreate)
    svcThreadGetId                           0x080058bd   Thumb Code    22  rt_cmsis.o(i.svcThreadGetId)
    svcThreadTerminate                       0x080058d9   Thumb Code    50  rt_cmsis.o(i.svcThreadTerminate)
    svcTimerCall                             0x08005911   Thumb Code    24  rt_cmsis.o(i.svcTimerCall)
    sysTimerTick                             0x08005929   Thumb Code    84  rt_cmsis.o(i.sysTimerTick)
    _get_lc_numeric                          0x08005985   Thumb Code    44  lc_numeric_c.o(locale$$code)
    __aeabi_d2f                              0x080059b1   Thumb Code     0  d2f.o(x$fpl$d2f)
    _d2f                                     0x080059b1   Thumb Code    98  d2f.o(x$fpl$d2f)
    __aeabi_dmul                             0x08005a15   Thumb Code     0  dmul.o(x$fpl$dmul)
    _dmul                                    0x08005a15   Thumb Code   332  dmul.o(x$fpl$dmul)
    __fpl_dnaninf                            0x08005b69   Thumb Code   156  dnaninf.o(x$fpl$dnaninf)
    __fpl_dretinf                            0x08005c05   Thumb Code    12  dretinf.o(x$fpl$dretinf)
    __aeabi_f2d                              0x08005c11   Thumb Code     0  f2d.o(x$fpl$f2d)
    _f2d                                     0x08005c11   Thumb Code    86  f2d.o(x$fpl$f2d)
    __aeabi_fdiv                             0x08005c69   Thumb Code     0  fdiv.o(x$fpl$fdiv)
    _fdiv                                    0x08005c69   Thumb Code   384  fdiv.o(x$fpl$fdiv)
    __aeabi_i2f                              0x08005ded   Thumb Code     0  fflt_clz.o(x$fpl$fflt)
    _fflt                                    0x08005ded   Thumb Code    48  fflt_clz.o(x$fpl$fflt)
    __fpl_fnaninf                            0x08005e1d   Thumb Code   140  fnaninf.o(x$fpl$fnaninf)
    __fpl_fretinf                            0x08005ea9   Thumb Code    10  fretinf.o(x$fpl$fretinf)
    _printf_fp_dec                           0x08005eb3   Thumb Code     4  printf1.o(x$fpl$printf1)
    __I$use$fp                               0x08005eb6   Number         0  usenofp.o(x$fpl$usenofp)
    os_maxtaskrun                            0x08005eb8   Data           2  rtx_conf_cm.o(.constdata)
    os_stackinfo                             0x08005ebc   Data           4  rtx_conf_cm.o(.constdata)
    os_rrobin                                0x08005ec0   Data           4  rtx_conf_cm.o(.constdata)
    os_tickfreq                              0x08005ec4   Data           4  rtx_conf_cm.o(.constdata)
    os_tickus_i                              0x08005ec8   Data           2  rtx_conf_cm.o(.constdata)
    os_tickus_f                              0x08005eca   Data           2  rtx_conf_cm.o(.constdata)
    os_trv                                   0x08005ecc   Data           4  rtx_conf_cm.o(.constdata)
    os_flags                                 0x08005ed0   Data           1  rtx_conf_cm.o(.constdata)
    CMSIS_RTOS_API_Version                   0x08005ed4   Data           4  rtx_conf_cm.o(.constdata)
    CMSIS_RTOS_RTX_Version                   0x08005ed8   Data           4  rtx_conf_cm.o(.constdata)
    os_clockrate                             0x08005edc   Data           4  rtx_conf_cm.o(.constdata)
    os_timernum                              0x08005ee0   Data           4  rtx_conf_cm.o(.constdata)
    mp_tcb_size                              0x08005ee4   Data           2  rtx_conf_cm.o(.constdata)
    mp_stk_size                              0x08005ee8   Data           4  rtx_conf_cm.o(.constdata)
    os_stack_sz                              0x08005eec   Data           4  rtx_conf_cm.o(.constdata)
    os_fifo_size                             0x08005ef0   Data           1  rtx_conf_cm.o(.constdata)
    os_thread_def_osTimerThread              0x08005ef4   Data          16  rtx_conf_cm.o(.constdata)
    os_messageQ_def_osTimerMessageQ          0x08005f04   Data           8  rtx_conf_cm.o(.constdata)
    mp_tmr_size                              0x08005f0c   Data           2  rtx_conf_cm.o(.constdata)
    os_thread_def_main                       0x08005f10   Data          16  rtx_conf_cm.o(.constdata)
    Driver_USART1                            0x08005f7c   Data          56  usart_stm32f10x.o(.constdata)
    __stdin_name                             0x08005fb4   Data           7  retarget_io.o(.constdata)
    __stdout_name                            0x08005fbb   Data           8  retarget_io.o(.constdata)
    __stderr_name                            0x08005fc3   Data           8  retarget_io.o(.constdata)
    Region$$Table$$Base                      0x08006060   Number         0  anon$$obj.o(Region$$Table)
    Region$$Table$$Limit                     0x08006080   Number         0  anon$$obj.o(Region$$Table)
    osThreadId_osTimerThread                 0x20000000   Data           4  rtx_conf_cm.o(.data)
    osMessageQId_osTimerMessageQ             0x20000004   Data           4  rtx_conf_cm.o(.data)
    os_tmr                                   0x20000008   Data           4  rtx_conf_cm.o(.data)
    m_tmr                                    0x2000000c   Data           4  rtx_conf_cm.o(.data)
    os_initialized                           0x20000018   Data           1  rt_cmsis.o(.data)
    os_running                               0x20000019   Data           1  rt_cmsis.o(.data)
    os_timer_head                            0x2000001c   Data           4  rt_cmsis.o(.data)
    os_tsk                                   0x20000020   Data           8  rt_task.o(.data)
    os_tick_irqn                             0x2000002c   Data           4  rt_system.o(.data)
    os_time                                  0x20000030   Data           4  rt_time.o(.data)
    os_robin                                 0x20000034   Data           8  rt_robin.o(.data)
    dbg_msg                                  0x2000003c   Data           1  hal_cm.o(.data)
    __aeabi_stdin                            0x20000040   Data           4  stdio_streams.o(.data)
    __aeabi_stdout                           0x20000044   Data           4  stdio_streams.o(.data)
    __aeabi_stderr                           0x20000048   Data           4  stdio_streams.o(.data)
    _stream_list_lock                        0x2000004c   Data           4  streamlock.o(.data)
    ADCConvertedValue                        0x20000050   Data          60  adc.o(.bss)
    mp_tcb                                   0x20000090   Data         376  rtx_conf_cm.o(.bss)
    mp_stk                                   0x20000208   Data        1216  rtx_conf_cm.o(.bss)
    os_stack_mem                             0x200006c8   Data         432  rtx_conf_cm.o(.bss)
    os_fifo                                  0x20000878   Data         132  rtx_conf_cm.o(.bss)
    os_active_TCB                            0x200008fc   Data          28  rtx_conf_cm.o(.bss)
    os_messageQ_q_osTimerMessageQ            0x20000918   Data          32  rtx_conf_cm.o(.bss)
    os_idle_TCB                              0x20000c90   Data          52  rt_task.o(.bss)
    os_rdy                                   0x20000cc4   Data          24  rt_list.o(.bss)
    os_dly                                   0x20000cdc   Data          24  rt_list.o(.bss)
    __libspace_start                         0x20000cf4   Data          96  libspace.o(.bss)
    __stdin                                  0x20000d54   Data          84  stdio_streams.o(.bss)
    __temporary_stack_top$libspace           0x20000d54   Data           0  libspace.o(.bss)
    __stdout                                 0x20000da8   Data          84  stdio_streams.o(.bss)
    __stderr                                 0x20000dfc   Data          84  stdio_streams.o(.bss)



==============================================================================

Memory Map of the image

  Image Entry point : 0x08000131

  Load Region LR_IROM1 (Base: 0x08000000, Size: 0x000060ec, Max: 0x00080000, ABSOLUTE)

    Execution Region ER_IROM1 (Exec base: 0x08000000, Load base: 0x08000000, Size: 0x0000609c, Max: 0x00080000, ABSOLUTE)

    Exec Addr    Load Addr    Size         Type   Attr      Idx    E Section Name        Object

    0x08000000   0x08000000   0x00000130   Data   RO         1666    RESET               startup_stm32f10x_hd.o
    0x08000130   0x08000130   0x00000008   Code   RO         2971  * !!!main             c_w.l(__main.o)
    0x08000138   0x08000138   0x00000034   Code   RO         3389    !!!scatter          c_w.l(__scatter.o)
    0x0800016c   0x0800016c   0x0000001a   Code   RO         3391    !!handler_copy      c_w.l(__scatter_copy.o)
    0x08000186   0x08000186   0x00000002   PAD
    0x08000188   0x08000188   0x0000001c   Code   RO         3393    !!handler_zi        c_w.l(__scatter_zi.o)
    0x080001a4   0x080001a4   0x00000000   Code   RO         2962    .ARM.Collect$$_printf_percent$$00000000  c_w.l(_printf_percent.o)
    0x080001a4   0x080001a4   0x00000006   Code   RO         2961    .ARM.Collect$$_printf_percent$$00000003  c_w.l(_printf_f.o)
    0x080001aa   0x080001aa   0x00000004   Code   RO         3002    .ARM.Collect$$_printf_percent$$00000017  c_w.l(_printf_percent_end.o)
    0x080001ae   0x080001ae   0x00000002   Code   RO         3190    .ARM.Collect$$libinit$$00000000  c_w.l(libinit.o)
    0x080001b0   0x080001b0   0x00000000   Code   RO         3192    .ARM.Collect$$libinit$$00000002  c_w.l(libinit2.o)
    0x080001b0   0x080001b0   0x00000000   Code   RO         3194    .ARM.Collect$$libinit$$00000004  c_w.l(libinit2.o)
    0x080001b0   0x080001b0   0x00000008   Code   RO         3195    .ARM.Collect$$libinit$$00000005  c_w.l(libinit2.o)
    0x080001b8   0x080001b8   0x00000000   Code   RO         3197    .ARM.Collect$$libinit$$0000000A  c_w.l(libinit2.o)
    0x080001b8   0x080001b8   0x00000000   Code   RO         3199    .ARM.Collect$$libinit$$0000000C  c_w.l(libinit2.o)
    0x080001b8   0x080001b8   0x00000000   Code   RO         3201    .ARM.Collect$$libinit$$0000000E  c_w.l(libinit2.o)
    0x080001b8   0x080001b8   0x00000006   Code   RO         3202    .ARM.Collect$$libinit$$0000000F  c_w.l(libinit2.o)
    0x080001be   0x080001be   0x00000000   Code   RO         3204    .ARM.Collect$$libinit$$00000011  c_w.l(libinit2.o)
    0x080001be   0x080001be   0x00000000   Code   RO         3206    .ARM.Collect$$libinit$$00000013  c_w.l(libinit2.o)
    0x080001be   0x080001be   0x00000000   Code   RO         3208    .ARM.Collect$$libinit$$00000015  c_w.l(libinit2.o)
    0x080001be   0x080001be   0x0000000a   Code   RO         3209    .ARM.Collect$$libinit$$00000016  c_w.l(libinit2.o)
    0x080001c8   0x080001c8   0x00000000   Code   RO         3210    .ARM.Collect$$libinit$$00000017  c_w.l(libinit2.o)
    0x080001c8   0x080001c8   0x00000000   Code   RO         3212    .ARM.Collect$$libinit$$00000019  c_w.l(libinit2.o)
    0x080001c8   0x080001c8   0x00000000   Code   RO         3214    .ARM.Collect$$libinit$$0000001B  c_w.l(libinit2.o)
    0x080001c8   0x080001c8   0x00000000   Code   RO         3216    .ARM.Collect$$libinit$$0000001D  c_w.l(libinit2.o)
    0x080001c8   0x080001c8   0x00000000   Code   RO         3218    .ARM.Collect$$libinit$$0000001F  c_w.l(libinit2.o)
    0x080001c8   0x080001c8   0x00000000   Code   RO         3220    .ARM.Collect$$libinit$$00000021  c_w.l(libinit2.o)
    0x080001c8   0x080001c8   0x00000000   Code   RO         3222    .ARM.Collect$$libinit$$00000023  c_w.l(libinit2.o)
    0x080001c8   0x080001c8   0x00000004   Code   RO         3223    .ARM.Collect$$libinit$$00000024  c_w.l(libinit2.o)
    0x080001cc   0x080001cc   0x00000000   Code   RO         3224    .ARM.Collect$$libinit$$00000025  c_w.l(libinit2.o)
    0x080001cc   0x080001cc   0x00000000   Code   RO         3228    .ARM.Collect$$libinit$$0000002C  c_w.l(libinit2.o)
    0x080001cc   0x080001cc   0x00000000   Code   RO         3230    .ARM.Collect$$libinit$$0000002E  c_w.l(libinit2.o)
    0x080001cc   0x080001cc   0x00000000   Code   RO         3232    .ARM.Collect$$libinit$$00000030  c_w.l(libinit2.o)
    0x080001cc   0x080001cc   0x00000000   Code   RO         3234    .ARM.Collect$$libinit$$00000032  c_w.l(libinit2.o)
    0x080001cc   0x080001cc   0x00000002   Code   RO         3235    .ARM.Collect$$libinit$$00000033  c_w.l(libinit2.o)
    0x080001ce   0x080001ce   0x00000002   Code   RO         3236    .ARM.Collect$$libshutdown$$00000000  c_w.l(libshutdown.o)
    0x080001d0   0x080001d0   0x00000000   Code   RO         3238    .ARM.Collect$$libshutdown$$00000002  c_w.l(libshutdown2.o)
    0x080001d0   0x080001d0   0x00000004   Code   RO         3239    .ARM.Collect$$libshutdown$$00000003  c_w.l(libshutdown2.o)
    0x080001d4   0x080001d4   0x00000000   Code   RO         3240    .ARM.Collect$$libshutdown$$00000004  c_w.l(libshutdown2.o)
    0x080001d4   0x080001d4   0x00000000   Code   RO         3243    .ARM.Collect$$libshutdown$$00000007  c_w.l(libshutdown2.o)
    0x080001d4   0x080001d4   0x00000000   Code   RO         3246    .ARM.Collect$$libshutdown$$0000000A  c_w.l(libshutdown2.o)
    0x080001d4   0x080001d4   0x00000000   Code   RO         3248    .ARM.Collect$$libshutdown$$0000000C  c_w.l(libshutdown2.o)
    0x080001d4   0x080001d4   0x00000000   Code   RO         3251    .ARM.Collect$$libshutdown$$0000000F  c_w.l(libshutdown2.o)
    0x080001d4   0x080001d4   0x00000002   Code   RO         3252    .ARM.Collect$$libshutdown$$00000010  c_w.l(libshutdown2.o)
    0x080001d6   0x080001d6   0x00000000   Code   RO         2991    .ARM.Collect$$rtentry$$00000000  c_w.l(__rtentry.o)
    0x080001d6   0x080001d6   0x00000000   Code   RO         3019    .ARM.Collect$$rtentry$$00000002  c_w.l(__rtentry2.o)
    0x080001d6   0x080001d6   0x00000006   Code   RO         3031    .ARM.Collect$$rtentry$$00000004  c_w.l(__rtentry4.o)
    0x080001dc   0x080001dc   0x00000000   Code   RO         3021    .ARM.Collect$$rtentry$$00000009  c_w.l(__rtentry2.o)
    0x080001dc   0x080001dc   0x00000004   Code   RO         3022    .ARM.Collect$$rtentry$$0000000A  c_w.l(__rtentry2.o)
    0x080001e0   0x080001e0   0x00000008   Code   RO         3023    .ARM.Collect$$rtentry$$0000000B  c_w.l(__rtentry2.o)
    0x080001e8   0x080001e8   0x00000008   Code   RO         3025    .ARM.Collect$$rtentry$$0000000D  c_w.l(__rtentry2.o)
    0x080001f0   0x080001f0   0x00000002   Code   RO         2992    .ARM.Collect$$rtexit$$00000000  c_w.l(rtexit.o)
    0x080001f2   0x080001f2   0x00000000   Code   RO         3034    .ARM.Collect$$rtexit$$00000002  c_w.l(rtexit2.o)
    0x080001f2   0x080001f2   0x00000004   Code   RO         3035    .ARM.Collect$$rtexit$$00000003  c_w.l(rtexit2.o)
    0x080001f6   0x080001f6   0x00000006   Code   RO         3036    .ARM.Collect$$rtexit$$00000004  c_w.l(rtexit2.o)
    0x080001fc   0x080001fc   0x0000001c   Code   RO          183    .emb_text           rtx_conf_cm.o
    0x08000218   0x08000218   0x00000130   Code   RO         2915    .emb_text           RTX_CM3.lib(hal_cm3.o)
    0x08000348   0x08000348   0x00000000   Code   RO         3313    .emb_text           c_w.l(maybetermalloc1.o)
    0x08000348   0x08000348   0x00000040   Code   RO         1667    .text               startup_stm32f10x_hd.o
    0x08000388   0x08000388   0x00000008   Code   RO         2930    .text               c_w.l(libspace.o)
    0x08000390   0x08000390   0x00000018   Code   RO         2937    .text               c_w.l(noretval__2printf.o)
    0x080003a8   0x080003a8   0x00000068   Code   RO         2939    .text               c_w.l(__printf.o)
    0x08000410   0x08000410   0x00000012   Code   RO         2963    .text               c_w.l(exit.o)
    0x08000422   0x08000422   0x0000004e   Code   RO         2965    .text               c_w.l(rt_memclr_w.o)
    0x08000470   0x08000470   0x00000080   Code   RO         2967    .text               c_w.l(strcmpv7m.o)
    0x080004f0   0x080004f0   0x00000006   Code   RO         2969    .text               c_w.l(heapauxi.o)
    0x080004f6   0x080004f6   0x0000041e   Code   RO         2998    .text               c_w.l(_printf_fp_dec.o)
    0x08000914   0x08000914   0x0000000a   Code   RO         3047    .text               c_w.l(rt_locale_twolibspace.o)
    0x0800091e   0x0800091e   0x0000008a   Code   RO         3049    .text               c_w.l(lludiv10.o)
    0x080009a8   0x080009a8   0x00000030   Code   RO         3051    .text               c_w.l(_printf_char_common.o)
    0x080009d8   0x080009d8   0x00000080   Code   RO         3053    .text               c_w.l(_printf_fp_infnan.o)
    0x08000a58   0x08000a58   0x000000e4   Code   RO         3055    .text               c_w.l(bigflt0.o)
    0x08000b3c   0x08000b3c   0x000001c8   Code   RO         3092    .text               c_w.l(initio_locked.o)
    0x08000d04   0x08000d04   0x0000000c   Code   RO         3101    .text               c_w.l(sys_exit.o)
    0x08000d10   0x08000d10   0x0000004a   Code   RO         3103    .text               c_w.l(sys_stackheap_outer.o)
    0x08000d5a   0x08000d5a   0x00000076   Code   RO         3109    .text               c_w.l(h1_free_mt.o)
    0x08000dd0   0x08000dd0   0x000001d6   Code   RO         3163    .text               c_w.l(flsbuf.o)
    0x08000fa6   0x08000fa6   0x0000004c   Code   RO         3170    .text               c_w.l(fclose.o)
    0x08000ff2   0x08000ff2   0x00000068   Code   RO         3172    .text               c_w.l(setvbuf_locked.o)
    0x0800105a   0x0800105a   0x00000002   PAD
    0x0800105c   0x0800105c   0x00000144   Code   RO         3174    .text               c_w.l(fopen_locked.o)
    0x080011a0   0x080011a0   0x0000000e   Code   RO         3180    .text               c_w.l(defsig_rtred_outer.o)
    0x080011ae   0x080011ae   0x00000002   Code   RO         3255    .text               c_w.l(use_no_semi.o)
    0x080011b0   0x080011b0   0x00000000   Code   RO         3257    .text               c_w.l(indicate_semi.o)
    0x080011b0   0x080011b0   0x0000000a   Code   RO         3265    .text               c_w.l(rt_heap_descriptor_twolibspace.o)
    0x080011ba   0x080011ba   0x00000004   Code   RO         3267    .text               c_w.l(hguard.o)
    0x080011be   0x080011be   0x0000008a   Code   RO         3269    .text               c_w.l(init_alloc.o)
    0x08001248   0x08001248   0x0000009e   Code   RO         3277    .text               c_w.l(h1_alloc_mt.o)
    0x080012e6   0x080012e6   0x00000002   PAD
    0x080012e8   0x080012e8   0x00000040   Code   RO         3289    .text               c_w.l(_printf_char_file_locked.o)
    0x08001328   0x08001328   0x000000f8   Code   RO         3291    .text               c_w.l(fseek.o)
    0x08001420   0x08001420   0x000000f0   Code   RO         3293    .text               c_w.l(stdio.o)
    0x08001510   0x08001510   0x0000000a   Code   RO         3299    .text               c_w.l(defsig_exit.o)
    0x0800151a   0x0800151a   0x00000002   PAD
    0x0800151c   0x0800151c   0x00000034   Code   RO         3303    .text               c_w.l(defsig_rtred_inner.o)
    0x08001550   0x08001550   0x00000012   Code   RO         3319    .text               c_w.l(h1_init_mt.o)
    0x08001562   0x08001562   0x0000003e   Code   RO         3321    .text               c_w.l(h1_extend_mt.o)
    0x080015a0   0x080015a0   0x00000042   Code   RO         3327    .text               c_w.l(ftell.o)
    0x080015e2   0x080015e2   0x00000032   Code   RO         3335    .text               c_w.l(defsig_general.o)
    0x08001614   0x08001614   0x0000000e   Code   RO         3337    .text               c_w.l(defsig_rtmem_outer.o)
    0x08001622   0x08001622   0x0000000e   Code   RO         3352    .text               c_w.l(sys_wrch.o)
    0x08001630   0x08001630   0x00000004   Code   RO         3361    .text               c_w.l(rt_errno_addr_twolibspace.o)
    0x08001634   0x08001634   0x00000050   Code   RO         3367    .text               c_w.l(defsig_rtmem_inner.o)
    0x08001684   0x08001684   0x0000003e   Code   RO         3058    CL$$btod_d2e        c_w.l(btod.o)
    0x080016c2   0x080016c2   0x00000046   Code   RO         3060    CL$$btod_d2e_denorm_low  c_w.l(btod.o)
    0x08001708   0x08001708   0x00000060   Code   RO         3059    CL$$btod_d2e_norm_op1  c_w.l(btod.o)
    0x08001768   0x08001768   0x00000338   Code   RO         3068    CL$$btod_div_common  c_w.l(btod.o)
    0x08001aa0   0x08001aa0   0x000000dc   Code   RO         3065    CL$$btod_e2e        c_w.l(btod.o)
    0x08001b7c   0x08001b7c   0x0000002a   Code   RO         3062    CL$$btod_ediv       c_w.l(btod.o)
    0x08001ba6   0x08001ba6   0x0000002a   Code   RO         3061    CL$$btod_emul       c_w.l(btod.o)
    0x08001bd0   0x08001bd0   0x00000244   Code   RO         3067    CL$$btod_mult_common  c_w.l(btod.o)
    0x08001e14   0x08001e14   0x00000004   Code   RO         2925    SVC_TABLE           RTX_CM3.lib(svc_table.o)
    0x08001e18   0x08001e18   0x00000016   Code   RO          582    i.ADC_Cmd           stm32f10x_adc.o
    0x08001e2e   0x08001e2e   0x00000016   Code   RO          583    i.ADC_DMACmd        stm32f10x_adc.o
    0x08001e44   0x08001e44   0x00000060   Code   RO          126    i.ADC_DMA_Config    adc.o
    0x08001ea4   0x08001ea4   0x0000005c   Code   RO          584    i.ADC_DeInit        stm32f10x_adc.o
    0x08001f00   0x08001f00   0x0000001c   Code   RO          127    i.ADC_GPIO_Init     adc.o
    0x08001f1c   0x08001f1c   0x00000014   Code   RO          590    i.ADC_GetCalibrationStatus  stm32f10x_adc.o
    0x08001f30   0x08001f30   0x00000014   Code   RO          596    i.ADC_GetResetCalibrationStatus  stm32f10x_adc.o
    0x08001f44   0x08001f44   0x00000050   Code   RO          600    i.ADC_Init          stm32f10x_adc.o
    0x08001f94   0x08001f94   0x00000014   Code   RO          128    i.ADC_Inti          adc.o
    0x08001fa8   0x08001fa8   0x00000090   Code   RO          129    i.ADC_Mode_Config   adc.o
    0x08002038   0x08002038   0x00000016   Code   RO          130    i.ADC_RCC_Init      adc.o
    0x0800204e   0x0800204e   0x000000b8   Code   RO          604    i.ADC_RegularChannelConfig  stm32f10x_adc.o
    0x08002106   0x08002106   0x0000000a   Code   RO          605    i.ADC_ResetCalibration  stm32f10x_adc.o
    0x08002110   0x08002110   0x00000016   Code   RO          607    i.ADC_SoftwareStartConvCmd  stm32f10x_adc.o
    0x08002126   0x08002126   0x0000000a   Code   RO          609    i.ADC_StartCalibration  stm32f10x_adc.o
    0x08002130   0x08002130   0x00000002   Code   RO         1424    i.DMA1_Channel1_Event  dma_stm32f10x.o
    0x08002132   0x08002132   0x00000002   PAD
    0x08002134   0x08002134   0x0000001c   Code   RO         1425    i.DMA1_Channel1_IRQHandler  dma_stm32f10x.o
    0x08002150   0x08002150   0x00000002   Code   RO         1426    i.DMA1_Channel2_Event  dma_stm32f10x.o
    0x08002152   0x08002152   0x00000002   PAD
    0x08002154   0x08002154   0x0000001c   Code   RO         1427    i.DMA1_Channel2_IRQHandler  dma_stm32f10x.o
    0x08002170   0x08002170   0x00000002   Code   RO         1428    i.DMA1_Channel3_Event  dma_stm32f10x.o
    0x08002172   0x08002172   0x00000002   PAD
    0x08002174   0x08002174   0x0000001c   Code   RO         1429    i.DMA1_Channel3_IRQHandler  dma_stm32f10x.o
    0x08002190   0x08002190   0x00000010   Code   RO          244    i.DMA1_Channel4_Event  usart_stm32f10x.o
    0x080021a0   0x080021a0   0x0000001c   Code   RO         1431    i.DMA1_Channel4_IRQHandler  dma_stm32f10x.o
    0x080021bc   0x080021bc   0x00000010   Code   RO          245    i.DMA1_Channel5_Event  usart_stm32f10x.o
    0x080021cc   0x080021cc   0x0000001c   Code   RO         1433    i.DMA1_Channel5_IRQHandler  dma_stm32f10x.o
    0x080021e8   0x080021e8   0x00000002   Code   RO         1434    i.DMA1_Channel6_Event  dma_stm32f10x.o
    0x080021ea   0x080021ea   0x00000002   PAD
    0x080021ec   0x080021ec   0x0000001c   Code   RO         1435    i.DMA1_Channel6_IRQHandler  dma_stm32f10x.o
    0x08002208   0x08002208   0x00000002   Code   RO         1436    i.DMA1_Channel7_Event  dma_stm32f10x.o
    0x0800220a   0x0800220a   0x00000002   PAD
    0x0800220c   0x0800220c   0x0000001c   Code   RO         1437    i.DMA1_Channel7_IRQHandler  dma_stm32f10x.o
    0x08002228   0x08002228   0x00000002   Code   RO         1438    i.DMA2_Channel1_Event  dma_stm32f10x.o
    0x0800222a   0x0800222a   0x00000002   PAD
    0x0800222c   0x0800222c   0x0000001c   Code   RO         1439    i.DMA2_Channel1_IRQHandler  dma_stm32f10x.o
    0x08002248   0x08002248   0x00000002   Code   RO         1440    i.DMA2_Channel2_Event  dma_stm32f10x.o
    0x0800224a   0x0800224a   0x00000002   PAD
    0x0800224c   0x0800224c   0x00000020   Code   RO         1441    i.DMA2_Channel2_IRQHandler  dma_stm32f10x.o
    0x0800226c   0x0800226c   0x00000002   Code   RO         1442    i.DMA2_Channel3_Event  dma_stm32f10x.o
    0x0800226e   0x0800226e   0x00000002   PAD
    0x08002270   0x08002270   0x00000020   Code   RO         1443    i.DMA2_Channel3_IRQHandler  dma_stm32f10x.o
    0x08002290   0x08002290   0x00000038   Code   RO         1444    i.DMA2_Channel4_5_IRQHandler  dma_stm32f10x.o
    0x080022c8   0x080022c8   0x00000002   Code   RO         1445    i.DMA2_Channel4_Event  dma_stm32f10x.o
    0x080022ca   0x080022ca   0x00000002   Code   RO         1447    i.DMA2_Channel5_Event  dma_stm32f10x.o
    0x080022cc   0x080022cc   0x000001d0   Code   RO         1448    i.DMA_ChannelInitialize  dma_stm32f10x.o
    0x0800249c   0x0800249c   0x00000164   Code   RO         1449    i.DMA_ChannelUninitialize  dma_stm32f10x.o
    0x08002600   0x08002600   0x00000018   Code   RO          812    i.DMA_Cmd           stm32f10x_dma.o
    0x08002618   0x08002618   0x0000014c   Code   RO          813    i.DMA_DeInit        stm32f10x_dma.o
    0x08002764   0x08002764   0x0000003c   Code   RO          818    i.DMA_Init          stm32f10x_dma.o
    0x080027a0   0x080027a0   0x0000009c   Code   RO         1622    i.GPIO_AFConfigure  gpio_stm32f10x.o
    0x0800283c   0x0800283c   0x00000098   Code   RO         1623    i.GPIO_GetPortClockState  gpio_stm32f10x.o
    0x080028d4   0x080028d4   0x00000116   Code   RO          900    i.GPIO_Init         stm32f10x_gpio.o
    0x080029ea   0x080029ea   0x00000078   Code   RO         1624    i.GPIO_PinConfigure  gpio_stm32f10x.o
    0x08002a62   0x08002a62   0x00000002   PAD
    0x08002a64   0x08002a64   0x0000013c   Code   RO         1625    i.GPIO_PortClock    gpio_stm32f10x.o
    0x08002ba0   0x08002ba0   0x00000018   Code   RO         1020    i.RCC_ADCCLKConfig  stm32f10x_rcc.o
    0x08002bb8   0x08002bb8   0x00000020   Code   RO         1021    i.RCC_AHBPeriphClockCmd  stm32f10x_rcc.o
    0x08002bd8   0x08002bd8   0x00000020   Code   RO         1024    i.RCC_APB2PeriphClockCmd  stm32f10x_rcc.o
    0x08002bf8   0x08002bf8   0x00000020   Code   RO         1025    i.RCC_APB2PeriphResetCmd  stm32f10x_rcc.o
    0x08002c18   0x08002c18   0x00000008   Code   RO         1674    i.SetSysClock       system_stm32f10x.o
    0x08002c20   0x08002c20   0x000000e0   Code   RO         1675    i.SetSysClockTo72   system_stm32f10x.o
    0x08002d00   0x08002d00   0x00000060   Code   RO         1677    i.SystemInit        system_stm32f10x.o
    0x08002d60   0x08002d60   0x00000018   Code   RO          246    i.USART1_Control    usart_stm32f10x.o
    0x08002d78   0x08002d78   0x00000010   Code   RO          247    i.USART1_GetCapabilities  usart_stm32f10x.o
    0x08002d88   0x08002d88   0x00000010   Code   RO          248    i.USART1_GetModemStatus  usart_stm32f10x.o
    0x08002d98   0x08002d98   0x00000010   Code   RO          249    i.USART1_GetRxCount  usart_stm32f10x.o
    0x08002da8   0x08002da8   0x00000010   Code   RO          250    i.USART1_GetStatus  usart_stm32f10x.o
    0x08002db8   0x08002db8   0x00000010   Code   RO          251    i.USART1_GetTxCount  usart_stm32f10x.o
    0x08002dc8   0x08002dc8   0x00000010   Code   RO          252    i.USART1_IRQHandler  usart_stm32f10x.o
    0x08002dd8   0x08002dd8   0x00000014   Code   RO          253    i.USART1_Initialize  usart_stm32f10x.o
    0x08002dec   0x08002dec   0x00000014   Code   RO          254    i.USART1_PowerControl  usart_stm32f10x.o
    0x08002e00   0x08002e00   0x00000018   Code   RO          255    i.USART1_Receive    usart_stm32f10x.o
    0x08002e18   0x08002e18   0x00000018   Code   RO          256    i.USART1_Send       usart_stm32f10x.o
    0x08002e30   0x08002e30   0x00000014   Code   RO          257    i.USART1_SetModemControl  usart_stm32f10x.o
    0x08002e44   0x08002e44   0x0000001c   Code   RO          258    i.USART1_Transfer   usart_stm32f10x.o
    0x08002e60   0x08002e60   0x00000010   Code   RO          259    i.USART1_Uninitialize  usart_stm32f10x.o
    0x08002e70   0x08002e70   0x00000820   Code   RO          260    i.USART_Control     usart_stm32f10x.o
    0x08003690   0x08003690   0x00000006   Code   RO          261    i.USART_GetCapabilities  usart_stm32f10x.o
    0x08003696   0x08003696   0x00000056   Code   RO          262    i.USART_GetModemStatus  usart_stm32f10x.o
    0x080036ec   0x080036ec   0x0000001a   Code   RO          263    i.USART_GetRxCount  usart_stm32f10x.o
    0x08003706   0x08003706   0x00000076   Code   RO          264    i.USART_GetStatus   usart_stm32f10x.o
    0x0800377c   0x0800377c   0x0000001a   Code   RO          265    i.USART_GetTxCount  usart_stm32f10x.o
    0x08003796   0x08003796   0x00000270   Code   RO          266    i.USART_IRQHandler  usart_stm32f10x.o
    0x08003a06   0x08003a06   0x000000a2   Code   RO          267    i.USART_Initialize  usart_stm32f10x.o
    0x08003aa8   0x08003aa8   0x000000d8   Code   RO          268    i.USART_PeripheralReset  usart_stm32f10x.o
    0x08003b80   0x08003b80   0x00000250   Code   RO          269    i.USART_PowerControl  usart_stm32f10x.o
    0x08003dd0   0x08003dd0   0x00000082   Code   RO          270    i.USART_RX_DMA_Complete  usart_stm32f10x.o
    0x08003e52   0x08003e52   0x00000122   Code   RO          271    i.USART_Receive     usart_stm32f10x.o
    0x08003f74   0x08003f74   0x000000f6   Code   RO          272    i.USART_Send        usart_stm32f10x.o
    0x0800406a   0x0800406a   0x0000009c   Code   RO          273    i.USART_SetModemControl  usart_stm32f10x.o
    0x08004106   0x08004106   0x0000004a   Code   RO          274    i.USART_TX_DMA_Complete  usart_stm32f10x.o
    0x08004150   0x08004150   0x0000006a   Code   RO          275    i.USART_Transfer    usart_stm32f10x.o
    0x080041ba   0x080041ba   0x0000006c   Code   RO          276    i.USART_Uninitialize  usart_stm32f10x.o
    0x08004226   0x08004226   0x00000002   PAD
    0x08004228   0x08004228   0x00000010   Code   RO          277    i.USARTx_GetVersion  usart_stm32f10x.o
    0x08004238   0x08004238   0x00000028   Code   RO         3099    i.__ARM_fpclassify  m_ws.l(fpclassify.o)
    0x08004260   0x08004260   0x0000001c   Code   RO         1450    i.__NVIC_ClearPendingIRQ  dma_stm32f10x.o
    0x0800427c   0x0800427c   0x00000024   Code   RO         1451    i.__NVIC_DisableIRQ  dma_stm32f10x.o
    0x080042a0   0x080042a0   0x00000022   Code   RO         1452    i.__NVIC_EnableIRQ  dma_stm32f10x.o
    0x080042c2   0x080042c2   0x00000002   PAD
    0x080042c4   0x080042c4   0x0000002c   Code   RO          184    i.__user_perthread_libspace  rtx_conf_cm.o
    0x080042f0   0x080042f0   0x00000046   Code   RO         2814    i._init_box         RTX_CM3.lib(rt_membox.o)
    0x08004336   0x08004336   0x00000002   PAD
    0x08004338   0x08004338   0x00000020   Code   RO          185    i._mutex_acquire    rtx_conf_cm.o
    0x08004358   0x08004358   0x0000002c   Code   RO          186    i._mutex_initialize  rtx_conf_cm.o
    0x08004384   0x08004384   0x0000001c   Code   RO          187    i._mutex_release    rtx_conf_cm.o
    0x080043a0   0x080043a0   0x00000026   Code   RO          461    i._sys_close        retarget_io.o
    0x080043c6   0x080043c6   0x00000024   Code   RO          462    i._sys_flen         retarget_io.o
    0x080043ea   0x080043ea   0x00000024   Code   RO          463    i._sys_istty        retarget_io.o
    0x0800440e   0x0800440e   0x00000002   PAD
    0x08004410   0x08004410   0x00000068   Code   RO          464    i._sys_open         retarget_io.o
    0x08004478   0x08004478   0x0000002c   Code   RO          466    i._sys_seek         retarget_io.o
    0x080044a4   0x080044a4   0x00000046   Code   RO          467    i._sys_write        retarget_io.o
    0x080044ea   0x080044ea   0x00000002   PAD
    0x080044ec   0x080044ec   0x00000030   Code   RO         2867    i.dbg_init          RTX_CM3.lib(hal_cm.o)
    0x0800451c   0x0800451c   0x00000020   Code   RO         2868    i.dbg_task_notify   RTX_CM3.lib(hal_cm.o)
    0x0800453c   0x0800453c   0x00000010   Code   RO         2869    i.dbg_task_switch   RTX_CM3.lib(hal_cm.o)
    0x0800454c   0x0800454c   0x00000020   Code   RO            4    i.delay_ms          main.o
    0x0800456c   0x0800456c   0x0000001a   Code   RO         3083    i.fputc             c_w.l(fputc.o)
    0x08004586   0x08004586   0x0000002a   Code   RO         1720    i.isrMessageGet     RTX_CM3.lib(rt_cmsis.o)
    0x080045b0   0x080045b0   0x0000002c   Code   RO         1721    i.isrMessagePut     RTX_CM3.lib(rt_cmsis.o)
    0x080045dc   0x080045dc   0x00000056   Code   RO         2669    i.isr_mbx_receive   RTX_CM3.lib(rt_mailbox.o)
    0x08004632   0x08004632   0x0000000e   Code   RO         2670    i.isr_mbx_send      RTX_CM3.lib(rt_mailbox.o)
    0x08004640   0x08004640   0x0000012c   Code   RO            5    i.main              main.o
    0x0800476c   0x0800476c   0x00000024   Code   RO         1725    i.osKernelInitialize  RTX_CM3.lib(rt_cmsis.o)
    0x08004790   0x08004790   0x0000006c   Code   RO         1727    i.osKernelStart     RTX_CM3.lib(rt_cmsis.o)
    0x080047fc   0x080047fc   0x00000018   Code   RO         1736    i.osMessageGet      RTX_CM3.lib(rt_cmsis.o)
    0x08004814   0x08004814   0x0000002c   Code   RO         1753    i.osThreadCreate    RTX_CM3.lib(rt_cmsis.o)
    0x08004840   0x08004840   0x00000018   Code   RO         1754    i.osThreadExit      RTX_CM3.lib(rt_cmsis.o)
    0x08004858   0x08004858   0x0000000c   Code   RO         1760    i.osTimerCall       RTX_CM3.lib(rt_cmsis.o)
    0x08004864   0x08004864   0x0000002c   Code   RO         1765    i.osTimerThread     RTX_CM3.lib(rt_cmsis.o)
    0x08004890   0x08004890   0x00000022   Code   RO          188    i.os_error          rtx_conf_cm.o
    0x080048b2   0x080048b2   0x00000004   Code   RO          189    i.os_idle_demon     rtx_conf_cm.o
    0x080048b6   0x080048b6   0x00000002   PAD
    0x080048b8   0x080048b8   0x00000028   Code   RO         2461    i.os_tick_init      RTX_CM3.lib(rt_system.o)
    0x080048e0   0x080048e0   0x00000002   Code   RO         2462    i.os_tick_irqack    RTX_CM3.lib(rt_system.o)
    0x080048e2   0x080048e2   0x0000001a   Code   RO         2815    i.rt_alloc_box      RTX_CM3.lib(rt_membox.o)
    0x080048fc   0x080048fc   0x0000003e   Code   RO         2843    i.rt_alloc_mem      RTX_CM3.lib(rt_memory.o)
    0x0800493a   0x0800493a   0x00000002   PAD
    0x0800493c   0x0800493c   0x00000038   Code   RO         2342    i.rt_block          RTX_CM3.lib(rt_task.o)
    0x08004974   0x08004974   0x00000048   Code   RO         2792    i.rt_chk_robin      RTX_CM3.lib(rt_robin.o)
    0x080049bc   0x080049bc   0x00000070   Code   RO         2593    i.rt_dec_dly        RTX_CM3.lib(rt_list.o)
    0x08004a2c   0x08004a2c   0x00000044   Code   RO         2343    i.rt_dispatch       RTX_CM3.lib(rt_task.o)
    0x08004a70   0x08004a70   0x00000050   Code   RO         2554    i.rt_evt_psh        RTX_CM3.lib(rt_event.o)
    0x08004ac0   0x08004ac0   0x0000002c   Code   RO         2816    i.rt_free_box       RTX_CM3.lib(rt_membox.o)
    0x08004aec   0x08004aec   0x00000028   Code   RO         2844    i.rt_free_mem       RTX_CM3.lib(rt_memory.o)
    0x08004b14   0x08004b14   0x00000028   Code   RO         2594    i.rt_get_first      RTX_CM3.lib(rt_list.o)
    0x08004b3c   0x08004b3c   0x00000008   Code   RO         1770    i.rt_id2obj         RTX_CM3.lib(rt_cmsis.o)
    0x08004b44   0x08004b44   0x00000048   Code   RO         2344    i.rt_init_context   RTX_CM3.lib(rt_task.o)
    0x08004b8c   0x08004b8c   0x0000001a   Code   RO         2845    i.rt_init_mem       RTX_CM3.lib(rt_memory.o)
    0x08004ba6   0x08004ba6   0x00000002   PAD
    0x08004ba8   0x08004ba8   0x00000018   Code   RO         2793    i.rt_init_robin     RTX_CM3.lib(rt_robin.o)
    0x08004bc0   0x08004bc0   0x00000080   Code   RO         2870    i.rt_init_stack     RTX_CM3.lib(hal_cm.o)
    0x08004c40   0x08004c40   0x00000008   Code   RO         2671    i.rt_mbx_check      RTX_CM3.lib(rt_mailbox.o)
    0x08004c48   0x08004c48   0x0000001a   Code   RO         2672    i.rt_mbx_init       RTX_CM3.lib(rt_mailbox.o)
    0x08004c62   0x08004c62   0x00000002   PAD
    0x08004c64   0x08004c64   0x000000f0   Code   RO         2673    i.rt_mbx_psh        RTX_CM3.lib(rt_mailbox.o)
    0x08004d54   0x08004d54   0x000000b4   Code   RO         2675    i.rt_mbx_wait       RTX_CM3.lib(rt_mailbox.o)
    0x08004e08   0x08004e08   0x00000044   Code   RO         1771    i.rt_ms2tick        RTX_CM3.lib(rt_cmsis.o)
    0x08004e4c   0x08004e4c   0x00000010   Code   RO         2427    i.rt_mut_init       RTX_CM3.lib(rt_mutex.o)
    0x08004e5c   0x08004e5c   0x000000d8   Code   RO         2428    i.rt_mut_release    RTX_CM3.lib(rt_mutex.o)
    0x08004f34   0x08004f34   0x00000078   Code   RO         2429    i.rt_mut_wait       RTX_CM3.lib(rt_mutex.o)
    0x08004fac   0x08004fac   0x0000007c   Code   RO         2465    i.rt_pop_req        RTX_CM3.lib(rt_system.o)
    0x08005028   0x08005028   0x00000020   Code   RO         2466    i.rt_psh_req        RTX_CM3.lib(rt_system.o)
    0x08005048   0x08005048   0x0000005c   Code   RO         2596    i.rt_psq_enq        RTX_CM3.lib(rt_list.o)
    0x080050a4   0x080050a4   0x00000048   Code   RO         2597    i.rt_put_dly        RTX_CM3.lib(rt_list.o)
    0x080050ec   0x080050ec   0x00000036   Code   RO         2598    i.rt_put_prio       RTX_CM3.lib(rt_list.o)
    0x08005122   0x08005122   0x00000002   PAD
    0x08005124   0x08005124   0x00000014   Code   RO         2599    i.rt_put_rdy_first  RTX_CM3.lib(rt_list.o)
    0x08005138   0x08005138   0x00000034   Code   RO         2600    i.rt_resort_prio    RTX_CM3.lib(rt_list.o)
    0x0800516c   0x0800516c   0x00000006   Code   RO         2871    i.rt_ret_val        RTX_CM3.lib(hal_cm.o)
    0x08005172   0x08005172   0x00000008   Code   RO         2872    i.rt_ret_val2       RTX_CM3.lib(hal_cm.o)
    0x0800517a   0x0800517a   0x00000028   Code   RO         2601    i.rt_rmv_dly        RTX_CM3.lib(rt_list.o)
    0x080051a2   0x080051a2   0x00000002   PAD
    0x080051a4   0x080051a4   0x00000030   Code   RO         2602    i.rt_rmv_list       RTX_CM3.lib(rt_list.o)
    0x080051d4   0x080051d4   0x00000034   Code   RO         2720    i.rt_sem_psh        RTX_CM3.lib(rt_semaphore.o)
    0x08005208   0x08005208   0x00000024   Code   RO         2468    i.rt_stk_check      RTX_CM3.lib(rt_system.o)
    0x0800522c   0x0800522c   0x00000028   Code   RO         2345    i.rt_switch_req     RTX_CM3.lib(rt_task.o)
    0x08005254   0x08005254   0x000000cc   Code   RO         2346    i.rt_sys_init       RTX_CM3.lib(rt_task.o)
    0x08005320   0x08005320   0x00000078   Code   RO         2347    i.rt_sys_start      RTX_CM3.lib(rt_task.o)
    0x08005398   0x08005398   0x00000040   Code   RO         2470    i.rt_systick        RTX_CM3.lib(rt_system.o)
    0x080053d8   0x080053d8   0x00000012   Code   RO         1772    i.rt_tid2ptcb       RTX_CM3.lib(rt_cmsis.o)
    0x080053ea   0x080053ea   0x00000002   PAD
    0x080053ec   0x080053ec   0x00000034   Code   RO         1773    i.rt_timer_insert   RTX_CM3.lib(rt_cmsis.o)
    0x08005420   0x08005420   0x00000088   Code   RO         2348    i.rt_tsk_create     RTX_CM3.lib(rt_task.o)
    0x080054a8   0x080054a8   0x0000017c   Code   RO         2349    i.rt_tsk_delete     RTX_CM3.lib(rt_task.o)
    0x08005624   0x08005624   0x0000007c   Code   RO         2351    i.rt_tsk_prio       RTX_CM3.lib(rt_task.o)
    0x080056a0   0x080056a0   0x00000010   Code   RO         2352    i.rt_tsk_self       RTX_CM3.lib(rt_task.o)
    0x080056b0   0x080056b0   0x00000058   Code   RO           92    i.stdout_init       stdout_usart.o
    0x08005708   0x08005708   0x00000030   Code   RO           93    i.stdout_putchar    stdout_usart.o
    0x08005738   0x08005738   0x00000070   Code   RO         1776    i.svcKernelInitialize  RTX_CM3.lib(rt_cmsis.o)
    0x080057a8   0x080057a8   0x00000048   Code   RO         1778    i.svcKernelStart    RTX_CM3.lib(rt_cmsis.o)
    0x080057f0   0x080057f0   0x00000024   Code   RO         1781    i.svcMessageCreate  RTX_CM3.lib(rt_cmsis.o)
    0x08005814   0x08005814   0x0000003a   Code   RO         1782    i.svcMessageGet     RTX_CM3.lib(rt_cmsis.o)
    0x0800584e   0x0800584e   0x00000002   PAD
    0x08005850   0x08005850   0x0000006c   Code   RO         1796    i.svcThreadCreate   RTX_CM3.lib(rt_cmsis.o)
    0x080058bc   0x080058bc   0x0000001c   Code   RO         1797    i.svcThreadGetId    RTX_CM3.lib(rt_cmsis.o)
    0x080058d8   0x080058d8   0x00000038   Code   RO         1800    i.svcThreadTerminate  RTX_CM3.lib(rt_cmsis.o)
    0x08005910   0x08005910   0x00000018   Code   RO         1802    i.svcTimerCall      RTX_CM3.lib(rt_cmsis.o)
    0x08005928   0x08005928   0x0000005c   Code   RO         1811    i.sysTimerTick      RTX_CM3.lib(rt_cmsis.o)
    0x08005984   0x08005984   0x0000002c   Code   RO         3095    locale$$code        c_w.l(lc_numeric_c.o)
    0x080059b0   0x080059b0   0x00000062   Code   RO         2973    x$fpl$d2f           fz_ws.l(d2f.o)
    0x08005a12   0x08005a12   0x00000002   PAD
    0x08005a14   0x08005a14   0x00000154   Code   RO         2975    x$fpl$dmul          fz_ws.l(dmul.o)
    0x08005b68   0x08005b68   0x0000009c   Code   RO         3009    x$fpl$dnaninf       fz_ws.l(dnaninf.o)
    0x08005c04   0x08005c04   0x0000000c   Code   RO         3011    x$fpl$dretinf       fz_ws.l(dretinf.o)
    0x08005c10   0x08005c10   0x00000056   Code   RO         2977    x$fpl$f2d           fz_ws.l(f2d.o)
    0x08005c66   0x08005c66   0x00000002   PAD
    0x08005c68   0x08005c68   0x00000184   Code   RO         2980    x$fpl$fdiv          fz_ws.l(fdiv.o)
    0x08005dec   0x08005dec   0x00000030   Code   RO         2984    x$fpl$fflt          fz_ws.l(fflt_clz.o)
    0x08005e1c   0x08005e1c   0x0000008c   Code   RO         3013    x$fpl$fnaninf       fz_ws.l(fnaninf.o)
    0x08005ea8   0x08005ea8   0x0000000a   Code   RO         3015    x$fpl$fretinf       fz_ws.l(fretinf.o)
    0x08005eb2   0x08005eb2   0x00000004   Code   RO         2989    x$fpl$printf1       fz_ws.l(printf1.o)
    0x08005eb6   0x08005eb6   0x00000000   Code   RO         3017    x$fpl$usenofp       fz_ws.l(usenofp.o)
    0x08005eb6   0x08005eb6   0x00000002   PAD
    0x08005eb8   0x08005eb8   0x00000068   Data   RO          191    .constdata          rtx_conf_cm.o
    0x08005f20   0x08005f20   0x00000094   Data   RO          279    .constdata          usart_stm32f10x.o
    0x08005fb4   0x08005fb4   0x00000017   Data   RO          468    .constdata          retarget_io.o
    0x08005fcb   0x08005fcb   0x00000001   PAD
    0x08005fcc   0x08005fcc   0x00000094   Data   RO         3056    .constdata          c_w.l(bigflt0.o)
    0x08006060   0x08006060   0x00000020   Data   RO         3387    Region$$Table       anon$$obj.o
    0x08006080   0x08006080   0x0000001c   Data   RO         3094    locale$$data        c_w.l(lc_numeric_c.o)


    Execution Region RW_IRAM1 (Exec base: 0x20000000, Load base: 0x0800609c, Size: 0x00001450, Max: 0x00010000, ABSOLUTE)

    Exec Addr    Load Addr    Size         Type   Attr      Idx    E Section Name        Object

    0x20000000   0x0800609c   0x00000014   Data   RW          192    .data               rtx_conf_cm.o
    0x20000014   0x080060b0   0x00000002   Data   RW         1453    .data               dma_stm32f10x.o
    0x20000016   0x080060b2   0x00000002   PAD
    0x20000018   0x080060b4   0x00000008   Data   RW         1814    .data               RTX_CM3.lib(rt_cmsis.o)
    0x20000020   0x080060bc   0x00000008   Data   RW         2354    .data               RTX_CM3.lib(rt_task.o)
    0x20000028   0x080060c4   0x00000008   Data   RW         2473    .data               RTX_CM3.lib(rt_system.o)
    0x20000030   0x080060cc   0x00000004   Data   RW         2763    .data               RTX_CM3.lib(rt_time.o)
    0x20000034   0x080060d0   0x00000008   Data   RW         2794    .data               RTX_CM3.lib(rt_robin.o)
    0x2000003c   0x080060d8   0x00000001   Data   RW         2873    .data               RTX_CM3.lib(hal_cm.o)
    0x2000003d   0x080060d9   0x00000003   PAD
    0x20000040   0x080060dc   0x00000004   Data   RW         3006    .data               c_w.l(stdio_streams.o)
    0x20000044   0x080060e0   0x00000004   Data   RW         3007    .data               c_w.l(stdio_streams.o)
    0x20000048   0x080060e4   0x00000004   Data   RW         3008    .data               c_w.l(stdio_streams.o)
    0x2000004c   0x080060e8   0x00000004   Data   RW         3167    .data               c_w.l(streamlock.o)
    0x20000050        -       0x0000003c   Zero   RW          132    .bss                adc.o
    0x2000008c   0x080060ec   0x00000004   PAD
    0x20000090        -       0x00000bc8   Zero   RW          190    .bss                rtx_conf_cm.o
    0x20000c58        -       0x00000038   Zero   RW          278    .bss                usart_stm32f10x.o
    0x20000c90        -       0x00000034   Zero   RW         2353    .bss                RTX_CM3.lib(rt_task.o)
    0x20000cc4        -       0x00000030   Zero   RW         2603    .bss                RTX_CM3.lib(rt_list.o)
    0x20000cf4        -       0x00000060   Zero   RW         2931    .bss                c_w.l(libspace.o)
    0x20000d54        -       0x00000054   Zero   RW         3003    .bss                c_w.l(stdio_streams.o)
    0x20000da8        -       0x00000054   Zero   RW         3004    .bss                c_w.l(stdio_streams.o)
    0x20000dfc        -       0x00000054   Zero   RW         3005    .bss                c_w.l(stdio_streams.o)
    0x20000e50        -       0x00000200   Zero   RW         1665    HEAP                startup_stm32f10x_hd.o
    0x20001050        -       0x00000400   Zero   RW         1664    STACK               startup_stm32f10x_hd.o


==============================================================================

Image component sizes


      Code (inc. data)   RO Data    RW Data    ZI Data      Debug   Object Name

       310         22          0          0         60       2697   adc.o
      1282        132          0          2          0      38908   dma_stm32f10x.o
       744         76          0          0          0       6241   gpio_stm32f10x.o
       332        114          0          0          0     236310   main.o
       328         24         23          0          0       5074   retarget_io.o
       214         48        104         20       3016      10275   rtx_conf_cm.o
        64         26        304          0       1536        808   startup_stm32f10x_hd.o
       136         10          0          0          0       7951   stdout_usart.o
       482         24          0          0          0       8398   stm32f10x_adc.o
       416          8          0          0          0       3602   stm32f10x_dma.o
       278          0          0          0          0       2080   stm32f10x_gpio.o
       120         24          0          0          0       2397   stm32f10x_rcc.o
       328         28          0          0          0       1941   system_stm32f10x.o
      5366        182        148          0         56      59174   usart_stm32f10x.o

    ----------------------------------------------------------------------
     10428        718        612         24       4672     385856   Object Totals
         0          0         32          0          0          0   (incl. Generated)
        28          0          1          2          4          0   (incl. Padding)

    ----------------------------------------------------------------------

      Code (inc. data)   RO Data    RW Data    ZI Data      Debug   Library Member Name

       238         24          0          1          0       3244   hal_cm.o
       304         36          0          0          0        756   hal_cm3.o
      1110        138          0          8          0      32233   rt_cmsis.o
        80          4          0          0          0        649   rt_event.o
       530         34          0          0         48       8157   rt_list.o
       554         10          0          0          0       3889   rt_mailbox.o
       140          0          0          0          0       1889   rt_membox.o
       128          0          0          0          0       2267   rt_memory.o
       352         14          0          0          0       2073   rt_mutex.o
        96         22          0          8          0       1134   rt_robin.o
        52          4          0          0          0        565   rt_semaphore.o
       298         52          0          8          0       6139   rt_system.o
      1216        174          0          8         52       9537   rt_task.o
         0          0          0          4          0        206   rt_time.o
         4          4          0          0          0        196   svc_table.o
         8          0          0          0          0         68   __main.o
       104          0          0          0          0         84   __printf.o
         0          0          0          0          0          0   __rtentry.o
        20          0          0          0          0          0   __rtentry2.o
         6          0          0          0          0          0   __rtentry4.o
        52          8          0          0          0          0   __scatter.o
        26          0          0          0          0          0   __scatter_copy.o
        28          0          0          0          0          0   __scatter_zi.o
        48          6          0          0          0         96   _printf_char_common.o
        64          6          0          0          0         84   _printf_char_file_locked.o
         6          0          0          0          0          0   _printf_f.o
      1054          0          0          0          0        216   _printf_fp_dec.o
       128         16          0          0          0         84   _printf_fp_infnan.o
         0          0          0          0          0          0   _printf_percent.o
         4          0          0          0          0          0   _printf_percent_end.o
       228          4        148          0          0         96   bigflt0.o
      1936        128          0          0          0        672   btod.o
        10          0          0          0          0         68   defsig_exit.o
        50          0          0          0          0         88   defsig_general.o
        80         58          0          0          0         76   defsig_rtmem_inner.o
        14          0          0          0          0         80   defsig_rtmem_outer.o
        52         38          0          0          0         76   defsig_rtred_inner.o
        14          0          0          0          0         80   defsig_rtred_outer.o
        18          0          0          0          0         80   exit.o
        76          0          0          0          0         88   fclose.o
       470          0          0          0          0         88   flsbuf.o
       324          8          0          0          0        152   fopen_locked.o
        26          0          0          0          0         68   fputc.o
       248          6          0          0          0         84   fseek.o
        66          0          0          0          0         76   ftell.o
       158          0          0          0          0        128   h1_alloc_mt.o
        62          0          0          0          0         80   h1_extend_mt.o
       118          0          0          0          0        108   h1_free_mt.o
        18          0          0          0          0         84   h1_init_mt.o
         6          0          0          0          0        152   heapauxi.o
         4          0          0          0          0        136   hguard.o
         0          0          0          0          0          0   indicate_semi.o
       138          0          0          0          0        168   init_alloc.o
       456         48          0          0          0        116   initio_locked.o
        44         10         28          0          0         76   lc_numeric_c.o
         2          0          0          0          0          0   libinit.o
        30          0          0          0          0          0   libinit2.o
         2          0          0          0          0          0   libshutdown.o
         6          0          0          0          0          0   libshutdown2.o
         8          4          0          0         96         68   libspace.o
       138          0          0          0          0         80   lludiv10.o
         0          0          0          0          0          0   maybetermalloc1.o
        24          4          0          0          0         84   noretval__2printf.o
         4          0          0          0          0         68   rt_errno_addr_twolibspace.o
        10          0          0          0          0         76   rt_heap_descriptor_twolibspace.o
        10          0          0          0          0         76   rt_locale_twolibspace.o
        78          0          0          0          0         80   rt_memclr_w.o
         2          0          0          0          0          0   rtexit.o
        10          0          0          0          0          0   rtexit2.o
       104          0          0          0          0         88   setvbuf_locked.o
       240          6          0          0          0        156   stdio.o
         0          0          0         12        252          0   stdio_streams.o
       128          0          0          0          0         68   strcmpv7m.o
         0          0          0          4          0          0   streamlock.o
        12          4          0          0          0         68   sys_exit.o
        74          0          0          0          0         80   sys_stackheap_outer.o
        14          0          0          0          0         76   sys_wrch.o
         2          0          0          0          0         68   use_no_semi.o
        98          4          0          0          0         92   d2f.o
       340         12          0          0          0        104   dmul.o
       156          4          0          0          0         92   dnaninf.o
        12          0          0          0          0         68   dretinf.o
        86          4          0          0          0         84   f2d.o
       388         76          0          0          0         96   fdiv.o
        48          0          0          0          0         68   fflt_clz.o
       140          4          0          0          0         84   fnaninf.o
        10          0          0          0          0         68   fretinf.o
         4          0          0          0          0         68   printf1.o
         0          0          0          0          0          0   usenofp.o
        40          0          0          0          0         68   fpclassify.o

    ----------------------------------------------------------------------
     13516        974        176         56        448      78514   Library Totals
        30          0          0          3          0          0   (incl. Padding)

    ----------------------------------------------------------------------

      Code (inc. data)   RO Data    RW Data    ZI Data      Debug   Library Name

      5102        516          0         37        100      72934   RTX_CM3.lib
      7062        354        176         16        348       4688   c_w.l
      1282        104          0          0          0        824   fz_ws.l
        40          0          0          0          0         68   m_ws.l

    ----------------------------------------------------------------------
     13516        974        176         56        448      78514   Library Totals

    ----------------------------------------------------------------------

==============================================================================


      Code (inc. data)   RO Data    RW Data    ZI Data      Debug   

     23944       1692        788         80       5120     452354   Grand Totals
     23944       1692        788         80       5120     452354   ELF Image Totals
     23944       1692        788         80          0          0   ROM Totals

==============================================================================

    Total RO  Size (Code + RO Data)                24732 (  24.15kB)
    Total RW  Size (RW Data + ZI Data)              5200 (   5.08kB)
    Total ROM Size (Code + RO Data + RW Data)      24812 (  24.23kB)

==============================================================================

